[2026-09-22T08:58:18.768+0000] {local_task_job_runner.py:123} INFO - ::group::Pre task execution logs
[2026-09-22T08:58:18.785+0000] {taskinstance.py:2613} INFO - Dependencies all met for dep_context=non-requeueable deps ti=<TaskInstance: stock_elt_pipeline.load manual__2026-09-22T08:40:22.884190+00:00 [queued]>
[2026-09-22T08:58:18.795+0000] {taskinstance.py:2613} INFO - Dependencies all met for dep_context=requeueable deps ti=<TaskInstance: stock_elt_pipeline.load manual__2026-09-22T08:40:22.884190+00:00 [queued]>
[2026-09-22T08:58:18.796+0000] {taskinstance.py:2866} INFO - Starting attempt 4 of 6
[2026-09-22T08:58:18.812+0000] {taskinstance.py:2889} INFO - Executing <Task(BashOperator): load> on 2026-09-22 08:40:22.884190+00:00
[2026-09-22T08:58:18.819+0000] {standard_task_runner.py:104} INFO - Running: ['***', 'tasks', 'run', 'stock_elt_pipeline', 'load', 'manual__2026-09-22T08:40:22.884190+00:00', '--job-id', '17', '--raw', '--subdir', 'DAGS_FOLDER/stock_pipeline_dag.py', '--cfg-path', '/tmp/tmp8dvs0amv']
[2026-09-22T08:58:18.820+0000] {logging_mixin.py:190} WARNING - /home/***/.local/lib/python3.12/site-packages/***/task/task_runner/standard_task_runner.py:70 DeprecationWarning: This process (pid=403) is multi-threaded, use of fork() may lead to deadlocks in the child.
[2026-09-22T08:58:18.822+0000] {standard_task_runner.py:105} INFO - Job 17: Subtask load
[2026-09-22T08:58:18.823+0000] {standard_task_runner.py:72} INFO - Started process 404 to run task
[2026-09-22T08:58:18.873+0000] {task_command.py:467} INFO - Running <TaskInstance: stock_elt_pipeline.load manual__2026-09-22T08:40:22.884190+00:00 [running]> on host d82c040dd174
[2026-09-22T08:58:18.961+0000] {taskinstance.py:3132} INFO - Exporting env vars: AIRFLOW_CTX_DAG_OWNER='keerthi' AIRFLOW_CTX_DAG_ID='stock_elt_pipeline' AIRFLOW_CTX_TASK_ID='load' AIRFLOW_CTX_EXECUTION_DATE='2026-09-22T08:40:22.884190+00:00' AIRFLOW_CTX_TRY_NUMBER='4' AIRFLOW_CTX_DAG_RUN_ID='manual__2026-09-22T08:40:22.884190+00:00'
[2026-09-22T08:58:18.962+0000] {taskinstance.py:731} INFO - ::endgroup::
[2026-09-22T08:58:18.979+0000] {subprocess.py:78} INFO - Tmp dir root location: /tmp
[2026-09-22T08:58:18.981+0000] {subprocess.py:88} INFO - Running command: ['/usr/bin/bash', '-c', 'cd /opt/*** && python src/load.py']
[2026-09-22T08:58:18.990+0000] {subprocess.py:99} INFO - Output:
[2026-09-22T08:58:20.050+0000] {subprocess.py:106} INFO - Load complete. Processed 220 fact rows (duplicates safely skipped).
[2026-09-22T08:58:20.130+0000] {subprocess.py:110} INFO - Command exited with return code 0
[2026-09-22T08:58:20.155+0000] {taskinstance.py:340} INFO - ::group::Post task execution logs
[2026-09-22T08:58:20.156+0000] {taskinstance.py:352} INFO - Marking task as SUCCESS. dag_id=stock_elt_pipeline, task_id=load, run_id=manual__2026-09-22T08:40:22.884190+00:00, execution_date=20260922T084022, start_date=20260922T085818, end_date=20260922T085820
[2026-09-22T08:58:20.204+0000] {local_task_job_runner.py:266} INFO - Task exited with return code 0
[2026-09-22T08:58:20.223+0000] {taskinstance.py:3895} INFO - 1 downstream tasks scheduled from follow-on schedule check
[2026-09-22T08:58:20.227+0000] {local_task_job_runner.py:245} INFO - ::endgroup::
