[2026-09-22T08:51:44.551+0000] {local_task_job_runner.py:123} INFO - ::group::Pre task execution logs
[2026-09-22T08:51:44.570+0000] {taskinstance.py:2613} INFO - Dependencies all met for dep_context=non-requeueable deps ti=<TaskInstance: stock_elt_pipeline.load manual__2026-09-22T08:40:22.884190+00:00 [queued]>
[2026-09-22T08:51:44.581+0000] {taskinstance.py:2613} INFO - Dependencies all met for dep_context=requeueable deps ti=<TaskInstance: stock_elt_pipeline.load manual__2026-09-22T08:40:22.884190+00:00 [queued]>
[2026-09-22T08:51:44.583+0000] {taskinstance.py:2866} INFO - Starting attempt 3 of 3
[2026-09-22T08:51:44.598+0000] {taskinstance.py:2889} INFO - Executing <Task(BashOperator): load> on 2026-09-22 08:40:22.884190+00:00
[2026-09-22T08:51:44.607+0000] {logging_mixin.py:190} WARNING - /home/***/.local/lib/python3.12/site-packages/***/task/task_runner/standard_task_runner.py:70 DeprecationWarning: This process (pid=209) is multi-threaded, use of fork() may lead to deadlocks in the child.
[2026-09-22T08:51:44.610+0000] {standard_task_runner.py:72} INFO - Started process 216 to run task
[2026-09-22T08:51:44.609+0000] {standard_task_runner.py:104} INFO - Running: ['***', 'tasks', 'run', 'stock_elt_pipeline', 'load', 'manual__2026-09-22T08:40:22.884190+00:00', '--job-id', '13', '--raw', '--subdir', 'DAGS_FOLDER/stock_pipeline_dag.py', '--cfg-path', '/tmp/tmph1bv6doc']
[2026-09-22T08:51:44.613+0000] {standard_task_runner.py:105} INFO - Job 13: Subtask load
[2026-09-22T08:51:44.670+0000] {task_command.py:467} INFO - Running <TaskInstance: stock_elt_pipeline.load manual__2026-09-22T08:40:22.884190+00:00 [running]> on host d82c040dd174
[2026-09-22T08:51:44.752+0000] {taskinstance.py:3132} INFO - Exporting env vars: AIRFLOW_CTX_DAG_OWNER='keerthi' AIRFLOW_CTX_DAG_ID='stock_elt_pipeline' AIRFLOW_CTX_TASK_ID='load' AIRFLOW_CTX_EXECUTION_DATE='2026-09-22T08:40:22.884190+00:00' AIRFLOW_CTX_TRY_NUMBER='3' AIRFLOW_CTX_DAG_RUN_ID='manual__2026-09-22T08:40:22.884190+00:00'
[2026-09-22T08:51:44.754+0000] {taskinstance.py:731} INFO - ::endgroup::
[2026-09-22T08:51:44.800+0000] {subprocess.py:78} INFO - Tmp dir root location: /tmp
[2026-09-22T08:51:44.802+0000] {subprocess.py:88} INFO - Running command: ['/usr/bin/bash', '-c', 'cd /opt/*** && python src/load.py']
[2026-09-22T08:51:44.810+0000] {subprocess.py:99} INFO - Output:
[2026-09-22T08:51:47.119+0000] {subprocess.py:106} INFO - Traceback (most recent call last):
[2026-09-22T08:51:47.120+0000] {subprocess.py:106} INFO -   File "/home/***/.local/lib/python3.12/site-packages/sqlalchemy/engine/base.py", line 1910, in _execute_context
[2026-09-22T08:51:47.121+0000] {subprocess.py:106} INFO -     self.dialect.do_execute(
[2026-09-22T08:51:47.124+0000] {subprocess.py:106} INFO -   File "/home/***/.local/lib/python3.12/site-packages/sqlalchemy/engine/default.py", line 736, in do_execute
[2026-09-22T08:51:47.127+0000] {subprocess.py:106} INFO -     cursor.execute(statement, parameters)
[2026-09-22T08:51:47.129+0000] {subprocess.py:106} INFO - psycopg2.errors.UniqueViolation: duplicate key value violates unique constraint "dim_stock_pkey"
[2026-09-22T08:51:47.130+0000] {subprocess.py:106} INFO - DETAIL:  Key (symbol)=(HCLTECH.NS) already exists.
[2026-09-22T08:51:47.131+0000] {subprocess.py:106} INFO - 
[2026-09-22T08:51:47.132+0000] {subprocess.py:106} INFO - 
[2026-09-22T08:51:47.133+0000] {subprocess.py:106} INFO - The above exception was the direct cause of the following exception:
[2026-09-22T08:51:47.134+0000] {subprocess.py:106} INFO - 
[2026-09-22T08:51:47.135+0000] {subprocess.py:106} INFO - Traceback (most recent call last):
[2026-09-22T08:51:47.136+0000] {subprocess.py:106} INFO -   File "/opt/***/src/load.py", line 90, in <module>
[2026-09-22T08:51:47.137+0000] {subprocess.py:106} INFO -     load()
[2026-09-22T08:51:47.139+0000] {subprocess.py:106} INFO -   File "/opt/***/src/load.py", line 55, in load
[2026-09-22T08:51:47.141+0000] {subprocess.py:106} INFO -     stocks.to_sql("dim_stock", conn, if_exists="append", index=False,
[2026-09-22T08:51:47.143+0000] {subprocess.py:106} INFO -   File "/home/***/.local/lib/python3.12/site-packages/pandas/util/_decorators.py", line 333, in wrapper
[2026-09-22T08:51:47.144+0000] {subprocess.py:106} INFO -     return func(*args, **kwargs)
[2026-09-22T08:51:47.146+0000] {subprocess.py:106} INFO -            ^^^^^^^^^^^^^^^^^^^^^
[2026-09-22T08:51:47.147+0000] {subprocess.py:106} INFO -   File "/home/***/.local/lib/python3.12/site-packages/pandas/core/generic.py", line 3008, in to_sql
[2026-09-22T08:51:47.149+0000] {subprocess.py:106} INFO -     return sql.to_sql(
[2026-09-22T08:51:47.151+0000] {subprocess.py:106} INFO -            ^^^^^^^^^^^
[2026-09-22T08:51:47.152+0000] {subprocess.py:106} INFO -   File "/home/***/.local/lib/python3.12/site-packages/pandas/io/sql.py", line 788, in to_sql
[2026-09-22T08:51:47.153+0000] {subprocess.py:106} INFO -     return pandas_sql.to_sql(
[2026-09-22T08:51:47.155+0000] {subprocess.py:106} INFO -            ^^^^^^^^^^^^^^^^^^
[2026-09-22T08:51:47.156+0000] {subprocess.py:106} INFO -   File "/home/***/.local/lib/python3.12/site-packages/pandas/io/sql.py", line 1958, in to_sql
[2026-09-22T08:51:47.158+0000] {subprocess.py:106} INFO -     total_inserted = sql_engine.insert_records(
[2026-09-22T08:51:47.159+0000] {subprocess.py:106} INFO -                      ^^^^^^^^^^^^^^^^^^^^^^^^^^
[2026-09-22T08:51:47.161+0000] {subprocess.py:106} INFO -   File "/home/***/.local/lib/python3.12/site-packages/pandas/io/sql.py", line 1507, in insert_records
[2026-09-22T08:51:47.162+0000] {subprocess.py:106} INFO -     raise err
[2026-09-22T08:51:47.163+0000] {subprocess.py:106} INFO -   File "/home/***/.local/lib/python3.12/site-packages/pandas/io/sql.py", line 1498, in insert_records
[2026-09-22T08:51:47.164+0000] {subprocess.py:106} INFO -     return table.insert(chunksize=chunksize, method=method)
[2026-09-22T08:51:47.165+0000] {subprocess.py:106} INFO -            ^^^^^^^^^^^^^^^^^^^^^^^^^^^^^^^^^^^^^^^^^^^^^^^^
[2026-09-22T08:51:47.166+0000] {subprocess.py:106} INFO -   File "/home/***/.local/lib/python3.12/site-packages/pandas/io/sql.py", line 1059, in insert
[2026-09-22T08:51:47.167+0000] {subprocess.py:106} INFO -     num_inserted = exec_insert(conn, keys, chunk_iter)
[2026-09-22T08:51:47.168+0000] {subprocess.py:106} INFO -                    ^^^^^^^^^^^^^^^^^^^^^^^^^^^^^^^^^^^
[2026-09-22T08:51:47.169+0000] {subprocess.py:106} INFO -   File "/home/***/.local/lib/python3.12/site-packages/pandas/io/sql.py", line 967, in _execute_insert_multi
[2026-09-22T08:51:47.171+0000] {subprocess.py:106} INFO -     result = conn.execute(stmt)
[2026-09-22T08:51:47.172+0000] {subprocess.py:106} INFO -              ^^^^^^^^^^^^^^^^^^
[2026-09-22T08:51:47.174+0000] {subprocess.py:106} INFO -   File "/home/***/.local/lib/python3.12/site-packages/sqlalchemy/engine/base.py", line 1385, in execute
[2026-09-22T08:51:47.175+0000] {subprocess.py:106} INFO -     return meth(self, multiparams, params, _EMPTY_EXECUTION_OPTS)
[2026-09-22T08:51:47.176+0000] {subprocess.py:106} INFO -            ^^^^^^^^^^^^^^^^^^^^^^^^^^^^^^^^^^^^^^^^^^^^^^^^^^^^^^
[2026-09-22T08:51:47.177+0000] {subprocess.py:106} INFO -   File "/home/***/.local/lib/python3.12/site-packages/sqlalchemy/sql/elements.py", line 334, in _execute_on_connection
[2026-09-22T08:51:47.178+0000] {subprocess.py:106} INFO -     return connection._execute_clauseelement(
[2026-09-22T08:51:47.180+0000] {subprocess.py:106} INFO -            ^^^^^^^^^^^^^^^^^^^^^^^^^^^^^^^^^^
[2026-09-22T08:51:47.181+0000] {subprocess.py:106} INFO -   File "/home/***/.local/lib/python3.12/site-packages/sqlalchemy/engine/base.py", line 1577, in _execute_clauseelement
[2026-09-22T08:51:47.182+0000] {subprocess.py:106} INFO -     ret = self._execute_context(
[2026-09-22T08:51:47.184+0000] {subprocess.py:106} INFO -           ^^^^^^^^^^^^^^^^^^^^^^
[2026-09-22T08:51:47.185+0000] {subprocess.py:106} INFO -   File "/home/***/.local/lib/python3.12/site-packages/sqlalchemy/engine/base.py", line 1953, in _execute_context
[2026-09-22T08:51:47.186+0000] {subprocess.py:106} INFO -     self._handle_dbapi_exception(
[2026-09-22T08:51:47.188+0000] {subprocess.py:106} INFO -   File "/home/***/.local/lib/python3.12/site-packages/sqlalchemy/engine/base.py", line 2134, in _handle_dbapi_exception
[2026-09-22T08:51:47.189+0000] {subprocess.py:106} INFO -     util.raise_(
[2026-09-22T08:51:47.190+0000] {subprocess.py:106} INFO -   File "/home/***/.local/lib/python3.12/site-packages/sqlalchemy/util/compat.py", line 211, in raise_
[2026-09-22T08:51:47.191+0000] {subprocess.py:106} INFO -     raise exception
[2026-09-22T08:51:47.192+0000] {subprocess.py:106} INFO -   File "/home/***/.local/lib/python3.12/site-packages/sqlalchemy/engine/base.py", line 1910, in _execute_context
[2026-09-22T08:51:47.193+0000] {subprocess.py:106} INFO -     self.dialect.do_execute(
[2026-09-22T08:51:47.194+0000] {subprocess.py:106} INFO -   File "/home/***/.local/lib/python3.12/site-packages/sqlalchemy/engine/default.py", line 736, in do_execute
[2026-09-22T08:51:47.196+0000] {subprocess.py:106} INFO -     cursor.execute(statement, parameters)
[2026-09-22T08:51:47.197+0000] {subprocess.py:106} INFO - sqlalchemy.exc.IntegrityError: (psycopg2.errors.UniqueViolation) duplicate key value violates unique constraint "dim_stock_pkey"
[2026-09-22T08:51:47.198+0000] {subprocess.py:106} INFO - DETAIL:  Key (symbol)=(HCLTECH.NS) already exists.
[2026-09-22T08:51:47.199+0000] {subprocess.py:106} INFO - 
[2026-09-22T08:51:47.200+0000] {subprocess.py:106} INFO - [SQL: INSERT INTO dim_stock (symbol, company_name) VALUES (%(symbol_m0)s, %(company_name_m0)s), (%(symbol_m1)s, %(company_name_m1)s), (%(symbol_m2)s, %(company_name_m2)s), (%(symbol_m3)s, %(company_name_m3)s), (%(symbol_m4)s, %(company_name_m4)s), (%(symbol_m5)s, %(company_name_m5)s), (%(symbol_m6)s, %(company_name_m6)s), (%(symbol_m7)s, %(company_name_m7)s), (%(symbol_m8)s, %(company_name_m8)s), (%(symbol_m9)s, %(company_name_m9)s)]
[2026-09-22T08:51:47.202+0000] {subprocess.py:106} INFO - [parameters: {'symbol_m0': 'HCLTECH.NS', 'company_name_m0': 'HCLTECH', 'symbol_m1': 'HDFCBANK.NS', 'company_name_m1': 'HDFCBANK', 'symbol_m2': 'ICICIBANK.NS', 'company_name_m2': 'ICICIBANK', 'symbol_m3': 'INFY.NS', 'company_name_m3': 'INFY', 'symbol_m4': 'ITC.NS', 'company_name_m4': 'ITC', 'symbol_m5': 'LT.NS', 'company_name_m5': 'LT', 'symbol_m6': 'RELIANCE.NS', 'company_name_m6': 'RELIANCE', 'symbol_m7': 'SBIN.NS', 'company_name_m7': 'SBIN', 'symbol_m8': 'TCS.NS', 'company_name_m8': 'TCS', 'symbol_m9': 'WIPRO.NS', 'company_name_m9': 'WIPRO'}]
[2026-09-22T08:51:47.203+0000] {subprocess.py:106} INFO - (Background on this error at: https://sqlalche.me/e/14/gkpj)
[2026-09-22T08:51:47.260+0000] {subprocess.py:110} INFO - Command exited with return code 1
[2026-09-22T08:51:47.272+0000] {taskinstance.py:3311} ERROR - Task failed with exception
Traceback (most recent call last):
  File "/home/airflow/.local/lib/python3.12/site-packages/airflow/models/taskinstance.py", line 767, in _execute_task
    result = _execute_callable(context=context, **execute_callable_kwargs)
             ^^^^^^^^^^^^^^^^^^^^^^^^^^^^^^^^^^^^^^^^^^^^^^^^^^^^^^^^^^^^^
  File "/home/airflow/.local/lib/python3.12/site-packages/airflow/models/taskinstance.py", line 733, in _execute_callable
    return ExecutionCallableRunner(
           ^^^^^^^^^^^^^^^^^^^^^^^^
  File "/home/airflow/.local/lib/python3.12/site-packages/airflow/utils/operator_helpers.py", line 252, in run
    return self.func(*args, **kwargs)
           ^^^^^^^^^^^^^^^^^^^^^^^^^^
  File "/home/airflow/.local/lib/python3.12/site-packages/airflow/models/baseoperator.py", line 417, in wrapper
    return func(self, *args, **kwargs)
           ^^^^^^^^^^^^^^^^^^^^^^^^^^^
  File "/home/airflow/.local/lib/python3.12/site-packages/airflow/operators/bash.py", line 276, in execute
    raise AirflowException(
airflow.exceptions.AirflowException: Bash command failed. The command returned a non-zero exit code 1.
[2026-09-22T08:51:47.277+0000] {taskinstance.py:1225} INFO - Marking task as FAILED. dag_id=stock_elt_pipeline, task_id=load, run_id=manual__2026-09-22T08:40:22.884190+00:00, execution_date=20260922T084022, start_date=20260922T085144, end_date=20260922T085147
[2026-09-22T08:51:47.292+0000] {taskinstance.py:340} INFO - ::group::Post task execution logs
[2026-09-22T08:51:47.294+0000] {standard_task_runner.py:124} ERROR - Failed to execute job 13 for task load (Bash command failed. The command returned a non-zero exit code 1.; 216)
Traceback (most recent call last):
  File "/home/airflow/.local/lib/python3.12/site-packages/airflow/task/task_runner/standard_task_runner.py", line 117, in _start_by_fork
    ret = args.func(args, dag=self.dag)
          ^^^^^^^^^^^^^^^^^^^^^^^^^^^^^
  File "/home/airflow/.local/lib/python3.12/site-packages/airflow/cli/cli_config.py", line 49, in command
    return func(*args, **kwargs)
           ^^^^^^^^^^^^^^^^^^^^^
  File "/home/airflow/.local/lib/python3.12/site-packages/airflow/utils/cli.py", line 116, in wrapper
    return f(*args, **kwargs)
           ^^^^^^^^^^^^^^^^^^
  File "/home/airflow/.local/lib/python3.12/site-packages/airflow/cli/commands/task_command.py", line 483, in task_run
    task_return_code = _run_task_by_selected_method(args, _dag, ti)
                       ^^^^^^^^^^^^^^^^^^^^^^^^^^^^^^^^^^^^^^^^^^^^
  File "/home/airflow/.local/lib/python3.12/site-packages/airflow/cli/commands/task_command.py", line 256, in _run_task_by_selected_method
    return _run_raw_task(args, ti)
           ^^^^^^^^^^^^^^^^^^^^^^^
  File "/home/airflow/.local/lib/python3.12/site-packages/airflow/cli/commands/task_command.py", line 341, in _run_raw_task
    return ti._run_raw_task(
           ^^^^^^^^^^^^^^^^^
  File "/home/airflow/.local/lib/python3.12/site-packages/airflow/utils/session.py", line 97, in wrapper
    return func(*args, session=session, **kwargs)
           ^^^^^^^^^^^^^^^^^^^^^^^^^^^^^^^^^^^^^^
  File "/home/airflow/.local/lib/python3.12/site-packages/airflow/models/taskinstance.py", line 3005, in _run_raw_task
    return _run_raw_task(
           ^^^^^^^^^^^^^^
  File "/home/airflow/.local/lib/python3.12/site-packages/airflow/models/taskinstance.py", line 273, in _run_raw_task
    TaskInstance._execute_task_with_callbacks(
  File "/home/airflow/.local/lib/python3.12/site-packages/airflow/models/taskinstance.py", line 3159, in _execute_task_with_callbacks
    result = self._execute_task(context, task_orig)
             ^^^^^^^^^^^^^^^^^^^^^^^^^^^^^^^^^^^^^^
  File "/home/airflow/.local/lib/python3.12/site-packages/airflow/models/taskinstance.py", line 3183, in _execute_task
    return _execute_task(self, context, task_orig)
           ^^^^^^^^^^^^^^^^^^^^^^^^^^^^^^^^^^^^^^^
  File "/home/airflow/.local/lib/python3.12/site-packages/airflow/models/taskinstance.py", line 767, in _execute_task
    result = _execute_callable(context=context, **execute_callable_kwargs)
             ^^^^^^^^^^^^^^^^^^^^^^^^^^^^^^^^^^^^^^^^^^^^^^^^^^^^^^^^^^^^^
  File "/home/airflow/.local/lib/python3.12/site-packages/airflow/models/taskinstance.py", line 733, in _execute_callable
    return ExecutionCallableRunner(
           ^^^^^^^^^^^^^^^^^^^^^^^^
  File "/home/airflow/.local/lib/python3.12/site-packages/airflow/utils/operator_helpers.py", line 252, in run
    return self.func(*args, **kwargs)
           ^^^^^^^^^^^^^^^^^^^^^^^^^^
  File "/home/airflow/.local/lib/python3.12/site-packages/airflow/models/baseoperator.py", line 417, in wrapper
    return func(self, *args, **kwargs)
           ^^^^^^^^^^^^^^^^^^^^^^^^^^^
  File "/home/airflow/.local/lib/python3.12/site-packages/airflow/operators/bash.py", line 276, in execute
    raise AirflowException(
airflow.exceptions.AirflowException: Bash command failed. The command returned a non-zero exit code 1.
[2026-09-22T08:51:47.318+0000] {local_task_job_runner.py:266} INFO - Task exited with return code 1
[2026-09-22T08:51:47.336+0000] {taskinstance.py:3895} INFO - 0 downstream tasks scheduled from follow-on schedule check
[2026-09-22T08:51:47.343+0000] {local_task_job_runner.py:245} INFO - ::endgroup::
