[2026-09-22T08:45:47.362+0000] {local_task_job_runner.py:123} INFO - ::group::Pre task execution logs
[2026-09-22T08:45:47.377+0000] {taskinstance.py:2613} INFO - Dependencies all met for dep_context=non-requeueable deps ti=<TaskInstance: stock_elt_pipeline.load manual__2026-09-22T08:40:22.884190+00:00 [queued]>
[2026-09-22T08:45:47.388+0000] {taskinstance.py:2613} INFO - Dependencies all met for dep_context=requeueable deps ti=<TaskInstance: stock_elt_pipeline.load manual__2026-09-22T08:40:22.884190+00:00 [queued]>
[2026-09-22T08:45:47.390+0000] {taskinstance.py:2866} INFO - Starting attempt 2 of 3
[2026-09-22T08:45:47.403+0000] {taskinstance.py:2889} INFO - Executing <Task(BashOperator): load> on 2026-09-22 08:40:22.884190+00:00
[2026-09-22T08:45:47.410+0000] {logging_mixin.py:190} WARNING - /home/***/.local/lib/python3.12/site-packages/***/task/task_runner/standard_task_runner.py:70 DeprecationWarning: This process (pid=1006) is multi-threaded, use of fork() may lead to deadlocks in the child.
[2026-09-22T08:45:47.410+0000] {standard_task_runner.py:104} INFO - Running: ['***', 'tasks', 'run', 'stock_elt_pipeline', 'load', 'manual__2026-09-22T08:40:22.884190+00:00', '--job-id', '10', '--raw', '--subdir', 'DAGS_FOLDER/stock_pipeline_dag.py', '--cfg-path', '/tmp/tmp4cy0p4x3']
[2026-09-22T08:45:47.411+0000] {standard_task_runner.py:72} INFO - Started process 1007 to run task
[2026-09-22T08:45:47.413+0000] {standard_task_runner.py:105} INFO - Job 10: Subtask load
[2026-09-22T08:45:47.459+0000] {task_command.py:467} INFO - Running <TaskInstance: stock_elt_pipeline.load manual__2026-09-22T08:40:22.884190+00:00 [running]> on host 39abfacf40a6
[2026-09-22T08:45:47.524+0000] {taskinstance.py:3132} INFO - Exporting env vars: AIRFLOW_CTX_DAG_OWNER='keerthi' AIRFLOW_CTX_DAG_ID='stock_elt_pipeline' AIRFLOW_CTX_TASK_ID='load' AIRFLOW_CTX_EXECUTION_DATE='2026-09-22T08:40:22.884190+00:00' AIRFLOW_CTX_TRY_NUMBER='2' AIRFLOW_CTX_DAG_RUN_ID='manual__2026-09-22T08:40:22.884190+00:00'
[2026-09-22T08:45:47.526+0000] {taskinstance.py:731} INFO - ::endgroup::
[2026-09-22T08:45:47.542+0000] {subprocess.py:78} INFO - Tmp dir root location: /tmp
[2026-09-22T08:45:47.544+0000] {subprocess.py:88} INFO - Running command: ['/usr/bin/bash', '-c', 'cd /opt/*** && python src/load.py']
[2026-09-22T08:45:47.552+0000] {subprocess.py:99} INFO - Output:
[2026-09-22T08:45:48.484+0000] {subprocess.py:106} INFO - Traceback (most recent call last):
[2026-09-22T08:45:48.490+0000] {subprocess.py:106} INFO -   File "/home/***/.local/lib/python3.12/site-packages/sqlalchemy/engine/base.py", line 3371, in _wrap_pool_connect
[2026-09-22T08:45:48.491+0000] {subprocess.py:106} INFO -     return fn()
[2026-09-22T08:45:48.492+0000] {subprocess.py:106} INFO -            ^^^^
[2026-09-22T08:45:48.493+0000] {subprocess.py:106} INFO -   File "/home/***/.local/lib/python3.12/site-packages/sqlalchemy/pool/base.py", line 327, in connect
[2026-09-22T08:45:48.494+0000] {subprocess.py:106} INFO -     return _ConnectionFairy._checkout(self)
[2026-09-22T08:45:48.497+0000] {subprocess.py:106} INFO -            ^^^^^^^^^^^^^^^^^^^^^^^^^^^^^^^^
[2026-09-22T08:45:48.498+0000] {subprocess.py:106} INFO -   File "/home/***/.local/lib/python3.12/site-packages/sqlalchemy/pool/base.py", line 894, in _checkout
[2026-09-22T08:45:48.499+0000] {subprocess.py:106} INFO -     fairy = _ConnectionRecord.checkout(pool)
[2026-09-22T08:45:48.500+0000] {subprocess.py:106} INFO -             ^^^^^^^^^^^^^^^^^^^^^^^^^^^^^^^^
[2026-09-22T08:45:48.502+0000] {subprocess.py:106} INFO -   File "/home/***/.local/lib/python3.12/site-packages/sqlalchemy/pool/base.py", line 493, in checkout
[2026-09-22T08:45:48.503+0000] {subprocess.py:106} INFO -     rec = pool._do_get()
[2026-09-22T08:45:48.504+0000] {subprocess.py:106} INFO -           ^^^^^^^^^^^^^^
[2026-09-22T08:45:48.504+0000] {subprocess.py:106} INFO -   File "/home/***/.local/lib/python3.12/site-packages/sqlalchemy/pool/impl.py", line 145, in _do_get
[2026-09-22T08:45:48.505+0000] {subprocess.py:106} INFO -     with util.safe_reraise():
[2026-09-22T08:45:48.507+0000] {subprocess.py:106} INFO -          ^^^^^^^^^^^^^^^^^^^
[2026-09-22T08:45:48.508+0000] {subprocess.py:106} INFO -   File "/home/***/.local/lib/python3.12/site-packages/sqlalchemy/util/langhelpers.py", line 70, in __exit__
[2026-09-22T08:45:48.509+0000] {subprocess.py:106} INFO -     compat.raise_(
[2026-09-22T08:45:48.510+0000] {subprocess.py:106} INFO -   File "/home/***/.local/lib/python3.12/site-packages/sqlalchemy/util/compat.py", line 211, in raise_
[2026-09-22T08:45:48.511+0000] {subprocess.py:106} INFO -     raise exception
[2026-09-22T08:45:48.512+0000] {subprocess.py:106} INFO -   File "/home/***/.local/lib/python3.12/site-packages/sqlalchemy/pool/impl.py", line 143, in _do_get
[2026-09-22T08:45:48.514+0000] {subprocess.py:106} INFO -     return self._create_connection()
[2026-09-22T08:45:48.515+0000] {subprocess.py:106} INFO -            ^^^^^^^^^^^^^^^^^^^^^^^^^
[2026-09-22T08:45:48.516+0000] {subprocess.py:106} INFO -   File "/home/***/.local/lib/python3.12/site-packages/sqlalchemy/pool/base.py", line 273, in _create_connection
[2026-09-22T08:45:48.517+0000] {subprocess.py:106} INFO -     return _ConnectionRecord(self)
[2026-09-22T08:45:48.518+0000] {subprocess.py:106} INFO -            ^^^^^^^^^^^^^^^^^^^^^^^
[2026-09-22T08:45:48.519+0000] {subprocess.py:106} INFO -   File "/home/***/.local/lib/python3.12/site-packages/sqlalchemy/pool/base.py", line 388, in __init__
[2026-09-22T08:45:48.520+0000] {subprocess.py:106} INFO -     self.__connect()
[2026-09-22T08:45:48.520+0000] {subprocess.py:106} INFO -   File "/home/***/.local/lib/python3.12/site-packages/sqlalchemy/pool/base.py", line 690, in __connect
[2026-09-22T08:45:48.522+0000] {subprocess.py:106} INFO -     with util.safe_reraise():
[2026-09-22T08:45:48.522+0000] {subprocess.py:106} INFO -          ^^^^^^^^^^^^^^^^^^^
[2026-09-22T08:45:48.523+0000] {subprocess.py:106} INFO -   File "/home/***/.local/lib/python3.12/site-packages/sqlalchemy/util/langhelpers.py", line 70, in __exit__
[2026-09-22T08:45:48.524+0000] {subprocess.py:106} INFO -     compat.raise_(
[2026-09-22T08:45:48.525+0000] {subprocess.py:106} INFO -   File "/home/***/.local/lib/python3.12/site-packages/sqlalchemy/util/compat.py", line 211, in raise_
[2026-09-22T08:45:48.526+0000] {subprocess.py:106} INFO -     raise exception
[2026-09-22T08:45:48.527+0000] {subprocess.py:106} INFO -   File "/home/***/.local/lib/python3.12/site-packages/sqlalchemy/pool/base.py", line 686, in __connect
[2026-09-22T08:45:48.528+0000] {subprocess.py:106} INFO -     self.dbapi_connection = connection = pool._invoke_creator(self)
[2026-09-22T08:45:48.529+0000] {subprocess.py:106} INFO -                                          ^^^^^^^^^^^^^^^^^^^^^^^^^^
[2026-09-22T08:45:48.531+0000] {subprocess.py:106} INFO -   File "/home/***/.local/lib/python3.12/site-packages/sqlalchemy/engine/create.py", line 574, in connect
[2026-09-22T08:45:48.532+0000] {subprocess.py:106} INFO -     return dialect.connect(*cargs, **cparams)
[2026-09-22T08:45:48.533+0000] {subprocess.py:106} INFO -            ^^^^^^^^^^^^^^^^^^^^^^^^^^^^^^^^^^
[2026-09-22T08:45:48.534+0000] {subprocess.py:106} INFO -   File "/home/***/.local/lib/python3.12/site-packages/sqlalchemy/engine/default.py", line 598, in connect
[2026-09-22T08:45:48.534+0000] {subprocess.py:106} INFO -     return self.dbapi.connect(*cargs, **cparams)
[2026-09-22T08:45:48.535+0000] {subprocess.py:106} INFO -            ^^^^^^^^^^^^^^^^^^^^^^^^^^^^^^^^^^^^^
[2026-09-22T08:45:48.536+0000] {subprocess.py:106} INFO -   File "/home/***/.local/lib/python3.12/site-packages/psycopg2/__init__.py", line 122, in connect
[2026-09-22T08:45:48.537+0000] {subprocess.py:106} INFO -     conn = _connect(dsn, connection_factory=connection_factory, **kwasync)
[2026-09-22T08:45:48.538+0000] {subprocess.py:106} INFO -            ^^^^^^^^^^^^^^^^^^^^^^^^^^^^^^^^^^^^^^^^^^^^^^^^^^^^^^^^^^^^^^^
[2026-09-22T08:45:48.539+0000] {subprocess.py:106} INFO - psycopg2.OperationalError: connection to server at "localhost" (::1), port 5433 failed: Connection refused
[2026-09-22T08:45:48.540+0000] {subprocess.py:106} INFO - 	Is the server running on that host and accepting TCP/IP connections?
[2026-09-22T08:45:48.541+0000] {subprocess.py:106} INFO - connection to server at "localhost" (127.0.0.1), port 5433 failed: Connection refused
[2026-09-22T08:45:48.542+0000] {subprocess.py:106} INFO - 	Is the server running on that host and accepting TCP/IP connections?
[2026-09-22T08:45:48.543+0000] {subprocess.py:106} INFO - 
[2026-09-22T08:45:48.544+0000] {subprocess.py:106} INFO - 
[2026-09-22T08:45:48.544+0000] {subprocess.py:106} INFO - The above exception was the direct cause of the following exception:
[2026-09-22T08:45:48.545+0000] {subprocess.py:106} INFO - 
[2026-09-22T08:45:48.547+0000] {subprocess.py:106} INFO - Traceback (most recent call last):
[2026-09-22T08:45:48.548+0000] {subprocess.py:106} INFO -   File "/opt/***/src/load.py", line 90, in <module>
[2026-09-22T08:45:48.549+0000] {subprocess.py:106} INFO -     load()
[2026-09-22T08:45:48.550+0000] {subprocess.py:106} INFO -   File "/opt/***/src/load.py", line 29, in load
[2026-09-22T08:45:48.551+0000] {subprocess.py:106} INFO -     run_ddl(engine)
[2026-09-22T08:45:48.552+0000] {subprocess.py:106} INFO -   File "/opt/***/src/load.py", line 20, in run_ddl
[2026-09-22T08:45:48.553+0000] {subprocess.py:106} INFO -     with engine.begin() as conn:
[2026-09-22T08:45:48.554+0000] {subprocess.py:106} INFO -          ^^^^^^^^^^^^^^
[2026-09-22T08:45:48.555+0000] {subprocess.py:106} INFO -   File "/home/***/.local/lib/python3.12/site-packages/sqlalchemy/engine/base.py", line 3153, in begin
[2026-09-22T08:45:48.556+0000] {subprocess.py:106} INFO -     conn = self.connect(close_with_result=close_with_result)
[2026-09-22T08:45:48.557+0000] {subprocess.py:106} INFO -            ^^^^^^^^^^^^^^^^^^^^^^^^^^^^^^^^^^^^^^^^^^^^^^^^^
[2026-09-22T08:45:48.558+0000] {subprocess.py:106} INFO -   File "/home/***/.local/lib/python3.12/site-packages/sqlalchemy/engine/base.py", line 3325, in connect
[2026-09-22T08:45:48.559+0000] {subprocess.py:106} INFO -     return self._connection_cls(self, close_with_result=close_with_result)
[2026-09-22T08:45:48.563+0000] {subprocess.py:106} INFO -            ^^^^^^^^^^^^^^^^^^^^^^^^^^^^^^^^^^^^^^^^^^^^^^^^^^^^^^^^^^^^^^^
[2026-09-22T08:45:48.564+0000] {subprocess.py:106} INFO -   File "/home/***/.local/lib/python3.12/site-packages/sqlalchemy/engine/base.py", line 96, in __init__
[2026-09-22T08:45:48.565+0000] {subprocess.py:106} INFO -     else engine.raw_connection()
[2026-09-22T08:45:48.566+0000] {subprocess.py:106} INFO -          ^^^^^^^^^^^^^^^^^^^^^^^
[2026-09-22T08:45:48.567+0000] {subprocess.py:106} INFO -   File "/home/***/.local/lib/python3.12/site-packages/sqlalchemy/engine/base.py", line 3404, in raw_connection
[2026-09-22T08:45:48.568+0000] {subprocess.py:106} INFO -     return self._wrap_pool_connect(self.pool.connect, _connection)
[2026-09-22T08:45:48.569+0000] {subprocess.py:106} INFO -            ^^^^^^^^^^^^^^^^^^^^^^^^^^^^^^^^^^^^^^^^^^^^^^^^^^^^^^^
[2026-09-22T08:45:48.570+0000] {subprocess.py:106} INFO -   File "/home/***/.local/lib/python3.12/site-packages/sqlalchemy/engine/base.py", line 3374, in _wrap_pool_connect
[2026-09-22T08:45:48.576+0000] {subprocess.py:106} INFO -     Connection._handle_dbapi_exception_noconnection(
[2026-09-22T08:45:48.579+0000] {subprocess.py:106} INFO -   File "/home/***/.local/lib/python3.12/site-packages/sqlalchemy/engine/base.py", line 2208, in _handle_dbapi_exception_noconnection
[2026-09-22T08:45:48.580+0000] {subprocess.py:106} INFO -     util.raise_(
[2026-09-22T08:45:48.582+0000] {subprocess.py:106} INFO -   File "/home/***/.local/lib/python3.12/site-packages/sqlalchemy/util/compat.py", line 211, in raise_
[2026-09-22T08:45:48.584+0000] {subprocess.py:106} INFO -     raise exception
[2026-09-22T08:45:48.585+0000] {subprocess.py:106} INFO -   File "/home/***/.local/lib/python3.12/site-packages/sqlalchemy/engine/base.py", line 3371, in _wrap_pool_connect
[2026-09-22T08:45:48.586+0000] {subprocess.py:106} INFO -     return fn()
[2026-09-22T08:45:48.589+0000] {subprocess.py:106} INFO -            ^^^^
[2026-09-22T08:45:48.591+0000] {subprocess.py:106} INFO -   File "/home/***/.local/lib/python3.12/site-packages/sqlalchemy/pool/base.py", line 327, in connect
[2026-09-22T08:45:48.592+0000] {subprocess.py:106} INFO -     return _ConnectionFairy._checkout(self)
[2026-09-22T08:45:48.594+0000] {subprocess.py:106} INFO -            ^^^^^^^^^^^^^^^^^^^^^^^^^^^^^^^^
[2026-09-22T08:45:48.595+0000] {subprocess.py:106} INFO -   File "/home/***/.local/lib/python3.12/site-packages/sqlalchemy/pool/base.py", line 894, in _checkout
[2026-09-22T08:45:48.596+0000] {subprocess.py:106} INFO -     fairy = _ConnectionRecord.checkout(pool)
[2026-09-22T08:45:48.598+0000] {subprocess.py:106} INFO -             ^^^^^^^^^^^^^^^^^^^^^^^^^^^^^^^^
[2026-09-22T08:45:48.599+0000] {subprocess.py:106} INFO -   File "/home/***/.local/lib/python3.12/site-packages/sqlalchemy/pool/base.py", line 493, in checkout
[2026-09-22T08:45:48.600+0000] {subprocess.py:106} INFO -     rec = pool._do_get()
[2026-09-22T08:45:48.602+0000] {subprocess.py:106} INFO -           ^^^^^^^^^^^^^^
[2026-09-22T08:45:48.603+0000] {subprocess.py:106} INFO -   File "/home/***/.local/lib/python3.12/site-packages/sqlalchemy/pool/impl.py", line 145, in _do_get
[2026-09-22T08:45:48.604+0000] {subprocess.py:106} INFO -     with util.safe_reraise():
[2026-09-22T08:45:48.605+0000] {subprocess.py:106} INFO -          ^^^^^^^^^^^^^^^^^^^
[2026-09-22T08:45:48.606+0000] {subprocess.py:106} INFO -   File "/home/***/.local/lib/python3.12/site-packages/sqlalchemy/util/langhelpers.py", line 70, in __exit__
[2026-09-22T08:45:48.607+0000] {subprocess.py:106} INFO -     compat.raise_(
[2026-09-22T08:45:48.609+0000] {subprocess.py:106} INFO -   File "/home/***/.local/lib/python3.12/site-packages/sqlalchemy/util/compat.py", line 211, in raise_
[2026-09-22T08:45:48.609+0000] {subprocess.py:106} INFO -     raise exception
[2026-09-22T08:45:48.610+0000] {subprocess.py:106} INFO -   File "/home/***/.local/lib/python3.12/site-packages/sqlalchemy/pool/impl.py", line 143, in _do_get
[2026-09-22T08:45:48.611+0000] {subprocess.py:106} INFO -     return self._create_connection()
[2026-09-22T08:45:48.612+0000] {subprocess.py:106} INFO -            ^^^^^^^^^^^^^^^^^^^^^^^^^
[2026-09-22T08:45:48.613+0000] {subprocess.py:106} INFO -   File "/home/***/.local/lib/python3.12/site-packages/sqlalchemy/pool/base.py", line 273, in _create_connection
[2026-09-22T08:45:48.615+0000] {subprocess.py:106} INFO -     return _ConnectionRecord(self)
[2026-09-22T08:45:48.616+0000] {subprocess.py:106} INFO -            ^^^^^^^^^^^^^^^^^^^^^^^
[2026-09-22T08:45:48.617+0000] {subprocess.py:106} INFO -   File "/home/***/.local/lib/python3.12/site-packages/sqlalchemy/pool/base.py", line 388, in __init__
[2026-09-22T08:45:48.618+0000] {subprocess.py:106} INFO -     self.__connect()
[2026-09-22T08:45:48.619+0000] {subprocess.py:106} INFO -   File "/home/***/.local/lib/python3.12/site-packages/sqlalchemy/pool/base.py", line 690, in __connect
[2026-09-22T08:45:48.620+0000] {subprocess.py:106} INFO -     with util.safe_reraise():
[2026-09-22T08:45:48.621+0000] {subprocess.py:106} INFO -          ^^^^^^^^^^^^^^^^^^^
[2026-09-22T08:45:48.621+0000] {subprocess.py:106} INFO -   File "/home/***/.local/lib/python3.12/site-packages/sqlalchemy/util/langhelpers.py", line 70, in __exit__
[2026-09-22T08:45:48.622+0000] {subprocess.py:106} INFO -     compat.raise_(
[2026-09-22T08:45:48.623+0000] {subprocess.py:106} INFO -   File "/home/***/.local/lib/python3.12/site-packages/sqlalchemy/util/compat.py", line 211, in raise_
[2026-09-22T08:45:48.624+0000] {subprocess.py:106} INFO -     raise exception
[2026-09-22T08:45:48.625+0000] {subprocess.py:106} INFO -   File "/home/***/.local/lib/python3.12/site-packages/sqlalchemy/pool/base.py", line 686, in __connect
[2026-09-22T08:45:48.626+0000] {subprocess.py:106} INFO -     self.dbapi_connection = connection = pool._invoke_creator(self)
[2026-09-22T08:45:48.627+0000] {subprocess.py:106} INFO -                                          ^^^^^^^^^^^^^^^^^^^^^^^^^^
[2026-09-22T08:45:48.627+0000] {subprocess.py:106} INFO -   File "/home/***/.local/lib/python3.12/site-packages/sqlalchemy/engine/create.py", line 574, in connect
[2026-09-22T08:45:48.629+0000] {subprocess.py:106} INFO -     return dialect.connect(*cargs, **cparams)
[2026-09-22T08:45:48.630+0000] {subprocess.py:106} INFO -            ^^^^^^^^^^^^^^^^^^^^^^^^^^^^^^^^^^
[2026-09-22T08:45:48.631+0000] {subprocess.py:106} INFO -   File "/home/***/.local/lib/python3.12/site-packages/sqlalchemy/engine/default.py", line 598, in connect
[2026-09-22T08:45:48.632+0000] {subprocess.py:106} INFO -     return self.dbapi.connect(*cargs, **cparams)
[2026-09-22T08:45:48.633+0000] {subprocess.py:106} INFO -            ^^^^^^^^^^^^^^^^^^^^^^^^^^^^^^^^^^^^^
[2026-09-22T08:45:48.634+0000] {subprocess.py:106} INFO -   File "/home/***/.local/lib/python3.12/site-packages/psycopg2/__init__.py", line 122, in connect
[2026-09-22T08:45:48.635+0000] {subprocess.py:106} INFO -     conn = _connect(dsn, connection_factory=connection_factory, **kwasync)
[2026-09-22T08:45:48.635+0000] {subprocess.py:106} INFO -            ^^^^^^^^^^^^^^^^^^^^^^^^^^^^^^^^^^^^^^^^^^^^^^^^^^^^^^^^^^^^^^^
[2026-09-22T08:45:48.636+0000] {subprocess.py:106} INFO - sqlalchemy.exc.OperationalError: (psycopg2.OperationalError) connection to server at "localhost" (::1), port 5433 failed: Connection refused
[2026-09-22T08:45:48.637+0000] {subprocess.py:106} INFO - 	Is the server running on that host and accepting TCP/IP connections?
[2026-09-22T08:45:48.638+0000] {subprocess.py:106} INFO - connection to server at "localhost" (127.0.0.1), port 5433 failed: Connection refused
[2026-09-22T08:45:48.639+0000] {subprocess.py:106} INFO - 	Is the server running on that host and accepting TCP/IP connections?
[2026-09-22T08:45:48.640+0000] {subprocess.py:106} INFO - 
[2026-09-22T08:45:48.641+0000] {subprocess.py:106} INFO - (Background on this error at: https://sqlalche.me/e/14/e3q8)
[2026-09-22T08:45:48.642+0000] {subprocess.py:110} INFO - Command exited with return code 1
[2026-09-22T08:45:48.652+0000] {taskinstance.py:3311} ERROR - Task failed with exception
Traceback (most recent call last):
  File "/home/airflow/.local/lib/python3.12/site-packages/airflow/models/taskinstance.py", line 767, in _execute_task
    result = _execute_callable(context=context, **execute_callable_kwargs)
             ^^^^^^^^^^^^^^^^^^^^^^^^^^^^^^^^^^^^^^^^^^^^^^^^^^^^^^^^^^^^^
  File "/home/airflow/.local/lib/python3.12/site-packages/airflow/models/taskinstance.py", line 733, in _execute_callable
    return ExecutionCallableRunner(
           ^^^^^^^^^^^^^^^^^^^^^^^^
  File "/home/airflow/.local/lib/python3.12/site-packages/airflow/utils/operator_helpers.py", line 252, in run
    return self.func(*args, **kwargs)
           ^^^^^^^^^^^^^^^^^^^^^^^^^^
  File "/home/airflow/.local/lib/python3.12/site-packages/airflow/models/baseoperator.py", line 417, in wrapper
    return func(self, *args, **kwargs)
           ^^^^^^^^^^^^^^^^^^^^^^^^^^^
  File "/home/airflow/.local/lib/python3.12/site-packages/airflow/operators/bash.py", line 276, in execute
    raise AirflowException(
airflow.exceptions.AirflowException: Bash command failed. The command returned a non-zero exit code 1.
[2026-09-22T08:45:48.659+0000] {taskinstance.py:1225} INFO - Marking task as UP_FOR_RETRY. dag_id=stock_elt_pipeline, task_id=load, run_id=manual__2026-09-22T08:40:22.884190+00:00, execution_date=20260922T084022, start_date=20260922T084547, end_date=20260922T084548
[2026-09-22T08:45:48.673+0000] {taskinstance.py:340} INFO - ::group::Post task execution logs
[2026-09-22T08:45:48.675+0000] {standard_task_runner.py:124} ERROR - Failed to execute job 10 for task load (Bash command failed. The command returned a non-zero exit code 1.; 1007)
Traceback (most recent call last):
  File "/home/airflow/.local/lib/python3.12/site-packages/airflow/task/task_runner/standard_task_runner.py", line 117, in _start_by_fork
    ret = args.func(args, dag=self.dag)
          ^^^^^^^^^^^^^^^^^^^^^^^^^^^^^
  File "/home/airflow/.local/lib/python3.12/site-packages/airflow/cli/cli_config.py", line 49, in command
    return func(*args, **kwargs)
           ^^^^^^^^^^^^^^^^^^^^^
  File "/home/airflow/.local/lib/python3.12/site-packages/airflow/utils/cli.py", line 116, in wrapper
    return f(*args, **kwargs)
           ^^^^^^^^^^^^^^^^^^
  File "/home/airflow/.local/lib/python3.12/site-packages/airflow/cli/commands/task_command.py", line 483, in task_run
    task_return_code = _run_task_by_selected_method(args, _dag, ti)
                       ^^^^^^^^^^^^^^^^^^^^^^^^^^^^^^^^^^^^^^^^^^^^
  File "/home/airflow/.local/lib/python3.12/site-packages/airflow/cli/commands/task_command.py", line 256, in _run_task_by_selected_method
    return _run_raw_task(args, ti)
           ^^^^^^^^^^^^^^^^^^^^^^^
  File "/home/airflow/.local/lib/python3.12/site-packages/airflow/cli/commands/task_command.py", line 341, in _run_raw_task
    return ti._run_raw_task(
           ^^^^^^^^^^^^^^^^^
  File "/home/airflow/.local/lib/python3.12/site-packages/airflow/utils/session.py", line 97, in wrapper
    return func(*args, session=session, **kwargs)
           ^^^^^^^^^^^^^^^^^^^^^^^^^^^^^^^^^^^^^^
  File "/home/airflow/.local/lib/python3.12/site-packages/airflow/models/taskinstance.py", line 3005, in _run_raw_task
    return _run_raw_task(
           ^^^^^^^^^^^^^^
  File "/home/airflow/.local/lib/python3.12/site-packages/airflow/models/taskinstance.py", line 273, in _run_raw_task
    TaskInstance._execute_task_with_callbacks(
  File "/home/airflow/.local/lib/python3.12/site-packages/airflow/models/taskinstance.py", line 3159, in _execute_task_with_callbacks
    result = self._execute_task(context, task_orig)
             ^^^^^^^^^^^^^^^^^^^^^^^^^^^^^^^^^^^^^^
  File "/home/airflow/.local/lib/python3.12/site-packages/airflow/models/taskinstance.py", line 3183, in _execute_task
    return _execute_task(self, context, task_orig)
           ^^^^^^^^^^^^^^^^^^^^^^^^^^^^^^^^^^^^^^^
  File "/home/airflow/.local/lib/python3.12/site-packages/airflow/models/taskinstance.py", line 767, in _execute_task
    result = _execute_callable(context=context, **execute_callable_kwargs)
             ^^^^^^^^^^^^^^^^^^^^^^^^^^^^^^^^^^^^^^^^^^^^^^^^^^^^^^^^^^^^^
  File "/home/airflow/.local/lib/python3.12/site-packages/airflow/models/taskinstance.py", line 733, in _execute_callable
    return ExecutionCallableRunner(
           ^^^^^^^^^^^^^^^^^^^^^^^^
  File "/home/airflow/.local/lib/python3.12/site-packages/airflow/utils/operator_helpers.py", line 252, in run
    return self.func(*args, **kwargs)
           ^^^^^^^^^^^^^^^^^^^^^^^^^^
  File "/home/airflow/.local/lib/python3.12/site-packages/airflow/models/baseoperator.py", line 417, in wrapper
    return func(self, *args, **kwargs)
           ^^^^^^^^^^^^^^^^^^^^^^^^^^^
  File "/home/airflow/.local/lib/python3.12/site-packages/airflow/operators/bash.py", line 276, in execute
    raise AirflowException(
airflow.exceptions.AirflowException: Bash command failed. The command returned a non-zero exit code 1.
[2026-09-22T08:45:48.717+0000] {local_task_job_runner.py:266} INFO - Task exited with return code 1
[2026-09-22T08:45:48.739+0000] {taskinstance.py:3895} INFO - 0 downstream tasks scheduled from follow-on schedule check
[2026-09-22T08:45:48.745+0000] {local_task_job_runner.py:245} INFO - ::endgroup::
