[2026-09-22T08:40:45.051+0000] {local_task_job_runner.py:123} INFO - ::group::Pre task execution logs
[2026-09-22T08:40:45.070+0000] {taskinstance.py:2613} INFO - Dependencies all met for dep_context=non-requeueable deps ti=<TaskInstance: stock_elt_pipeline.load manual__2026-09-22T08:40:22.884190+00:00 [queued]>
[2026-09-22T08:40:45.079+0000] {taskinstance.py:2613} INFO - Dependencies all met for dep_context=requeueable deps ti=<TaskInstance: stock_elt_pipeline.load manual__2026-09-22T08:40:22.884190+00:00 [queued]>
[2026-09-22T08:40:45.081+0000] {taskinstance.py:2866} INFO - Starting attempt 1 of 3
[2026-09-22T08:40:45.095+0000] {taskinstance.py:2889} INFO - Executing <Task(BashOperator): load> on 2026-09-22 08:40:22.884190+00:00
[2026-09-22T08:40:45.102+0000] {logging_mixin.py:190} WARNING - /home/***/.local/lib/python3.12/site-packages/***/task/task_runner/standard_task_runner.py:70 DeprecationWarning: This process (pid=924) is multi-threaded, use of fork() may lead to deadlocks in the child.
[2026-09-22T08:40:45.102+0000] {standard_task_runner.py:104} INFO - Running: ['***', 'tasks', 'run', 'stock_elt_pipeline', 'load', 'manual__2026-09-22T08:40:22.884190+00:00', '--job-id', '8', '--raw', '--subdir', 'DAGS_FOLDER/stock_pipeline_dag.py', '--cfg-path', '/tmp/tmpb9tk6w87']
[2026-09-22T08:40:45.104+0000] {standard_task_runner.py:72} INFO - Started process 925 to run task
[2026-09-22T08:40:45.105+0000] {standard_task_runner.py:105} INFO - Job 8: Subtask load
[2026-09-22T08:40:45.153+0000] {task_command.py:467} INFO - Running <TaskInstance: stock_elt_pipeline.load manual__2026-09-22T08:40:22.884190+00:00 [running]> on host 39abfacf40a6
[2026-09-22T08:40:45.249+0000] {taskinstance.py:3132} INFO - Exporting env vars: AIRFLOW_CTX_DAG_OWNER='keerthi' AIRFLOW_CTX_DAG_ID='stock_elt_pipeline' AIRFLOW_CTX_TASK_ID='load' AIRFLOW_CTX_EXECUTION_DATE='2026-09-22T08:40:22.884190+00:00' AIRFLOW_CTX_TRY_NUMBER='1' AIRFLOW_CTX_DAG_RUN_ID='manual__2026-09-22T08:40:22.884190+00:00'
[2026-09-22T08:40:45.251+0000] {taskinstance.py:731} INFO - ::endgroup::
[2026-09-22T08:40:45.264+0000] {subprocess.py:78} INFO - Tmp dir root location: /tmp
[2026-09-22T08:40:45.266+0000] {subprocess.py:88} INFO - Running command: ['/usr/bin/bash', '-c', 'cd /opt/*** && python src/load.py']
[2026-09-22T08:40:45.275+0000] {subprocess.py:99} INFO - Output:
[2026-09-22T08:40:46.139+0000] {subprocess.py:106} INFO - Traceback (most recent call last):
[2026-09-22T08:40:46.141+0000] {subprocess.py:106} INFO -   File "/home/***/.local/lib/python3.12/site-packages/sqlalchemy/engine/base.py", line 3371, in _wrap_pool_connect
[2026-09-22T08:40:46.142+0000] {subprocess.py:106} INFO -     return fn()
[2026-09-22T08:40:46.143+0000] {subprocess.py:106} INFO -            ^^^^
[2026-09-22T08:40:46.144+0000] {subprocess.py:106} INFO -   File "/home/***/.local/lib/python3.12/site-packages/sqlalchemy/pool/base.py", line 327, in connect
[2026-09-22T08:40:46.145+0000] {subprocess.py:106} INFO -     return _ConnectionFairy._checkout(self)
[2026-09-22T08:40:46.145+0000] {subprocess.py:106} INFO -            ^^^^^^^^^^^^^^^^^^^^^^^^^^^^^^^^
[2026-09-22T08:40:46.146+0000] {subprocess.py:106} INFO -   File "/home/***/.local/lib/python3.12/site-packages/sqlalchemy/pool/base.py", line 894, in _checkout
[2026-09-22T08:40:46.147+0000] {subprocess.py:106} INFO -     fairy = _ConnectionRecord.checkout(pool)
[2026-09-22T08:40:46.147+0000] {subprocess.py:106} INFO -             ^^^^^^^^^^^^^^^^^^^^^^^^^^^^^^^^
[2026-09-22T08:40:46.148+0000] {subprocess.py:106} INFO -   File "/home/***/.local/lib/python3.12/site-packages/sqlalchemy/pool/base.py", line 493, in checkout
[2026-09-22T08:40:46.149+0000] {subprocess.py:106} INFO -     rec = pool._do_get()
[2026-09-22T08:40:46.149+0000] {subprocess.py:106} INFO -           ^^^^^^^^^^^^^^
[2026-09-22T08:40:46.150+0000] {subprocess.py:106} INFO -   File "/home/***/.local/lib/python3.12/site-packages/sqlalchemy/pool/impl.py", line 145, in _do_get
[2026-09-22T08:40:46.150+0000] {subprocess.py:106} INFO -     with util.safe_reraise():
[2026-09-22T08:40:46.151+0000] {subprocess.py:106} INFO -          ^^^^^^^^^^^^^^^^^^^
[2026-09-22T08:40:46.152+0000] {subprocess.py:106} INFO -   File "/home/***/.local/lib/python3.12/site-packages/sqlalchemy/util/langhelpers.py", line 70, in __exit__
[2026-09-22T08:40:46.152+0000] {subprocess.py:106} INFO -     compat.raise_(
[2026-09-22T08:40:46.153+0000] {subprocess.py:106} INFO -   File "/home/***/.local/lib/python3.12/site-packages/sqlalchemy/util/compat.py", line 211, in raise_
[2026-09-22T08:40:46.154+0000] {subprocess.py:106} INFO -     raise exception
[2026-09-22T08:40:46.154+0000] {subprocess.py:106} INFO -   File "/home/***/.local/lib/python3.12/site-packages/sqlalchemy/pool/impl.py", line 143, in _do_get
[2026-09-22T08:40:46.155+0000] {subprocess.py:106} INFO -     return self._create_connection()
[2026-09-22T08:40:46.155+0000] {subprocess.py:106} INFO -            ^^^^^^^^^^^^^^^^^^^^^^^^^
[2026-09-22T08:40:46.156+0000] {subprocess.py:106} INFO -   File "/home/***/.local/lib/python3.12/site-packages/sqlalchemy/pool/base.py", line 273, in _create_connection
[2026-09-22T08:40:46.157+0000] {subprocess.py:106} INFO -     return _ConnectionRecord(self)
[2026-09-22T08:40:46.157+0000] {subprocess.py:106} INFO -            ^^^^^^^^^^^^^^^^^^^^^^^
[2026-09-22T08:40:46.158+0000] {subprocess.py:106} INFO -   File "/home/***/.local/lib/python3.12/site-packages/sqlalchemy/pool/base.py", line 388, in __init__
[2026-09-22T08:40:46.158+0000] {subprocess.py:106} INFO -     self.__connect()
[2026-09-22T08:40:46.159+0000] {subprocess.py:106} INFO -   File "/home/***/.local/lib/python3.12/site-packages/sqlalchemy/pool/base.py", line 690, in __connect
[2026-09-22T08:40:46.160+0000] {subprocess.py:106} INFO -     with util.safe_reraise():
[2026-09-22T08:40:46.160+0000] {subprocess.py:106} INFO -          ^^^^^^^^^^^^^^^^^^^
[2026-09-22T08:40:46.161+0000] {subprocess.py:106} INFO -   File "/home/***/.local/lib/python3.12/site-packages/sqlalchemy/util/langhelpers.py", line 70, in __exit__
[2026-09-22T08:40:46.161+0000] {subprocess.py:106} INFO -     compat.raise_(
[2026-09-22T08:40:46.162+0000] {subprocess.py:106} INFO -   File "/home/***/.local/lib/python3.12/site-packages/sqlalchemy/util/compat.py", line 211, in raise_
[2026-09-22T08:40:46.162+0000] {subprocess.py:106} INFO -     raise exception
[2026-09-22T08:40:46.163+0000] {subprocess.py:106} INFO -   File "/home/***/.local/lib/python3.12/site-packages/sqlalchemy/pool/base.py", line 686, in __connect
[2026-09-22T08:40:46.163+0000] {subprocess.py:106} INFO -     self.dbapi_connection = connection = pool._invoke_creator(self)
[2026-09-22T08:40:46.164+0000] {subprocess.py:106} INFO -                                          ^^^^^^^^^^^^^^^^^^^^^^^^^^
[2026-09-22T08:40:46.165+0000] {subprocess.py:106} INFO -   File "/home/***/.local/lib/python3.12/site-packages/sqlalchemy/engine/create.py", line 574, in connect
[2026-09-22T08:40:46.166+0000] {subprocess.py:106} INFO -     return dialect.connect(*cargs, **cparams)
[2026-09-22T08:40:46.166+0000] {subprocess.py:106} INFO -            ^^^^^^^^^^^^^^^^^^^^^^^^^^^^^^^^^^
[2026-09-22T08:40:46.167+0000] {subprocess.py:106} INFO -   File "/home/***/.local/lib/python3.12/site-packages/sqlalchemy/engine/default.py", line 598, in connect
[2026-09-22T08:40:46.167+0000] {subprocess.py:106} INFO -     return self.dbapi.connect(*cargs, **cparams)
[2026-09-22T08:40:46.168+0000] {subprocess.py:106} INFO -            ^^^^^^^^^^^^^^^^^^^^^^^^^^^^^^^^^^^^^
[2026-09-22T08:40:46.168+0000] {subprocess.py:106} INFO -   File "/home/***/.local/lib/python3.12/site-packages/psycopg2/__init__.py", line 122, in connect
[2026-09-22T08:40:46.169+0000] {subprocess.py:106} INFO -     conn = _connect(dsn, connection_factory=connection_factory, **kwasync)
[2026-09-22T08:40:46.169+0000] {subprocess.py:106} INFO -            ^^^^^^^^^^^^^^^^^^^^^^^^^^^^^^^^^^^^^^^^^^^^^^^^^^^^^^^^^^^^^^^
[2026-09-22T08:40:46.170+0000] {subprocess.py:106} INFO - psycopg2.OperationalError: connection to server at "localhost" (::1), port 5433 failed: Connection refused
[2026-09-22T08:40:46.171+0000] {subprocess.py:106} INFO - 	Is the server running on that host and accepting TCP/IP connections?
[2026-09-22T08:40:46.171+0000] {subprocess.py:106} INFO - connection to server at "localhost" (127.0.0.1), port 5433 failed: Connection refused
[2026-09-22T08:40:46.172+0000] {subprocess.py:106} INFO - 	Is the server running on that host and accepting TCP/IP connections?
[2026-09-22T08:40:46.172+0000] {subprocess.py:106} INFO - 
[2026-09-22T08:40:46.174+0000] {subprocess.py:106} INFO - 
[2026-09-22T08:40:46.174+0000] {subprocess.py:106} INFO - The above exception was the direct cause of the following exception:
[2026-09-22T08:40:46.175+0000] {subprocess.py:106} INFO - 
[2026-09-22T08:40:46.176+0000] {subprocess.py:106} INFO - Traceback (most recent call last):
[2026-09-22T08:40:46.177+0000] {subprocess.py:106} INFO -   File "/opt/***/src/load.py", line 90, in <module>
[2026-09-22T08:40:46.178+0000] {subprocess.py:106} INFO -     load()
[2026-09-22T08:40:46.179+0000] {subprocess.py:106} INFO -   File "/opt/***/src/load.py", line 29, in load
[2026-09-22T08:40:46.180+0000] {subprocess.py:106} INFO -     run_ddl(engine)
[2026-09-22T08:40:46.181+0000] {subprocess.py:106} INFO -   File "/opt/***/src/load.py", line 20, in run_ddl
[2026-09-22T08:40:46.183+0000] {subprocess.py:106} INFO -     with engine.begin() as conn:
[2026-09-22T08:40:46.184+0000] {subprocess.py:106} INFO -          ^^^^^^^^^^^^^^
[2026-09-22T08:40:46.185+0000] {subprocess.py:106} INFO -   File "/home/***/.local/lib/python3.12/site-packages/sqlalchemy/engine/base.py", line 3153, in begin
[2026-09-22T08:40:46.186+0000] {subprocess.py:106} INFO -     conn = self.connect(close_with_result=close_with_result)
[2026-09-22T08:40:46.186+0000] {subprocess.py:106} INFO -            ^^^^^^^^^^^^^^^^^^^^^^^^^^^^^^^^^^^^^^^^^^^^^^^^^
[2026-09-22T08:40:46.187+0000] {subprocess.py:106} INFO -   File "/home/***/.local/lib/python3.12/site-packages/sqlalchemy/engine/base.py", line 3325, in connect
[2026-09-22T08:40:46.188+0000] {subprocess.py:106} INFO -     return self._connection_cls(self, close_with_result=close_with_result)
[2026-09-22T08:40:46.189+0000] {subprocess.py:106} INFO -            ^^^^^^^^^^^^^^^^^^^^^^^^^^^^^^^^^^^^^^^^^^^^^^^^^^^^^^^^^^^^^^^
[2026-09-22T08:40:46.190+0000] {subprocess.py:106} INFO -   File "/home/***/.local/lib/python3.12/site-packages/sqlalchemy/engine/base.py", line 96, in __init__
[2026-09-22T08:40:46.191+0000] {subprocess.py:106} INFO -     else engine.raw_connection()
[2026-09-22T08:40:46.191+0000] {subprocess.py:106} INFO -          ^^^^^^^^^^^^^^^^^^^^^^^
[2026-09-22T08:40:46.192+0000] {subprocess.py:106} INFO -   File "/home/***/.local/lib/python3.12/site-packages/sqlalchemy/engine/base.py", line 3404, in raw_connection
[2026-09-22T08:40:46.193+0000] {subprocess.py:106} INFO -     return self._wrap_pool_connect(self.pool.connect, _connection)
[2026-09-22T08:40:46.194+0000] {subprocess.py:106} INFO -            ^^^^^^^^^^^^^^^^^^^^^^^^^^^^^^^^^^^^^^^^^^^^^^^^^^^^^^^
[2026-09-22T08:40:46.194+0000] {subprocess.py:106} INFO -   File "/home/***/.local/lib/python3.12/site-packages/sqlalchemy/engine/base.py", line 3374, in _wrap_pool_connect
[2026-09-22T08:40:46.195+0000] {subprocess.py:106} INFO -     Connection._handle_dbapi_exception_noconnection(
[2026-09-22T08:40:46.196+0000] {subprocess.py:106} INFO -   File "/home/***/.local/lib/python3.12/site-packages/sqlalchemy/engine/base.py", line 2208, in _handle_dbapi_exception_noconnection
[2026-09-22T08:40:46.196+0000] {subprocess.py:106} INFO -     util.raise_(
[2026-09-22T08:40:46.197+0000] {subprocess.py:106} INFO -   File "/home/***/.local/lib/python3.12/site-packages/sqlalchemy/util/compat.py", line 211, in raise_
[2026-09-22T08:40:46.198+0000] {subprocess.py:106} INFO -     raise exception
[2026-09-22T08:40:46.198+0000] {subprocess.py:106} INFO -   File "/home/***/.local/lib/python3.12/site-packages/sqlalchemy/engine/base.py", line 3371, in _wrap_pool_connect
[2026-09-22T08:40:46.200+0000] {subprocess.py:106} INFO -     return fn()
[2026-09-22T08:40:46.201+0000] {subprocess.py:106} INFO -            ^^^^
[2026-09-22T08:40:46.201+0000] {subprocess.py:106} INFO -   File "/home/***/.local/lib/python3.12/site-packages/sqlalchemy/pool/base.py", line 327, in connect
[2026-09-22T08:40:46.202+0000] {subprocess.py:106} INFO -     return _ConnectionFairy._checkout(self)
[2026-09-22T08:40:46.203+0000] {subprocess.py:106} INFO -            ^^^^^^^^^^^^^^^^^^^^^^^^^^^^^^^^
[2026-09-22T08:40:46.204+0000] {subprocess.py:106} INFO -   File "/home/***/.local/lib/python3.12/site-packages/sqlalchemy/pool/base.py", line 894, in _checkout
[2026-09-22T08:40:46.205+0000] {subprocess.py:106} INFO -     fairy = _ConnectionRecord.checkout(pool)
[2026-09-22T08:40:46.205+0000] {subprocess.py:106} INFO -             ^^^^^^^^^^^^^^^^^^^^^^^^^^^^^^^^
[2026-09-22T08:40:46.206+0000] {subprocess.py:106} INFO -   File "/home/***/.local/lib/python3.12/site-packages/sqlalchemy/pool/base.py", line 493, in checkout
[2026-09-22T08:40:46.207+0000] {subprocess.py:106} INFO -     rec = pool._do_get()
[2026-09-22T08:40:46.207+0000] {subprocess.py:106} INFO -           ^^^^^^^^^^^^^^
[2026-09-22T08:40:46.208+0000] {subprocess.py:106} INFO -   File "/home/***/.local/lib/python3.12/site-packages/sqlalchemy/pool/impl.py", line 145, in _do_get
[2026-09-22T08:40:46.209+0000] {subprocess.py:106} INFO -     with util.safe_reraise():
[2026-09-22T08:40:46.209+0000] {subprocess.py:106} INFO -          ^^^^^^^^^^^^^^^^^^^
[2026-09-22T08:40:46.210+0000] {subprocess.py:106} INFO -   File "/home/***/.local/lib/python3.12/site-packages/sqlalchemy/util/langhelpers.py", line 70, in __exit__
[2026-09-22T08:40:46.211+0000] {subprocess.py:106} INFO -     compat.raise_(
[2026-09-22T08:40:46.212+0000] {subprocess.py:106} INFO -   File "/home/***/.local/lib/python3.12/site-packages/sqlalchemy/util/compat.py", line 211, in raise_
[2026-09-22T08:40:46.213+0000] {subprocess.py:106} INFO -     raise exception
[2026-09-22T08:40:46.214+0000] {subprocess.py:106} INFO -   File "/home/***/.local/lib/python3.12/site-packages/sqlalchemy/pool/impl.py", line 143, in _do_get
[2026-09-22T08:40:46.215+0000] {subprocess.py:106} INFO -     return self._create_connection()
[2026-09-22T08:40:46.216+0000] {subprocess.py:106} INFO -            ^^^^^^^^^^^^^^^^^^^^^^^^^
[2026-09-22T08:40:46.218+0000] {subprocess.py:106} INFO -   File "/home/***/.local/lib/python3.12/site-packages/sqlalchemy/pool/base.py", line 273, in _create_connection
[2026-09-22T08:40:46.219+0000] {subprocess.py:106} INFO -     return _ConnectionRecord(self)
[2026-09-22T08:40:46.220+0000] {subprocess.py:106} INFO -            ^^^^^^^^^^^^^^^^^^^^^^^
[2026-09-22T08:40:46.221+0000] {subprocess.py:106} INFO -   File "/home/***/.local/lib/python3.12/site-packages/sqlalchemy/pool/base.py", line 388, in __init__
[2026-09-22T08:40:46.223+0000] {subprocess.py:106} INFO -     self.__connect()
[2026-09-22T08:40:46.224+0000] {subprocess.py:106} INFO -   File "/home/***/.local/lib/python3.12/site-packages/sqlalchemy/pool/base.py", line 690, in __connect
[2026-09-22T08:40:46.225+0000] {subprocess.py:106} INFO -     with util.safe_reraise():
[2026-09-22T08:40:46.225+0000] {subprocess.py:106} INFO -          ^^^^^^^^^^^^^^^^^^^
[2026-09-22T08:40:46.226+0000] {subprocess.py:106} INFO -   File "/home/***/.local/lib/python3.12/site-packages/sqlalchemy/util/langhelpers.py", line 70, in __exit__
[2026-09-22T08:40:46.227+0000] {subprocess.py:106} INFO -     compat.raise_(
[2026-09-22T08:40:46.228+0000] {subprocess.py:106} INFO -   File "/home/***/.local/lib/python3.12/site-packages/sqlalchemy/util/compat.py", line 211, in raise_
[2026-09-22T08:40:46.228+0000] {subprocess.py:106} INFO -     raise exception
[2026-09-22T08:40:46.229+0000] {subprocess.py:106} INFO -   File "/home/***/.local/lib/python3.12/site-packages/sqlalchemy/pool/base.py", line 686, in __connect
[2026-09-22T08:40:46.230+0000] {subprocess.py:106} INFO -     self.dbapi_connection = connection = pool._invoke_creator(self)
[2026-09-22T08:40:46.232+0000] {subprocess.py:106} INFO -                                          ^^^^^^^^^^^^^^^^^^^^^^^^^^
[2026-09-22T08:40:46.233+0000] {subprocess.py:106} INFO -   File "/home/***/.local/lib/python3.12/site-packages/sqlalchemy/engine/create.py", line 574, in connect
[2026-09-22T08:40:46.235+0000] {subprocess.py:106} INFO -     return dialect.connect(*cargs, **cparams)
[2026-09-22T08:40:46.236+0000] {subprocess.py:106} INFO -            ^^^^^^^^^^^^^^^^^^^^^^^^^^^^^^^^^^
[2026-09-22T08:40:46.236+0000] {subprocess.py:106} INFO -   File "/home/***/.local/lib/python3.12/site-packages/sqlalchemy/engine/default.py", line 598, in connect
[2026-09-22T08:40:46.237+0000] {subprocess.py:106} INFO -     return self.dbapi.connect(*cargs, **cparams)
[2026-09-22T08:40:46.238+0000] {subprocess.py:106} INFO -            ^^^^^^^^^^^^^^^^^^^^^^^^^^^^^^^^^^^^^
[2026-09-22T08:40:46.238+0000] {subprocess.py:106} INFO -   File "/home/***/.local/lib/python3.12/site-packages/psycopg2/__init__.py", line 122, in connect
[2026-09-22T08:40:46.239+0000] {subprocess.py:106} INFO -     conn = _connect(dsn, connection_factory=connection_factory, **kwasync)
[2026-09-22T08:40:46.240+0000] {subprocess.py:106} INFO -            ^^^^^^^^^^^^^^^^^^^^^^^^^^^^^^^^^^^^^^^^^^^^^^^^^^^^^^^^^^^^^^^
[2026-09-22T08:40:46.240+0000] {subprocess.py:106} INFO - sqlalchemy.exc.OperationalError: (psycopg2.OperationalError) connection to server at "localhost" (::1), port 5433 failed: Connection refused
[2026-09-22T08:40:46.241+0000] {subprocess.py:106} INFO - 	Is the server running on that host and accepting TCP/IP connections?
[2026-09-22T08:40:46.241+0000] {subprocess.py:106} INFO - connection to server at "localhost" (127.0.0.1), port 5433 failed: Connection refused
[2026-09-22T08:40:46.242+0000] {subprocess.py:106} INFO - 	Is the server running on that host and accepting TCP/IP connections?
[2026-09-22T08:40:46.243+0000] {subprocess.py:106} INFO - 
[2026-09-22T08:40:46.243+0000] {subprocess.py:106} INFO - (Background on this error at: https://sqlalche.me/e/14/e3q8)
[2026-09-22T08:40:46.244+0000] {subprocess.py:110} INFO - Command exited with return code 1
[2026-09-22T08:40:46.254+0000] {taskinstance.py:3311} ERROR - Task failed with exception
Traceback (most recent call last):
  File "/home/airflow/.local/lib/python3.12/site-packages/airflow/models/taskinstance.py", line 767, in _execute_task
    result = _execute_callable(context=context, **execute_callable_kwargs)
             ^^^^^^^^^^^^^^^^^^^^^^^^^^^^^^^^^^^^^^^^^^^^^^^^^^^^^^^^^^^^^
  File "/home/airflow/.local/lib/python3.12/site-packages/airflow/models/taskinstance.py", line 733, in _execute_callable
    return ExecutionCallableRunner(
           ^^^^^^^^^^^^^^^^^^^^^^^^
  File "/home/airflow/.local/lib/python3.12/site-packages/airflow/utils/operator_helpers.py", line 252, in run
    return self.func(*args, **kwargs)
           ^^^^^^^^^^^^^^^^^^^^^^^^^^
  File "/home/airflow/.local/lib/python3.12/site-packages/airflow/models/baseoperator.py", line 417, in wrapper
    return func(self, *args, **kwargs)
           ^^^^^^^^^^^^^^^^^^^^^^^^^^^
  File "/home/airflow/.local/lib/python3.12/site-packages/airflow/operators/bash.py", line 276, in execute
    raise AirflowException(
airflow.exceptions.AirflowException: Bash command failed. The command returned a non-zero exit code 1.
[2026-09-22T08:40:46.269+0000] {taskinstance.py:1225} INFO - Marking task as UP_FOR_RETRY. dag_id=stock_elt_pipeline, task_id=load, run_id=manual__2026-09-22T08:40:22.884190+00:00, execution_date=20260922T084022, start_date=20260922T084045, end_date=20260922T084046
[2026-09-22T08:40:46.285+0000] {taskinstance.py:340} INFO - ::group::Post task execution logs
[2026-09-22T08:40:46.287+0000] {standard_task_runner.py:124} ERROR - Failed to execute job 8 for task load (Bash command failed. The command returned a non-zero exit code 1.; 925)
Traceback (most recent call last):
  File "/home/airflow/.local/lib/python3.12/site-packages/airflow/task/task_runner/standard_task_runner.py", line 117, in _start_by_fork
    ret = args.func(args, dag=self.dag)
          ^^^^^^^^^^^^^^^^^^^^^^^^^^^^^
  File "/home/airflow/.local/lib/python3.12/site-packages/airflow/cli/cli_config.py", line 49, in command
    return func(*args, **kwargs)
           ^^^^^^^^^^^^^^^^^^^^^
  File "/home/airflow/.local/lib/python3.12/site-packages/airflow/utils/cli.py", line 116, in wrapper
    return f(*args, **kwargs)
           ^^^^^^^^^^^^^^^^^^
  File "/home/airflow/.local/lib/python3.12/site-packages/airflow/cli/commands/task_command.py", line 483, in task_run
    task_return_code = _run_task_by_selected_method(args, _dag, ti)
                       ^^^^^^^^^^^^^^^^^^^^^^^^^^^^^^^^^^^^^^^^^^^^
  File "/home/airflow/.local/lib/python3.12/site-packages/airflow/cli/commands/task_command.py", line 256, in _run_task_by_selected_method
    return _run_raw_task(args, ti)
           ^^^^^^^^^^^^^^^^^^^^^^^
  File "/home/airflow/.local/lib/python3.12/site-packages/airflow/cli/commands/task_command.py", line 341, in _run_raw_task
    return ti._run_raw_task(
           ^^^^^^^^^^^^^^^^^
  File "/home/airflow/.local/lib/python3.12/site-packages/airflow/utils/session.py", line 97, in wrapper
    return func(*args, session=session, **kwargs)
           ^^^^^^^^^^^^^^^^^^^^^^^^^^^^^^^^^^^^^^
  File "/home/airflow/.local/lib/python3.12/site-packages/airflow/models/taskinstance.py", line 3005, in _run_raw_task
    return _run_raw_task(
           ^^^^^^^^^^^^^^
  File "/home/airflow/.local/lib/python3.12/site-packages/airflow/models/taskinstance.py", line 273, in _run_raw_task
    TaskInstance._execute_task_with_callbacks(
  File "/home/airflow/.local/lib/python3.12/site-packages/airflow/models/taskinstance.py", line 3159, in _execute_task_with_callbacks
    result = self._execute_task(context, task_orig)
             ^^^^^^^^^^^^^^^^^^^^^^^^^^^^^^^^^^^^^^
  File "/home/airflow/.local/lib/python3.12/site-packages/airflow/models/taskinstance.py", line 3183, in _execute_task
    return _execute_task(self, context, task_orig)
           ^^^^^^^^^^^^^^^^^^^^^^^^^^^^^^^^^^^^^^^
  File "/home/airflow/.local/lib/python3.12/site-packages/airflow/models/taskinstance.py", line 767, in _execute_task
    result = _execute_callable(context=context, **execute_callable_kwargs)
             ^^^^^^^^^^^^^^^^^^^^^^^^^^^^^^^^^^^^^^^^^^^^^^^^^^^^^^^^^^^^^
  File "/home/airflow/.local/lib/python3.12/site-packages/airflow/models/taskinstance.py", line 733, in _execute_callable
    return ExecutionCallableRunner(
           ^^^^^^^^^^^^^^^^^^^^^^^^
  File "/home/airflow/.local/lib/python3.12/site-packages/airflow/utils/operator_helpers.py", line 252, in run
    return self.func(*args, **kwargs)
           ^^^^^^^^^^^^^^^^^^^^^^^^^^
  File "/home/airflow/.local/lib/python3.12/site-packages/airflow/models/baseoperator.py", line 417, in wrapper
    return func(self, *args, **kwargs)
           ^^^^^^^^^^^^^^^^^^^^^^^^^^^
  File "/home/airflow/.local/lib/python3.12/site-packages/airflow/operators/bash.py", line 276, in execute
    raise AirflowException(
airflow.exceptions.AirflowException: Bash command failed. The command returned a non-zero exit code 1.
[2026-09-22T08:40:46.326+0000] {local_task_job_runner.py:266} INFO - Task exited with return code 1
[2026-09-22T08:40:46.343+0000] {taskinstance.py:3895} INFO - 0 downstream tasks scheduled from follow-on schedule check
[2026-09-22T08:40:46.348+0000] {local_task_job_runner.py:245} INFO - ::endgroup::
