[2026-09-22T08:57:55.688+0000] {local_task_job_runner.py:123} INFO - ::group::Pre task execution logs
[2026-09-22T08:57:55.715+0000] {taskinstance.py:2613} INFO - Dependencies all met for dep_context=non-requeueable deps ti=<TaskInstance: stock_elt_pipeline.quality_checks scheduled__2026-09-18T18:00:00+00:00 [queued]>
[2026-09-22T08:57:55.725+0000] {taskinstance.py:2613} INFO - Dependencies all met for dep_context=requeueable deps ti=<TaskInstance: stock_elt_pipeline.quality_checks scheduled__2026-09-18T18:00:00+00:00 [queued]>
[2026-09-22T08:57:55.727+0000] {taskinstance.py:2866} INFO - Starting attempt 1 of 3
[2026-09-22T08:57:55.741+0000] {taskinstance.py:2889} INFO - Executing <Task(BashOperator): quality_checks> on 2026-09-18 18:00:00+00:00
[2026-09-22T08:57:55.748+0000] {logging_mixin.py:190} WARNING - /home/***/.local/lib/python3.12/site-packages/***/task/task_runner/standard_task_runner.py:70 DeprecationWarning: This process (pid=387) is multi-threaded, use of fork() may lead to deadlocks in the child.
[2026-09-22T08:57:55.748+0000] {standard_task_runner.py:104} INFO - Running: ['***', 'tasks', 'run', 'stock_elt_pipeline', 'quality_checks', 'scheduled__2026-09-18T18:00:00+00:00', '--job-id', '16', '--raw', '--subdir', 'DAGS_FOLDER/stock_pipeline_dag.py', '--cfg-path', '/tmp/tmpaohu20xd']
[2026-09-22T08:57:55.751+0000] {standard_task_runner.py:72} INFO - Started process 388 to run task
[2026-09-22T08:57:55.751+0000] {standard_task_runner.py:105} INFO - Job 16: Subtask quality_checks
[2026-09-22T08:57:55.804+0000] {task_command.py:467} INFO - Running <TaskInstance: stock_elt_pipeline.quality_checks scheduled__2026-09-18T18:00:00+00:00 [running]> on host d82c040dd174
[2026-09-22T08:57:55.873+0000] {taskinstance.py:3132} INFO - Exporting env vars: AIRFLOW_CTX_DAG_OWNER='keerthi' AIRFLOW_CTX_DAG_ID='stock_elt_pipeline' AIRFLOW_CTX_TASK_ID='quality_checks' AIRFLOW_CTX_EXECUTION_DATE='2026-09-18T18:00:00+00:00' AIRFLOW_CTX_TRY_NUMBER='1' AIRFLOW_CTX_DAG_RUN_ID='scheduled__2026-09-18T18:00:00+00:00'
[2026-09-22T08:57:55.874+0000] {taskinstance.py:731} INFO - ::endgroup::
[2026-09-22T08:57:55.887+0000] {subprocess.py:78} INFO - Tmp dir root location: /tmp
[2026-09-22T08:57:55.889+0000] {subprocess.py:88} INFO - Running command: ['/usr/bin/bash', '-c', 'cd /opt/*** && python src/quality_checks.py']
[2026-09-22T08:57:55.895+0000] {subprocess.py:99} INFO - Output:
[2026-09-22T08:57:56.826+0000] {subprocess.py:106} INFO - Data quality check complete. Total rows in fact_prices: 220
[2026-09-22T08:57:56.831+0000] {subprocess.py:106} INFO - No data quality issues found.
[2026-09-22T08:57:56.902+0000] {subprocess.py:110} INFO - Command exited with return code 0
[2026-09-22T08:57:56.933+0000] {taskinstance.py:340} INFO - ::group::Post task execution logs
[2026-09-22T08:57:56.935+0000] {taskinstance.py:352} INFO - Marking task as SUCCESS. dag_id=stock_elt_pipeline, task_id=quality_checks, run_id=scheduled__2026-09-18T18:00:00+00:00, execution_date=20260918T180000, start_date=20260922T085755, end_date=20260922T085756
[2026-09-22T08:57:56.972+0000] {local_task_job_runner.py:266} INFO - Task exited with return code 0
[2026-09-22T08:57:56.985+0000] {taskinstance.py:3895} INFO - 0 downstream tasks scheduled from follow-on schedule check
[2026-09-22T08:57:56.990+0000] {local_task_job_runner.py:245} INFO - ::endgroup::
