[2026-09-22T08:40:23.480+0000] {local_task_job_runner.py:123} INFO - ::group::Pre task execution logs
[2026-09-22T08:40:23.498+0000] {taskinstance.py:2613} INFO - Dependencies all met for dep_context=non-requeueable deps ti=<TaskInstance: stock_elt_pipeline.ingest manual__2026-09-22T08:40:22.884190+00:00 [queued]>
[2026-09-22T08:40:23.509+0000] {taskinstance.py:2613} INFO - Dependencies all met for dep_context=requeueable deps ti=<TaskInstance: stock_elt_pipeline.ingest manual__2026-09-22T08:40:22.884190+00:00 [queued]>
[2026-09-22T08:40:23.511+0000] {taskinstance.py:2866} INFO - Starting attempt 1 of 3
[2026-09-22T08:40:23.527+0000] {taskinstance.py:2889} INFO - Executing <Task(BashOperator): ingest> on 2026-09-22 08:40:22.884190+00:00
[2026-09-22T08:40:23.534+0000] {logging_mixin.py:190} WARNING - /home/***/.local/lib/python3.12/site-packages/***/task/task_runner/standard_task_runner.py:70 DeprecationWarning: This process (pid=405) is multi-threaded, use of fork() may lead to deadlocks in the child.
[2026-09-22T08:40:23.538+0000] {standard_task_runner.py:72} INFO - Started process 406 to run task
[2026-09-22T08:40:23.535+0000] {standard_task_runner.py:104} INFO - Running: ['***', 'tasks', 'run', 'stock_elt_pipeline', 'ingest', 'manual__2026-09-22T08:40:22.884190+00:00', '--job-id', '5', '--raw', '--subdir', 'DAGS_FOLDER/stock_pipeline_dag.py', '--cfg-path', '/tmp/tmp68zsgq9z']
[2026-09-22T08:40:23.540+0000] {standard_task_runner.py:105} INFO - Job 5: Subtask ingest
[2026-09-22T08:40:23.607+0000] {task_command.py:467} INFO - Running <TaskInstance: stock_elt_pipeline.ingest manual__2026-09-22T08:40:22.884190+00:00 [running]> on host 39abfacf40a6
[2026-09-22T08:40:23.714+0000] {taskinstance.py:3132} INFO - Exporting env vars: AIRFLOW_CTX_DAG_OWNER='keerthi' AIRFLOW_CTX_DAG_ID='stock_elt_pipeline' AIRFLOW_CTX_TASK_ID='ingest' AIRFLOW_CTX_EXECUTION_DATE='2026-09-22T08:40:22.884190+00:00' AIRFLOW_CTX_TRY_NUMBER='1' AIRFLOW_CTX_DAG_RUN_ID='manual__2026-09-22T08:40:22.884190+00:00'
[2026-09-22T08:40:23.717+0000] {taskinstance.py:731} INFO - ::endgroup::
[2026-09-22T08:40:23.734+0000] {subprocess.py:78} INFO - Tmp dir root location: /tmp
[2026-09-22T08:40:23.737+0000] {subprocess.py:88} INFO - Running command: ['/usr/bin/bash', '-c', 'cd /opt/*** && python src/ingest.py']
[2026-09-22T08:40:23.748+0000] {subprocess.py:99} INFO - Output:
[2026-09-22T08:40:27.723+0000] {subprocess.py:106} INFO - Saved 220 rows to data/raw/prices_2026-09-22.parquet
[2026-09-22T08:40:27.830+0000] {subprocess.py:110} INFO - Command exited with return code 0
[2026-09-22T08:40:27.860+0000] {taskinstance.py:340} INFO - ::group::Post task execution logs
[2026-09-22T08:40:27.862+0000] {taskinstance.py:352} INFO - Marking task as SUCCESS. dag_id=stock_elt_pipeline, task_id=ingest, run_id=manual__2026-09-22T08:40:22.884190+00:00, execution_date=20260922T084022, start_date=20260922T084023, end_date=20260922T084027
[2026-09-22T08:40:27.898+0000] {local_task_job_runner.py:266} INFO - Task exited with return code 0
[2026-09-22T08:40:27.929+0000] {taskinstance.py:3895} INFO - 1 downstream tasks scheduled from follow-on schedule check
[2026-09-22T08:40:27.934+0000] {local_task_job_runner.py:245} INFO - ::endgroup::
