[2026-09-22T08:28:36.697+0000] {manager.py:483} INFO - Processing files using up to 2 processes at a time 
[2026-09-22T08:28:36.702+0000] {manager.py:484} INFO - Process each file at most once every 30 seconds
[2026-09-22T08:28:36.704+0000] {manager.py:485} INFO - Checking for new files in /opt/airflow/dags every 300 seconds
[2026-09-22T08:28:36.705+0000] {manager.py:821} INFO - Searching for files in /opt/airflow/dags
[2026-09-22T08:28:36.711+0000] {manager.py:824} INFO - There are 0 files in /opt/airflow/dags
[2026-09-22T08:33:36.721+0000] {manager.py:821} INFO - Searching for files in /opt/airflow/dags
[2026-09-22T08:33:36.729+0000] {manager.py:824} INFO - There are 0 files in /opt/airflow/dags
[2026-09-22T08:38:36.866+0000] {manager.py:821} INFO - Searching for files in /opt/airflow/dags
[2026-09-22T08:38:36.885+0000] {manager.py:824} INFO - There are 1 files in /opt/airflow/dags
[2026-09-22T08:38:40.962+0000] {manager.py:997} INFO - 
================================================================================
DAG File Processing Stats

File Path                                PID    Runtime      # DAGs    # Errors  Last Runtime    Last Run               Last # of DB Queries
---------------------------------------  -----  ---------  --------  ----------  --------------  -------------------  ----------------------
/opt/airflow/dags/stock_pipeline_dag.py                           1           0  0.39s           2026-09-22T08:38:37                      45
================================================================================
[2026-09-22T08:39:11.610+0000] {manager.py:997} INFO - 
================================================================================
DAG File Processing Stats

File Path                                PID    Runtime      # DAGs    # Errors  Last Runtime    Last Run               Last # of DB Queries
---------------------------------------  -----  ---------  --------  ----------  --------------  -------------------  ----------------------
/opt/airflow/dags/stock_pipeline_dag.py                           1           0  0.15s           2026-09-22T08:39:07                      12
================================================================================
[2026-09-22T08:39:42.022+0000] {manager.py:997} INFO - 
================================================================================
DAG File Processing Stats

File Path                                PID    Runtime      # DAGs    # Errors  Last Runtime    Last Run               Last # of DB Queries
---------------------------------------  -----  ---------  --------  ----------  --------------  -------------------  ----------------------
/opt/airflow/dags/stock_pipeline_dag.py                           1           0  0.16s           2026-09-22T08:39:38                      12
================================================================================
[2026-09-22T08:40:12.398+0000] {manager.py:997} INFO - 
================================================================================
DAG File Processing Stats

File Path                                PID    Runtime      # DAGs    # Errors  Last Runtime    Last Run               Last # of DB Queries
---------------------------------------  -----  ---------  --------  ----------  --------------  -------------------  ----------------------
/opt/airflow/dags/stock_pipeline_dag.py                           1           0  0.14s           2026-09-22T08:40:08                      12
================================================================================
[2026-09-22T08:40:42.709+0000] {manager.py:997} INFO - 
================================================================================
DAG File Processing Stats

File Path                                PID    Runtime      # DAGs    # Errors  Last Runtime    Last Run               Last # of DB Queries
---------------------------------------  -----  ---------  --------  ----------  --------------  -------------------  ----------------------
/opt/airflow/dags/stock_pipeline_dag.py                           1           0  0.18s           2026-09-22T08:40:38                      12
================================================================================
[2026-09-22T08:41:13.052+0000] {manager.py:997} INFO - 
================================================================================
DAG File Processing Stats

File Path                                PID    Runtime      # DAGs    # Errors  Last Runtime    Last Run               Last # of DB Queries
---------------------------------------  -----  ---------  --------  ----------  --------------  -------------------  ----------------------
/opt/airflow/dags/stock_pipeline_dag.py                           1           0  0.15s           2026-09-22T08:41:09                      12
================================================================================
[2026-09-22T08:41:43.384+0000] {manager.py:997} INFO - 
================================================================================
DAG File Processing Stats

File Path                                PID    Runtime      # DAGs    # Errors  Last Runtime    Last Run               Last # of DB Queries
---------------------------------------  -----  ---------  --------  ----------  --------------  -------------------  ----------------------
/opt/airflow/dags/stock_pipeline_dag.py                           1           0  0.15s           2026-09-22T08:41:39                      12
================================================================================
[2026-09-22T08:42:13.741+0000] {manager.py:997} INFO - 
================================================================================
DAG File Processing Stats

File Path                                PID    Runtime      # DAGs    # Errors  Last Runtime    Last Run               Last # of DB Queries
---------------------------------------  -----  ---------  --------  ----------  --------------  -------------------  ----------------------
/opt/airflow/dags/stock_pipeline_dag.py                           1           0  0.11s           2026-09-22T08:42:09                      12
================================================================================
[2026-09-22T08:42:44.040+0000] {manager.py:997} INFO - 
================================================================================
DAG File Processing Stats

File Path                                PID    Runtime      # DAGs    # Errors  Last Runtime    Last Run               Last # of DB Queries
---------------------------------------  -----  ---------  --------  ----------  --------------  -------------------  ----------------------
/opt/airflow/dags/stock_pipeline_dag.py                           1           0  0.13s           2026-09-22T08:42:40                      12
================================================================================
[2026-09-22T08:43:14.464+0000] {manager.py:997} INFO - 
================================================================================
DAG File Processing Stats

File Path                                PID    Runtime      # DAGs    # Errors  Last Runtime    Last Run               Last # of DB Queries
---------------------------------------  -----  ---------  --------  ----------  --------------  -------------------  ----------------------
/opt/airflow/dags/stock_pipeline_dag.py                           1           0  0.12s           2026-09-22T08:43:10                      12
================================================================================
[2026-09-22T08:43:37.634+0000] {manager.py:821} INFO - Searching for files in /opt/airflow/dags
[2026-09-22T08:43:37.651+0000] {manager.py:824} INFO - There are 1 files in /opt/airflow/dags
[2026-09-22T08:43:44.745+0000] {manager.py:997} INFO - 
================================================================================
DAG File Processing Stats

File Path                                PID    Runtime      # DAGs    # Errors  Last Runtime    Last Run               Last # of DB Queries
---------------------------------------  -----  ---------  --------  ----------  --------------  -------------------  ----------------------
/opt/airflow/dags/stock_pipeline_dag.py                           1           0  0.15s           2026-09-22T08:43:40                      12
================================================================================
[2026-09-22T08:44:15.031+0000] {manager.py:997} INFO - 
================================================================================
DAG File Processing Stats

File Path                                PID    Runtime      # DAGs    # Errors  Last Runtime    Last Run               Last # of DB Queries
---------------------------------------  -----  ---------  --------  ----------  --------------  -------------------  ----------------------
/opt/airflow/dags/stock_pipeline_dag.py                           1           0  0.11s           2026-09-22T08:44:11                      12
================================================================================
[2026-09-22T08:44:45.407+0000] {manager.py:997} INFO - 
================================================================================
DAG File Processing Stats

File Path                                PID    Runtime      # DAGs    # Errors  Last Runtime    Last Run               Last # of DB Queries
---------------------------------------  -----  ---------  --------  ----------  --------------  -------------------  ----------------------
/opt/airflow/dags/stock_pipeline_dag.py                           1           0  0.13s           2026-09-22T08:44:41                      12
================================================================================
[2026-09-22T08:45:15.781+0000] {manager.py:997} INFO - 
================================================================================
DAG File Processing Stats

File Path                                PID    Runtime      # DAGs    # Errors  Last Runtime    Last Run               Last # of DB Queries
---------------------------------------  -----  ---------  --------  ----------  --------------  -------------------  ----------------------
/opt/airflow/dags/stock_pipeline_dag.py                           1           0  0.14s           2026-09-22T08:45:11                      12
================================================================================
[2026-09-22T08:45:46.164+0000] {manager.py:997} INFO - 
================================================================================
DAG File Processing Stats

File Path                                PID    Runtime      # DAGs    # Errors  Last Runtime    Last Run               Last # of DB Queries
---------------------------------------  -----  ---------  --------  ----------  --------------  -------------------  ----------------------
/opt/airflow/dags/stock_pipeline_dag.py                           1           0  0.13s           2026-09-22T08:45:42                      12
================================================================================
[2026-09-22T08:46:16.555+0000] {manager.py:997} INFO - 
================================================================================
DAG File Processing Stats

File Path                                PID    Runtime      # DAGs    # Errors  Last Runtime    Last Run               Last # of DB Queries
---------------------------------------  -----  ---------  --------  ----------  --------------  -------------------  ----------------------
/opt/airflow/dags/stock_pipeline_dag.py                           1           0  0.13s           2026-09-22T08:46:12                      12
================================================================================
[2026-09-22T08:46:46.913+0000] {manager.py:997} INFO - 
================================================================================
DAG File Processing Stats

File Path                                PID    Runtime      # DAGs    # Errors  Last Runtime    Last Run               Last # of DB Queries
---------------------------------------  -----  ---------  --------  ----------  --------------  -------------------  ----------------------
/opt/airflow/dags/stock_pipeline_dag.py                           1           0  0.15s           2026-09-22T08:46:42                      12
================================================================================
[2026-09-22T08:47:17.161+0000] {manager.py:997} INFO - 
================================================================================
DAG File Processing Stats

File Path                                PID    Runtime      # DAGs    # Errors  Last Runtime    Last Run               Last # of DB Queries
---------------------------------------  -----  ---------  --------  ----------  --------------  -------------------  ----------------------
/opt/airflow/dags/stock_pipeline_dag.py                           1           0  0.14s           2026-09-22T08:47:13                      12
================================================================================
[2026-09-22T08:47:47.568+0000] {manager.py:997} INFO - 
================================================================================
DAG File Processing Stats

File Path                                PID    Runtime      # DAGs    # Errors  Last Runtime    Last Run               Last # of DB Queries
---------------------------------------  -----  ---------  --------  ----------  --------------  -------------------  ----------------------
/opt/airflow/dags/stock_pipeline_dag.py                           1           0  0.15s           2026-09-22T08:47:43                      12
================================================================================
[2026-09-22T08:48:17.886+0000] {manager.py:997} INFO - 
================================================================================
DAG File Processing Stats

File Path                                PID    Runtime      # DAGs    # Errors  Last Runtime    Last Run               Last # of DB Queries
---------------------------------------  -----  ---------  --------  ----------  --------------  -------------------  ----------------------
/opt/airflow/dags/stock_pipeline_dag.py                           1           0  0.19s           2026-09-22T08:48:14                      12
================================================================================
[2026-09-22T08:48:38.027+0000] {manager.py:821} INFO - Searching for files in /opt/airflow/dags
[2026-09-22T08:48:38.058+0000] {manager.py:824} INFO - There are 1 files in /opt/airflow/dags
[2026-09-22T08:48:48.177+0000] {manager.py:997} INFO - 
================================================================================
DAG File Processing Stats

File Path                                PID    Runtime      # DAGs    # Errors  Last Runtime    Last Run               Last # of DB Queries
---------------------------------------  -----  ---------  --------  ----------  --------------  -------------------  ----------------------
/opt/airflow/dags/stock_pipeline_dag.py                           1           0  0.14s           2026-09-22T08:48:44                      12
================================================================================
[2026-09-22T08:49:18.577+0000] {manager.py:997} INFO - 
================================================================================
DAG File Processing Stats

File Path                                PID    Runtime      # DAGs    # Errors  Last Runtime    Last Run               Last # of DB Queries
---------------------------------------  -----  ---------  --------  ----------  --------------  -------------------  ----------------------
/opt/airflow/dags/stock_pipeline_dag.py                           1           0  0.15s           2026-09-22T08:49:14                      12
================================================================================
[2026-09-22T08:51:44.250+0000] {manager.py:483} INFO - Processing files using up to 2 processes at a time 
[2026-09-22T08:51:44.251+0000] {manager.py:484} INFO - Process each file at most once every 30 seconds
[2026-09-22T08:51:44.253+0000] {manager.py:485} INFO - Checking for new files in /opt/airflow/dags every 300 seconds
[2026-09-22T08:51:44.255+0000] {manager.py:821} INFO - Searching for files in /opt/airflow/dags
[2026-09-22T08:51:44.289+0000] {manager.py:824} INFO - There are 1 files in /opt/airflow/dags
[2026-09-22T08:51:44.394+0000] {manager.py:997} INFO - 
================================================================================
DAG File Processing Stats

File Path                                  PID  Runtime      # DAGs    # Errors  Last Runtime    Last Run      Last # of DB Queries
---------------------------------------  -----  ---------  --------  ----------  --------------  ----------  ----------------------
/opt/airflow/dags/stock_pipeline_dag.py    210  0.03s             0           0                                                   0
================================================================================
[2026-09-22T08:52:14.677+0000] {manager.py:997} INFO - 
================================================================================
DAG File Processing Stats

File Path                                  PID  Runtime      # DAGs    # Errors  Last Runtime    Last Run               Last # of DB Queries
---------------------------------------  -----  ---------  --------  ----------  --------------  -------------------  ----------------------
/opt/airflow/dags/stock_pipeline_dag.py    296  0.01s             1           0  0.20s           2026-09-22T08:51:44                      12
================================================================================
[2026-09-22T08:52:45.133+0000] {manager.py:997} INFO - 
================================================================================
DAG File Processing Stats

File Path                                  PID  Runtime      # DAGs    # Errors  Last Runtime    Last Run               Last # of DB Queries
---------------------------------------  -----  ---------  --------  ----------  --------------  -------------------  ----------------------
/opt/airflow/dags/stock_pipeline_dag.py    301  0.00s             1           0  0.18s           2026-09-22T08:52:14                      12
================================================================================
[2026-09-22T08:53:15.493+0000] {manager.py:997} INFO - 
================================================================================
DAG File Processing Stats

File Path                                  PID  Runtime      # DAGs    # Errors  Last Runtime    Last Run               Last # of DB Queries
---------------------------------------  -----  ---------  --------  ----------  --------------  -------------------  ----------------------
/opt/airflow/dags/stock_pipeline_dag.py    306  0.00s             1           0  0.15s           2026-09-22T08:52:45                      12
================================================================================
[2026-09-22T08:53:45.875+0000] {manager.py:997} INFO - 
================================================================================
DAG File Processing Stats

File Path                                  PID  Runtime      # DAGs    # Errors  Last Runtime    Last Run               Last # of DB Queries
---------------------------------------  -----  ---------  --------  ----------  --------------  -------------------  ----------------------
/opt/airflow/dags/stock_pipeline_dag.py    312  0.01s             1           0  0.12s           2026-09-22T08:53:15                      12
================================================================================
[2026-09-22T08:54:16.190+0000] {manager.py:997} INFO - 
================================================================================
DAG File Processing Stats

File Path                                  PID  Runtime      # DAGs    # Errors  Last Runtime    Last Run               Last # of DB Queries
---------------------------------------  -----  ---------  --------  ----------  --------------  -------------------  ----------------------
/opt/airflow/dags/stock_pipeline_dag.py    317  0.00s             1           0  0.14s           2026-09-22T08:53:46                      12
================================================================================
[2026-09-22T08:54:46.608+0000] {manager.py:997} INFO - 
================================================================================
DAG File Processing Stats

File Path                                  PID  Runtime      # DAGs    # Errors  Last Runtime    Last Run               Last # of DB Queries
---------------------------------------  -----  ---------  --------  ----------  --------------  -------------------  ----------------------
/opt/airflow/dags/stock_pipeline_dag.py    322  0.00s             1           0  0.19s           2026-09-22T08:54:16                      12
================================================================================
[2026-09-22T08:55:16.944+0000] {manager.py:997} INFO - 
================================================================================
DAG File Processing Stats

File Path                                  PID  Runtime      # DAGs    # Errors  Last Runtime    Last Run               Last # of DB Queries
---------------------------------------  -----  ---------  --------  ----------  --------------  -------------------  ----------------------
/opt/airflow/dags/stock_pipeline_dag.py    327  0.00s             1           0  0.15s           2026-09-22T08:54:46                      12
================================================================================
[2026-09-22T08:55:47.293+0000] {manager.py:997} INFO - 
================================================================================
DAG File Processing Stats

File Path                                  PID  Runtime      # DAGs    # Errors  Last Runtime    Last Run               Last # of DB Queries
---------------------------------------  -----  ---------  --------  ----------  --------------  -------------------  ----------------------
/opt/airflow/dags/stock_pipeline_dag.py    332  0.01s             1           0  0.12s           2026-09-22T08:55:17                      12
================================================================================
[2026-09-22T08:56:17.621+0000] {manager.py:997} INFO - 
================================================================================
DAG File Processing Stats

File Path                                  PID  Runtime      # DAGs    # Errors  Last Runtime    Last Run               Last # of DB Queries
---------------------------------------  -----  ---------  --------  ----------  --------------  -------------------  ----------------------
/opt/airflow/dags/stock_pipeline_dag.py    337  0.00s             1           0  0.15s           2026-09-22T08:55:47                      12
================================================================================
[2026-09-22T08:56:44.926+0000] {manager.py:821} INFO - Searching for files in /opt/airflow/dags
[2026-09-22T08:56:44.954+0000] {manager.py:824} INFO - There are 1 files in /opt/airflow/dags
