[2026-09-22T08:38:36.929+0000] {processor.py:186} INFO - Started process (PID=282) to work on /opt/airflow/dags/stock_pipeline_dag.py
[2026-09-22T08:38:36.931+0000] {processor.py:914} INFO - Processing file /opt/airflow/dags/stock_pipeline_dag.py for tasks to queue
[2026-09-22T08:38:36.936+0000] {logging_mixin.py:190} INFO - [2026-09-22T08:38:36.935+0000] {dagbag.py:588} INFO - Filling up the DagBag from /opt/airflow/dags/stock_pipeline_dag.py
[2026-09-22T08:38:36.970+0000] {processor.py:925} INFO - DAG(s) 'stock_elt_pipeline' retrieved from /opt/airflow/dags/stock_pipeline_dag.py
[2026-09-22T08:38:37.074+0000] {logging_mixin.py:190} INFO - [2026-09-22T08:38:37.073+0000] {override.py:1911} INFO - Created Permission View: can delete on DAG:stock_elt_pipeline
[2026-09-22T08:38:37.083+0000] {logging_mixin.py:190} INFO - [2026-09-22T08:38:37.083+0000] {override.py:1911} INFO - Created Permission View: can read on DAG:stock_elt_pipeline
[2026-09-22T08:38:37.089+0000] {logging_mixin.py:190} INFO - [2026-09-22T08:38:37.089+0000] {override.py:1911} INFO - Created Permission View: can edit on DAG:stock_elt_pipeline
[2026-09-22T08:38:37.098+0000] {logging_mixin.py:190} INFO - [2026-09-22T08:38:37.098+0000] {override.py:1911} INFO - Created Permission View: can delete on DAG Run:stock_elt_pipeline
[2026-09-22T08:38:37.104+0000] {logging_mixin.py:190} INFO - [2026-09-22T08:38:37.104+0000] {override.py:1911} INFO - Created Permission View: can read on DAG Run:stock_elt_pipeline
[2026-09-22T08:38:37.111+0000] {logging_mixin.py:190} INFO - [2026-09-22T08:38:37.111+0000] {override.py:1911} INFO - Created Permission View: can create on DAG Run:stock_elt_pipeline
[2026-09-22T08:38:37.117+0000] {logging_mixin.py:190} INFO - [2026-09-22T08:38:37.117+0000] {override.py:1911} INFO - Created Permission View: menu access on DAG Run:stock_elt_pipeline
[2026-09-22T08:38:37.118+0000] {logging_mixin.py:190} INFO - [2026-09-22T08:38:37.118+0000] {dag.py:3239} INFO - Sync 1 DAGs
[2026-09-22T08:38:37.129+0000] {logging_mixin.py:190} INFO - [2026-09-22T08:38:37.129+0000] {dag.py:3262} INFO - Creating ORM DAG for stock_elt_pipeline
[2026-09-22T08:38:37.140+0000] {logging_mixin.py:190} INFO - [2026-09-22T08:38:37.139+0000] {dag.py:4180} INFO - Setting next_dagrun for stock_elt_pipeline to 2026-09-18 18:00:00+00:00, run_after=2026-09-21 18:00:00+00:00
[2026-09-22T08:38:37.282+0000] {processor.py:208} INFO - Processing /opt/airflow/dags/stock_pipeline_dag.py took 0.360 seconds
[2026-09-22T08:39:07.587+0000] {processor.py:186} INFO - Started process (PID=287) to work on /opt/airflow/dags/stock_pipeline_dag.py
[2026-09-22T08:39:07.589+0000] {processor.py:914} INFO - Processing file /opt/airflow/dags/stock_pipeline_dag.py for tasks to queue
[2026-09-22T08:39:07.593+0000] {logging_mixin.py:190} INFO - [2026-09-22T08:39:07.593+0000] {dagbag.py:588} INFO - Filling up the DagBag from /opt/airflow/dags/stock_pipeline_dag.py
[2026-09-22T08:39:07.622+0000] {processor.py:925} INFO - DAG(s) 'stock_elt_pipeline' retrieved from /opt/airflow/dags/stock_pipeline_dag.py
[2026-09-22T08:39:07.650+0000] {logging_mixin.py:190} INFO - [2026-09-22T08:39:07.650+0000] {dag.py:3239} INFO - Sync 1 DAGs
[2026-09-22T08:39:07.675+0000] {logging_mixin.py:190} INFO - [2026-09-22T08:39:07.675+0000] {dag.py:4180} INFO - Setting next_dagrun for stock_elt_pipeline to 2026-09-18 18:00:00+00:00, run_after=2026-09-21 18:00:00+00:00
[2026-09-22T08:39:07.699+0000] {processor.py:208} INFO - Processing /opt/airflow/dags/stock_pipeline_dag.py took 0.118 seconds
[2026-09-22T08:39:37.923+0000] {processor.py:186} INFO - Started process (PID=292) to work on /opt/airflow/dags/stock_pipeline_dag.py
[2026-09-22T08:39:37.925+0000] {processor.py:914} INFO - Processing file /opt/airflow/dags/stock_pipeline_dag.py for tasks to queue
[2026-09-22T08:39:37.929+0000] {logging_mixin.py:190} INFO - [2026-09-22T08:39:37.928+0000] {dagbag.py:588} INFO - Filling up the DagBag from /opt/airflow/dags/stock_pipeline_dag.py
[2026-09-22T08:39:37.959+0000] {processor.py:925} INFO - DAG(s) 'stock_elt_pipeline' retrieved from /opt/airflow/dags/stock_pipeline_dag.py
[2026-09-22T08:39:37.996+0000] {logging_mixin.py:190} INFO - [2026-09-22T08:39:37.996+0000] {dag.py:3239} INFO - Sync 1 DAGs
[2026-09-22T08:39:38.017+0000] {logging_mixin.py:190} INFO - [2026-09-22T08:39:38.017+0000] {dag.py:4180} INFO - Setting next_dagrun for stock_elt_pipeline to 2026-09-18 18:00:00+00:00, run_after=2026-09-21 18:00:00+00:00
[2026-09-22T08:39:38.041+0000] {processor.py:208} INFO - Processing /opt/airflow/dags/stock_pipeline_dag.py took 0.125 seconds
[2026-09-22T08:40:08.366+0000] {processor.py:186} INFO - Started process (PID=297) to work on /opt/airflow/dags/stock_pipeline_dag.py
[2026-09-22T08:40:08.368+0000] {processor.py:914} INFO - Processing file /opt/airflow/dags/stock_pipeline_dag.py for tasks to queue
[2026-09-22T08:40:08.372+0000] {logging_mixin.py:190} INFO - [2026-09-22T08:40:08.371+0000] {dagbag.py:588} INFO - Filling up the DagBag from /opt/airflow/dags/stock_pipeline_dag.py
[2026-09-22T08:40:08.401+0000] {processor.py:925} INFO - DAG(s) 'stock_elt_pipeline' retrieved from /opt/airflow/dags/stock_pipeline_dag.py
[2026-09-22T08:40:08.424+0000] {logging_mixin.py:190} INFO - [2026-09-22T08:40:08.424+0000] {dag.py:3239} INFO - Sync 1 DAGs
[2026-09-22T08:40:08.445+0000] {logging_mixin.py:190} INFO - [2026-09-22T08:40:08.444+0000] {dag.py:4180} INFO - Setting next_dagrun for stock_elt_pipeline to 2026-09-18 18:00:00+00:00, run_after=2026-09-21 18:00:00+00:00
[2026-09-22T08:40:08.467+0000] {processor.py:208} INFO - Processing /opt/airflow/dags/stock_pipeline_dag.py took 0.105 seconds
[2026-09-22T08:40:38.643+0000] {processor.py:186} INFO - Started process (PID=793) to work on /opt/airflow/dags/stock_pipeline_dag.py
[2026-09-22T08:40:38.645+0000] {processor.py:914} INFO - Processing file /opt/airflow/dags/stock_pipeline_dag.py for tasks to queue
[2026-09-22T08:40:38.649+0000] {logging_mixin.py:190} INFO - [2026-09-22T08:40:38.649+0000] {dagbag.py:588} INFO - Filling up the DagBag from /opt/airflow/dags/stock_pipeline_dag.py
[2026-09-22T08:40:38.680+0000] {processor.py:925} INFO - DAG(s) 'stock_elt_pipeline' retrieved from /opt/airflow/dags/stock_pipeline_dag.py
[2026-09-22T08:40:38.714+0000] {logging_mixin.py:190} INFO - [2026-09-22T08:40:38.714+0000] {dag.py:3239} INFO - Sync 1 DAGs
[2026-09-22T08:40:38.746+0000] {logging_mixin.py:190} INFO - [2026-09-22T08:40:38.746+0000] {dag.py:4180} INFO - Setting next_dagrun for stock_elt_pipeline to 2026-09-21 18:00:00+00:00, run_after=2026-09-22 18:00:00+00:00
[2026-09-22T08:40:38.776+0000] {processor.py:208} INFO - Processing /opt/airflow/dags/stock_pipeline_dag.py took 0.139 seconds
[2026-09-22T08:41:08.999+0000] {processor.py:186} INFO - Started process (PID=940) to work on /opt/airflow/dags/stock_pipeline_dag.py
[2026-09-22T08:41:09.002+0000] {processor.py:914} INFO - Processing file /opt/airflow/dags/stock_pipeline_dag.py for tasks to queue
[2026-09-22T08:41:09.007+0000] {logging_mixin.py:190} INFO - [2026-09-22T08:41:09.006+0000] {dagbag.py:588} INFO - Filling up the DagBag from /opt/airflow/dags/stock_pipeline_dag.py
[2026-09-22T08:41:09.036+0000] {processor.py:925} INFO - DAG(s) 'stock_elt_pipeline' retrieved from /opt/airflow/dags/stock_pipeline_dag.py
[2026-09-22T08:41:09.061+0000] {logging_mixin.py:190} INFO - [2026-09-22T08:41:09.060+0000] {dag.py:3239} INFO - Sync 1 DAGs
[2026-09-22T08:41:09.081+0000] {logging_mixin.py:190} INFO - [2026-09-22T08:41:09.081+0000] {dag.py:4180} INFO - Setting next_dagrun for stock_elt_pipeline to 2026-09-21 18:00:00+00:00, run_after=2026-09-22 18:00:00+00:00
[2026-09-22T08:41:09.105+0000] {processor.py:208} INFO - Processing /opt/airflow/dags/stock_pipeline_dag.py took 0.112 seconds
[2026-09-22T08:41:39.341+0000] {processor.py:186} INFO - Started process (PID=945) to work on /opt/airflow/dags/stock_pipeline_dag.py
[2026-09-22T08:41:39.343+0000] {processor.py:914} INFO - Processing file /opt/airflow/dags/stock_pipeline_dag.py for tasks to queue
[2026-09-22T08:41:39.346+0000] {logging_mixin.py:190} INFO - [2026-09-22T08:41:39.345+0000] {dagbag.py:588} INFO - Filling up the DagBag from /opt/airflow/dags/stock_pipeline_dag.py
[2026-09-22T08:41:39.380+0000] {processor.py:925} INFO - DAG(s) 'stock_elt_pipeline' retrieved from /opt/airflow/dags/stock_pipeline_dag.py
[2026-09-22T08:41:39.404+0000] {logging_mixin.py:190} INFO - [2026-09-22T08:41:39.404+0000] {dag.py:3239} INFO - Sync 1 DAGs
[2026-09-22T08:41:39.425+0000] {logging_mixin.py:190} INFO - [2026-09-22T08:41:39.425+0000] {dag.py:4180} INFO - Setting next_dagrun for stock_elt_pipeline to 2026-09-21 18:00:00+00:00, run_after=2026-09-22 18:00:00+00:00
[2026-09-22T08:41:39.448+0000] {processor.py:208} INFO - Processing /opt/airflow/dags/stock_pipeline_dag.py took 0.112 seconds
[2026-09-22T08:42:09.642+0000] {processor.py:186} INFO - Started process (PID=950) to work on /opt/airflow/dags/stock_pipeline_dag.py
[2026-09-22T08:42:09.643+0000] {processor.py:914} INFO - Processing file /opt/airflow/dags/stock_pipeline_dag.py for tasks to queue
[2026-09-22T08:42:09.645+0000] {logging_mixin.py:190} INFO - [2026-09-22T08:42:09.645+0000] {dagbag.py:588} INFO - Filling up the DagBag from /opt/airflow/dags/stock_pipeline_dag.py
[2026-09-22T08:42:09.663+0000] {processor.py:925} INFO - DAG(s) 'stock_elt_pipeline' retrieved from /opt/airflow/dags/stock_pipeline_dag.py
[2026-09-22T08:42:09.688+0000] {logging_mixin.py:190} INFO - [2026-09-22T08:42:09.687+0000] {dag.py:3239} INFO - Sync 1 DAGs
[2026-09-22T08:42:09.708+0000] {logging_mixin.py:190} INFO - [2026-09-22T08:42:09.708+0000] {dag.py:4180} INFO - Setting next_dagrun for stock_elt_pipeline to 2026-09-21 18:00:00+00:00, run_after=2026-09-22 18:00:00+00:00
[2026-09-22T08:42:09.725+0000] {processor.py:208} INFO - Processing /opt/airflow/dags/stock_pipeline_dag.py took 0.088 seconds
[2026-09-22T08:42:40.018+0000] {processor.py:186} INFO - Started process (PID=955) to work on /opt/airflow/dags/stock_pipeline_dag.py
[2026-09-22T08:42:40.020+0000] {processor.py:914} INFO - Processing file /opt/airflow/dags/stock_pipeline_dag.py for tasks to queue
[2026-09-22T08:42:40.026+0000] {logging_mixin.py:190} INFO - [2026-09-22T08:42:40.026+0000] {dagbag.py:588} INFO - Filling up the DagBag from /opt/airflow/dags/stock_pipeline_dag.py
[2026-09-22T08:42:40.044+0000] {processor.py:925} INFO - DAG(s) 'stock_elt_pipeline' retrieved from /opt/airflow/dags/stock_pipeline_dag.py
[2026-09-22T08:42:40.071+0000] {logging_mixin.py:190} INFO - [2026-09-22T08:42:40.071+0000] {dag.py:3239} INFO - Sync 1 DAGs
[2026-09-22T08:42:40.091+0000] {logging_mixin.py:190} INFO - [2026-09-22T08:42:40.091+0000] {dag.py:4180} INFO - Setting next_dagrun for stock_elt_pipeline to 2026-09-21 18:00:00+00:00, run_after=2026-09-22 18:00:00+00:00
[2026-09-22T08:42:40.113+0000] {processor.py:208} INFO - Processing /opt/airflow/dags/stock_pipeline_dag.py took 0.099 seconds
[2026-09-22T08:43:10.322+0000] {processor.py:186} INFO - Started process (PID=960) to work on /opt/airflow/dags/stock_pipeline_dag.py
[2026-09-22T08:43:10.323+0000] {processor.py:914} INFO - Processing file /opt/airflow/dags/stock_pipeline_dag.py for tasks to queue
[2026-09-22T08:43:10.330+0000] {logging_mixin.py:190} INFO - [2026-09-22T08:43:10.330+0000] {dagbag.py:588} INFO - Filling up the DagBag from /opt/airflow/dags/stock_pipeline_dag.py
[2026-09-22T08:43:10.348+0000] {processor.py:925} INFO - DAG(s) 'stock_elt_pipeline' retrieved from /opt/airflow/dags/stock_pipeline_dag.py
[2026-09-22T08:43:10.372+0000] {logging_mixin.py:190} INFO - [2026-09-22T08:43:10.372+0000] {dag.py:3239} INFO - Sync 1 DAGs
[2026-09-22T08:43:10.391+0000] {logging_mixin.py:190} INFO - [2026-09-22T08:43:10.391+0000] {dag.py:4180} INFO - Setting next_dagrun for stock_elt_pipeline to 2026-09-21 18:00:00+00:00, run_after=2026-09-22 18:00:00+00:00
[2026-09-22T08:43:10.411+0000] {processor.py:208} INFO - Processing /opt/airflow/dags/stock_pipeline_dag.py took 0.095 seconds
[2026-09-22T08:43:40.727+0000] {processor.py:186} INFO - Started process (PID=965) to work on /opt/airflow/dags/stock_pipeline_dag.py
[2026-09-22T08:43:40.729+0000] {processor.py:914} INFO - Processing file /opt/airflow/dags/stock_pipeline_dag.py for tasks to queue
[2026-09-22T08:43:40.734+0000] {logging_mixin.py:190} INFO - [2026-09-22T08:43:40.733+0000] {dagbag.py:588} INFO - Filling up the DagBag from /opt/airflow/dags/stock_pipeline_dag.py
[2026-09-22T08:43:40.766+0000] {processor.py:925} INFO - DAG(s) 'stock_elt_pipeline' retrieved from /opt/airflow/dags/stock_pipeline_dag.py
[2026-09-22T08:43:40.792+0000] {logging_mixin.py:190} INFO - [2026-09-22T08:43:40.792+0000] {dag.py:3239} INFO - Sync 1 DAGs
[2026-09-22T08:43:40.813+0000] {logging_mixin.py:190} INFO - [2026-09-22T08:43:40.812+0000] {dag.py:4180} INFO - Setting next_dagrun for stock_elt_pipeline to 2026-09-21 18:00:00+00:00, run_after=2026-09-22 18:00:00+00:00
[2026-09-22T08:43:40.840+0000] {processor.py:208} INFO - Processing /opt/airflow/dags/stock_pipeline_dag.py took 0.119 seconds
[2026-09-22T08:44:11.005+0000] {processor.py:186} INFO - Started process (PID=970) to work on /opt/airflow/dags/stock_pipeline_dag.py
[2026-09-22T08:44:11.007+0000] {processor.py:914} INFO - Processing file /opt/airflow/dags/stock_pipeline_dag.py for tasks to queue
[2026-09-22T08:44:11.009+0000] {logging_mixin.py:190} INFO - [2026-09-22T08:44:11.009+0000] {dagbag.py:588} INFO - Filling up the DagBag from /opt/airflow/dags/stock_pipeline_dag.py
[2026-09-22T08:44:11.025+0000] {processor.py:925} INFO - DAG(s) 'stock_elt_pipeline' retrieved from /opt/airflow/dags/stock_pipeline_dag.py
[2026-09-22T08:44:11.050+0000] {logging_mixin.py:190} INFO - [2026-09-22T08:44:11.049+0000] {dag.py:3239} INFO - Sync 1 DAGs
[2026-09-22T08:44:11.069+0000] {logging_mixin.py:190} INFO - [2026-09-22T08:44:11.069+0000] {dag.py:4180} INFO - Setting next_dagrun for stock_elt_pipeline to 2026-09-21 18:00:00+00:00, run_after=2026-09-22 18:00:00+00:00
[2026-09-22T08:44:11.088+0000] {processor.py:208} INFO - Processing /opt/airflow/dags/stock_pipeline_dag.py took 0.087 seconds
[2026-09-22T08:44:41.363+0000] {processor.py:186} INFO - Started process (PID=975) to work on /opt/airflow/dags/stock_pipeline_dag.py
[2026-09-22T08:44:41.364+0000] {processor.py:914} INFO - Processing file /opt/airflow/dags/stock_pipeline_dag.py for tasks to queue
[2026-09-22T08:44:41.369+0000] {logging_mixin.py:190} INFO - [2026-09-22T08:44:41.369+0000] {dagbag.py:588} INFO - Filling up the DagBag from /opt/airflow/dags/stock_pipeline_dag.py
[2026-09-22T08:44:41.398+0000] {processor.py:925} INFO - DAG(s) 'stock_elt_pipeline' retrieved from /opt/airflow/dags/stock_pipeline_dag.py
[2026-09-22T08:44:41.420+0000] {logging_mixin.py:190} INFO - [2026-09-22T08:44:41.420+0000] {dag.py:3239} INFO - Sync 1 DAGs
[2026-09-22T08:44:41.440+0000] {logging_mixin.py:190} INFO - [2026-09-22T08:44:41.440+0000] {dag.py:4180} INFO - Setting next_dagrun for stock_elt_pipeline to 2026-09-21 18:00:00+00:00, run_after=2026-09-22 18:00:00+00:00
[2026-09-22T08:44:41.461+0000] {processor.py:208} INFO - Processing /opt/airflow/dags/stock_pipeline_dag.py took 0.103 seconds
[2026-09-22T08:45:11.738+0000] {processor.py:186} INFO - Started process (PID=980) to work on /opt/airflow/dags/stock_pipeline_dag.py
[2026-09-22T08:45:11.740+0000] {processor.py:914} INFO - Processing file /opt/airflow/dags/stock_pipeline_dag.py for tasks to queue
[2026-09-22T08:45:11.743+0000] {logging_mixin.py:190} INFO - [2026-09-22T08:45:11.742+0000] {dagbag.py:588} INFO - Filling up the DagBag from /opt/airflow/dags/stock_pipeline_dag.py
[2026-09-22T08:45:11.771+0000] {processor.py:925} INFO - DAG(s) 'stock_elt_pipeline' retrieved from /opt/airflow/dags/stock_pipeline_dag.py
[2026-09-22T08:45:11.794+0000] {logging_mixin.py:190} INFO - [2026-09-22T08:45:11.793+0000] {dag.py:3239} INFO - Sync 1 DAGs
[2026-09-22T08:45:11.815+0000] {logging_mixin.py:190} INFO - [2026-09-22T08:45:11.815+0000] {dag.py:4180} INFO - Setting next_dagrun for stock_elt_pipeline to 2026-09-21 18:00:00+00:00, run_after=2026-09-22 18:00:00+00:00
[2026-09-22T08:45:11.834+0000] {processor.py:208} INFO - Processing /opt/airflow/dags/stock_pipeline_dag.py took 0.103 seconds
[2026-09-22T08:45:42.116+0000] {processor.py:186} INFO - Started process (PID=1001) to work on /opt/airflow/dags/stock_pipeline_dag.py
[2026-09-22T08:45:42.119+0000] {processor.py:914} INFO - Processing file /opt/airflow/dags/stock_pipeline_dag.py for tasks to queue
[2026-09-22T08:45:42.122+0000] {logging_mixin.py:190} INFO - [2026-09-22T08:45:42.122+0000] {dagbag.py:588} INFO - Filling up the DagBag from /opt/airflow/dags/stock_pipeline_dag.py
[2026-09-22T08:45:42.148+0000] {processor.py:925} INFO - DAG(s) 'stock_elt_pipeline' retrieved from /opt/airflow/dags/stock_pipeline_dag.py
[2026-09-22T08:45:42.171+0000] {logging_mixin.py:190} INFO - [2026-09-22T08:45:42.171+0000] {dag.py:3239} INFO - Sync 1 DAGs
[2026-09-22T08:45:42.190+0000] {logging_mixin.py:190} INFO - [2026-09-22T08:45:42.190+0000] {dag.py:4180} INFO - Setting next_dagrun for stock_elt_pipeline to 2026-09-21 18:00:00+00:00, run_after=2026-09-22 18:00:00+00:00
[2026-09-22T08:45:42.212+0000] {processor.py:208} INFO - Processing /opt/airflow/dags/stock_pipeline_dag.py took 0.101 seconds
[2026-09-22T08:46:12.482+0000] {processor.py:186} INFO - Started process (PID=1022) to work on /opt/airflow/dags/stock_pipeline_dag.py
[2026-09-22T08:46:12.484+0000] {processor.py:914} INFO - Processing file /opt/airflow/dags/stock_pipeline_dag.py for tasks to queue
[2026-09-22T08:46:12.487+0000] {logging_mixin.py:190} INFO - [2026-09-22T08:46:12.487+0000] {dagbag.py:588} INFO - Filling up the DagBag from /opt/airflow/dags/stock_pipeline_dag.py
[2026-09-22T08:46:12.515+0000] {processor.py:925} INFO - DAG(s) 'stock_elt_pipeline' retrieved from /opt/airflow/dags/stock_pipeline_dag.py
[2026-09-22T08:46:12.537+0000] {logging_mixin.py:190} INFO - [2026-09-22T08:46:12.537+0000] {dag.py:3239} INFO - Sync 1 DAGs
[2026-09-22T08:46:12.560+0000] {logging_mixin.py:190} INFO - [2026-09-22T08:46:12.560+0000] {dag.py:4180} INFO - Setting next_dagrun for stock_elt_pipeline to 2026-09-21 18:00:00+00:00, run_after=2026-09-22 18:00:00+00:00
[2026-09-22T08:46:12.582+0000] {processor.py:208} INFO - Processing /opt/airflow/dags/stock_pipeline_dag.py took 0.104 seconds
[2026-09-22T08:46:42.851+0000] {processor.py:186} INFO - Started process (PID=1027) to work on /opt/airflow/dags/stock_pipeline_dag.py
[2026-09-22T08:46:42.852+0000] {processor.py:914} INFO - Processing file /opt/airflow/dags/stock_pipeline_dag.py for tasks to queue
[2026-09-22T08:46:42.859+0000] {logging_mixin.py:190} INFO - [2026-09-22T08:46:42.859+0000] {dagbag.py:588} INFO - Filling up the DagBag from /opt/airflow/dags/stock_pipeline_dag.py
[2026-09-22T08:46:42.893+0000] {processor.py:925} INFO - DAG(s) 'stock_elt_pipeline' retrieved from /opt/airflow/dags/stock_pipeline_dag.py
[2026-09-22T08:46:42.919+0000] {logging_mixin.py:190} INFO - [2026-09-22T08:46:42.919+0000] {dag.py:3239} INFO - Sync 1 DAGs
[2026-09-22T08:46:42.941+0000] {logging_mixin.py:190} INFO - [2026-09-22T08:46:42.941+0000] {dag.py:4180} INFO - Setting next_dagrun for stock_elt_pipeline to 2026-09-21 18:00:00+00:00, run_after=2026-09-22 18:00:00+00:00
[2026-09-22T08:46:42.965+0000] {processor.py:208} INFO - Processing /opt/airflow/dags/stock_pipeline_dag.py took 0.120 seconds
[2026-09-22T08:47:13.149+0000] {processor.py:186} INFO - Started process (PID=1032) to work on /opt/airflow/dags/stock_pipeline_dag.py
[2026-09-22T08:47:13.151+0000] {processor.py:914} INFO - Processing file /opt/airflow/dags/stock_pipeline_dag.py for tasks to queue
[2026-09-22T08:47:13.157+0000] {logging_mixin.py:190} INFO - [2026-09-22T08:47:13.157+0000] {dagbag.py:588} INFO - Filling up the DagBag from /opt/airflow/dags/stock_pipeline_dag.py
[2026-09-22T08:47:13.185+0000] {processor.py:925} INFO - DAG(s) 'stock_elt_pipeline' retrieved from /opt/airflow/dags/stock_pipeline_dag.py
[2026-09-22T08:47:13.209+0000] {logging_mixin.py:190} INFO - [2026-09-22T08:47:13.209+0000] {dag.py:3239} INFO - Sync 1 DAGs
[2026-09-22T08:47:13.228+0000] {logging_mixin.py:190} INFO - [2026-09-22T08:47:13.228+0000] {dag.py:4180} INFO - Setting next_dagrun for stock_elt_pipeline to 2026-09-21 18:00:00+00:00, run_after=2026-09-22 18:00:00+00:00
[2026-09-22T08:47:13.249+0000] {processor.py:208} INFO - Processing /opt/airflow/dags/stock_pipeline_dag.py took 0.106 seconds
[2026-09-22T08:47:43.473+0000] {processor.py:186} INFO - Started process (PID=1037) to work on /opt/airflow/dags/stock_pipeline_dag.py
[2026-09-22T08:47:43.476+0000] {processor.py:914} INFO - Processing file /opt/airflow/dags/stock_pipeline_dag.py for tasks to queue
[2026-09-22T08:47:43.479+0000] {logging_mixin.py:190} INFO - [2026-09-22T08:47:43.479+0000] {dagbag.py:588} INFO - Filling up the DagBag from /opt/airflow/dags/stock_pipeline_dag.py
[2026-09-22T08:47:43.512+0000] {processor.py:925} INFO - DAG(s) 'stock_elt_pipeline' retrieved from /opt/airflow/dags/stock_pipeline_dag.py
[2026-09-22T08:47:43.540+0000] {logging_mixin.py:190} INFO - [2026-09-22T08:47:43.540+0000] {dag.py:3239} INFO - Sync 1 DAGs
[2026-09-22T08:47:43.562+0000] {logging_mixin.py:190} INFO - [2026-09-22T08:47:43.562+0000] {dag.py:4180} INFO - Setting next_dagrun for stock_elt_pipeline to 2026-09-21 18:00:00+00:00, run_after=2026-09-22 18:00:00+00:00
[2026-09-22T08:47:43.584+0000] {processor.py:208} INFO - Processing /opt/airflow/dags/stock_pipeline_dag.py took 0.117 seconds
[2026-09-22T08:48:13.861+0000] {processor.py:186} INFO - Started process (PID=1042) to work on /opt/airflow/dags/stock_pipeline_dag.py
[2026-09-22T08:48:13.863+0000] {processor.py:914} INFO - Processing file /opt/airflow/dags/stock_pipeline_dag.py for tasks to queue
[2026-09-22T08:48:13.867+0000] {logging_mixin.py:190} INFO - [2026-09-22T08:48:13.866+0000] {dagbag.py:588} INFO - Filling up the DagBag from /opt/airflow/dags/stock_pipeline_dag.py
[2026-09-22T08:48:13.911+0000] {processor.py:925} INFO - DAG(s) 'stock_elt_pipeline' retrieved from /opt/airflow/dags/stock_pipeline_dag.py
[2026-09-22T08:48:13.944+0000] {logging_mixin.py:190} INFO - [2026-09-22T08:48:13.944+0000] {dag.py:3239} INFO - Sync 1 DAGs
[2026-09-22T08:48:13.973+0000] {logging_mixin.py:190} INFO - [2026-09-22T08:48:13.973+0000] {dag.py:4180} INFO - Setting next_dagrun for stock_elt_pipeline to 2026-09-21 18:00:00+00:00, run_after=2026-09-22 18:00:00+00:00
[2026-09-22T08:48:14.001+0000] {processor.py:208} INFO - Processing /opt/airflow/dags/stock_pipeline_dag.py took 0.147 seconds
[2026-09-22T08:48:44.171+0000] {processor.py:186} INFO - Started process (PID=1047) to work on /opt/airflow/dags/stock_pipeline_dag.py
[2026-09-22T08:48:44.173+0000] {processor.py:914} INFO - Processing file /opt/airflow/dags/stock_pipeline_dag.py for tasks to queue
[2026-09-22T08:48:44.177+0000] {logging_mixin.py:190} INFO - [2026-09-22T08:48:44.177+0000] {dagbag.py:588} INFO - Filling up the DagBag from /opt/airflow/dags/stock_pipeline_dag.py
[2026-09-22T08:48:44.209+0000] {processor.py:925} INFO - DAG(s) 'stock_elt_pipeline' retrieved from /opt/airflow/dags/stock_pipeline_dag.py
[2026-09-22T08:48:44.233+0000] {logging_mixin.py:190} INFO - [2026-09-22T08:48:44.233+0000] {dag.py:3239} INFO - Sync 1 DAGs
[2026-09-22T08:48:44.255+0000] {logging_mixin.py:190} INFO - [2026-09-22T08:48:44.255+0000] {dag.py:4180} INFO - Setting next_dagrun for stock_elt_pipeline to 2026-09-21 18:00:00+00:00, run_after=2026-09-22 18:00:00+00:00
[2026-09-22T08:48:44.276+0000] {processor.py:208} INFO - Processing /opt/airflow/dags/stock_pipeline_dag.py took 0.111 seconds
[2026-09-22T08:49:14.479+0000] {processor.py:186} INFO - Started process (PID=1052) to work on /opt/airflow/dags/stock_pipeline_dag.py
[2026-09-22T08:49:14.481+0000] {processor.py:914} INFO - Processing file /opt/airflow/dags/stock_pipeline_dag.py for tasks to queue
[2026-09-22T08:49:14.484+0000] {logging_mixin.py:190} INFO - [2026-09-22T08:49:14.484+0000] {dagbag.py:588} INFO - Filling up the DagBag from /opt/airflow/dags/stock_pipeline_dag.py
[2026-09-22T08:49:14.514+0000] {processor.py:925} INFO - DAG(s) 'stock_elt_pipeline' retrieved from /opt/airflow/dags/stock_pipeline_dag.py
[2026-09-22T08:49:14.538+0000] {logging_mixin.py:190} INFO - [2026-09-22T08:49:14.538+0000] {dag.py:3239} INFO - Sync 1 DAGs
[2026-09-22T08:49:14.563+0000] {logging_mixin.py:190} INFO - [2026-09-22T08:49:14.563+0000] {dag.py:4180} INFO - Setting next_dagrun for stock_elt_pipeline to 2026-09-21 18:00:00+00:00, run_after=2026-09-22 18:00:00+00:00
[2026-09-22T08:49:14.588+0000] {processor.py:208} INFO - Processing /opt/airflow/dags/stock_pipeline_dag.py took 0.114 seconds
[2026-09-22T08:51:44.391+0000] {processor.py:186} INFO - Started process (PID=210) to work on /opt/airflow/dags/stock_pipeline_dag.py
[2026-09-22T08:51:44.393+0000] {processor.py:914} INFO - Processing file /opt/airflow/dags/stock_pipeline_dag.py for tasks to queue
[2026-09-22T08:51:44.396+0000] {logging_mixin.py:190} INFO - [2026-09-22T08:51:44.396+0000] {dagbag.py:588} INFO - Filling up the DagBag from /opt/airflow/dags/stock_pipeline_dag.py
[2026-09-22T08:51:44.428+0000] {processor.py:925} INFO - DAG(s) 'stock_elt_pipeline' retrieved from /opt/airflow/dags/stock_pipeline_dag.py
[2026-09-22T08:51:44.490+0000] {logging_mixin.py:190} INFO - [2026-09-22T08:51:44.490+0000] {dag.py:3239} INFO - Sync 1 DAGs
[2026-09-22T08:51:44.522+0000] {logging_mixin.py:190} INFO - [2026-09-22T08:51:44.521+0000] {dag.py:4180} INFO - Setting next_dagrun for stock_elt_pipeline to 2026-09-21 18:00:00+00:00, run_after=2026-09-22 18:00:00+00:00
[2026-09-22T08:51:44.546+0000] {processor.py:208} INFO - Processing /opt/airflow/dags/stock_pipeline_dag.py took 0.164 seconds
[2026-09-22T08:52:14.706+0000] {processor.py:186} INFO - Started process (PID=296) to work on /opt/airflow/dags/stock_pipeline_dag.py
[2026-09-22T08:52:14.708+0000] {processor.py:914} INFO - Processing file /opt/airflow/dags/stock_pipeline_dag.py for tasks to queue
[2026-09-22T08:52:14.712+0000] {logging_mixin.py:190} INFO - [2026-09-22T08:52:14.712+0000] {dagbag.py:588} INFO - Filling up the DagBag from /opt/airflow/dags/stock_pipeline_dag.py
[2026-09-22T08:52:14.747+0000] {processor.py:925} INFO - DAG(s) 'stock_elt_pipeline' retrieved from /opt/airflow/dags/stock_pipeline_dag.py
[2026-09-22T08:52:14.777+0000] {logging_mixin.py:190} INFO - [2026-09-22T08:52:14.777+0000] {dag.py:3239} INFO - Sync 1 DAGs
[2026-09-22T08:52:14.804+0000] {logging_mixin.py:190} INFO - [2026-09-22T08:52:14.803+0000] {dag.py:4180} INFO - Setting next_dagrun for stock_elt_pipeline to 2026-09-21 18:00:00+00:00, run_after=2026-09-22 18:00:00+00:00
[2026-09-22T08:52:14.826+0000] {processor.py:208} INFO - Processing /opt/airflow/dags/stock_pipeline_dag.py took 0.127 seconds
[2026-09-22T08:52:45.162+0000] {processor.py:186} INFO - Started process (PID=301) to work on /opt/airflow/dags/stock_pipeline_dag.py
[2026-09-22T08:52:45.164+0000] {processor.py:914} INFO - Processing file /opt/airflow/dags/stock_pipeline_dag.py for tasks to queue
[2026-09-22T08:52:45.167+0000] {logging_mixin.py:190} INFO - [2026-09-22T08:52:45.167+0000] {dagbag.py:588} INFO - Filling up the DagBag from /opt/airflow/dags/stock_pipeline_dag.py
[2026-09-22T08:52:45.201+0000] {processor.py:925} INFO - DAG(s) 'stock_elt_pipeline' retrieved from /opt/airflow/dags/stock_pipeline_dag.py
[2026-09-22T08:52:45.226+0000] {logging_mixin.py:190} INFO - [2026-09-22T08:52:45.226+0000] {dag.py:3239} INFO - Sync 1 DAGs
[2026-09-22T08:52:45.248+0000] {logging_mixin.py:190} INFO - [2026-09-22T08:52:45.248+0000] {dag.py:4180} INFO - Setting next_dagrun for stock_elt_pipeline to 2026-09-21 18:00:00+00:00, run_after=2026-09-22 18:00:00+00:00
[2026-09-22T08:52:45.268+0000] {processor.py:208} INFO - Processing /opt/airflow/dags/stock_pipeline_dag.py took 0.112 seconds
[2026-09-22T08:53:15.515+0000] {processor.py:186} INFO - Started process (PID=306) to work on /opt/airflow/dags/stock_pipeline_dag.py
[2026-09-22T08:53:15.516+0000] {processor.py:914} INFO - Processing file /opt/airflow/dags/stock_pipeline_dag.py for tasks to queue
[2026-09-22T08:53:15.520+0000] {logging_mixin.py:190} INFO - [2026-09-22T08:53:15.520+0000] {dagbag.py:588} INFO - Filling up the DagBag from /opt/airflow/dags/stock_pipeline_dag.py
[2026-09-22T08:53:15.536+0000] {processor.py:925} INFO - DAG(s) 'stock_elt_pipeline' retrieved from /opt/airflow/dags/stock_pipeline_dag.py
[2026-09-22T08:53:15.563+0000] {logging_mixin.py:190} INFO - [2026-09-22T08:53:15.562+0000] {dag.py:3239} INFO - Sync 1 DAGs
[2026-09-22T08:53:15.583+0000] {logging_mixin.py:190} INFO - [2026-09-22T08:53:15.582+0000] {dag.py:4180} INFO - Setting next_dagrun for stock_elt_pipeline to 2026-09-21 18:00:00+00:00, run_after=2026-09-22 18:00:00+00:00
[2026-09-22T08:53:15.602+0000] {processor.py:208} INFO - Processing /opt/airflow/dags/stock_pipeline_dag.py took 0.091 seconds
[2026-09-22T08:53:45.901+0000] {processor.py:186} INFO - Started process (PID=312) to work on /opt/airflow/dags/stock_pipeline_dag.py
[2026-09-22T08:53:45.902+0000] {processor.py:914} INFO - Processing file /opt/airflow/dags/stock_pipeline_dag.py for tasks to queue
[2026-09-22T08:53:45.906+0000] {logging_mixin.py:190} INFO - [2026-09-22T08:53:45.906+0000] {dagbag.py:588} INFO - Filling up the DagBag from /opt/airflow/dags/stock_pipeline_dag.py
[2026-09-22T08:53:45.937+0000] {processor.py:925} INFO - DAG(s) 'stock_elt_pipeline' retrieved from /opt/airflow/dags/stock_pipeline_dag.py
[2026-09-22T08:53:45.958+0000] {logging_mixin.py:190} INFO - [2026-09-22T08:53:45.958+0000] {dag.py:3239} INFO - Sync 1 DAGs
[2026-09-22T08:53:45.978+0000] {logging_mixin.py:190} INFO - [2026-09-22T08:53:45.978+0000] {dag.py:4180} INFO - Setting next_dagrun for stock_elt_pipeline to 2026-09-21 18:00:00+00:00, run_after=2026-09-22 18:00:00+00:00
[2026-09-22T08:53:46.001+0000] {processor.py:208} INFO - Processing /opt/airflow/dags/stock_pipeline_dag.py took 0.105 seconds
[2026-09-22T08:54:16.208+0000] {processor.py:186} INFO - Started process (PID=317) to work on /opt/airflow/dags/stock_pipeline_dag.py
[2026-09-22T08:54:16.209+0000] {processor.py:914} INFO - Processing file /opt/airflow/dags/stock_pipeline_dag.py for tasks to queue
[2026-09-22T08:54:16.220+0000] {logging_mixin.py:190} INFO - [2026-09-22T08:54:16.219+0000] {dagbag.py:588} INFO - Filling up the DagBag from /opt/airflow/dags/stock_pipeline_dag.py
[2026-09-22T08:54:16.301+0000] {processor.py:925} INFO - DAG(s) 'stock_elt_pipeline' retrieved from /opt/airflow/dags/stock_pipeline_dag.py
[2026-09-22T08:54:16.329+0000] {logging_mixin.py:190} INFO - [2026-09-22T08:54:16.329+0000] {dag.py:3239} INFO - Sync 1 DAGs
[2026-09-22T08:54:16.350+0000] {logging_mixin.py:190} INFO - [2026-09-22T08:54:16.350+0000] {dag.py:4180} INFO - Setting next_dagrun for stock_elt_pipeline to 2026-09-21 18:00:00+00:00, run_after=2026-09-22 18:00:00+00:00
[2026-09-22T08:54:16.371+0000] {processor.py:208} INFO - Processing /opt/airflow/dags/stock_pipeline_dag.py took 0.169 seconds
[2026-09-22T08:54:46.648+0000] {processor.py:186} INFO - Started process (PID=322) to work on /opt/airflow/dags/stock_pipeline_dag.py
[2026-09-22T08:54:46.649+0000] {processor.py:914} INFO - Processing file /opt/airflow/dags/stock_pipeline_dag.py for tasks to queue
[2026-09-22T08:54:46.652+0000] {logging_mixin.py:190} INFO - [2026-09-22T08:54:46.652+0000] {dagbag.py:588} INFO - Filling up the DagBag from /opt/airflow/dags/stock_pipeline_dag.py
[2026-09-22T08:54:46.679+0000] {processor.py:925} INFO - DAG(s) 'stock_elt_pipeline' retrieved from /opt/airflow/dags/stock_pipeline_dag.py
[2026-09-22T08:54:46.702+0000] {logging_mixin.py:190} INFO - [2026-09-22T08:54:46.702+0000] {dag.py:3239} INFO - Sync 1 DAGs
[2026-09-22T08:54:46.723+0000] {logging_mixin.py:190} INFO - [2026-09-22T08:54:46.722+0000] {dag.py:4180} INFO - Setting next_dagrun for stock_elt_pipeline to 2026-09-21 18:00:00+00:00, run_after=2026-09-22 18:00:00+00:00
[2026-09-22T08:54:46.747+0000] {processor.py:208} INFO - Processing /opt/airflow/dags/stock_pipeline_dag.py took 0.103 seconds
[2026-09-22T08:55:16.957+0000] {processor.py:186} INFO - Started process (PID=327) to work on /opt/airflow/dags/stock_pipeline_dag.py
[2026-09-22T08:55:16.959+0000] {processor.py:914} INFO - Processing file /opt/airflow/dags/stock_pipeline_dag.py for tasks to queue
[2026-09-22T08:55:16.963+0000] {logging_mixin.py:190} INFO - [2026-09-22T08:55:16.962+0000] {dagbag.py:588} INFO - Filling up the DagBag from /opt/airflow/dags/stock_pipeline_dag.py
[2026-09-22T08:55:16.990+0000] {processor.py:925} INFO - DAG(s) 'stock_elt_pipeline' retrieved from /opt/airflow/dags/stock_pipeline_dag.py
[2026-09-22T08:55:17.014+0000] {logging_mixin.py:190} INFO - [2026-09-22T08:55:17.014+0000] {dag.py:3239} INFO - Sync 1 DAGs
[2026-09-22T08:55:17.036+0000] {logging_mixin.py:190} INFO - [2026-09-22T08:55:17.036+0000] {dag.py:4180} INFO - Setting next_dagrun for stock_elt_pipeline to 2026-09-21 18:00:00+00:00, run_after=2026-09-22 18:00:00+00:00
[2026-09-22T08:55:17.057+0000] {processor.py:208} INFO - Processing /opt/airflow/dags/stock_pipeline_dag.py took 0.104 seconds
[2026-09-22T08:55:47.322+0000] {processor.py:186} INFO - Started process (PID=332) to work on /opt/airflow/dags/stock_pipeline_dag.py
[2026-09-22T08:55:47.324+0000] {processor.py:914} INFO - Processing file /opt/airflow/dags/stock_pipeline_dag.py for tasks to queue
[2026-09-22T08:55:47.327+0000] {logging_mixin.py:190} INFO - [2026-09-22T08:55:47.327+0000] {dagbag.py:588} INFO - Filling up the DagBag from /opt/airflow/dags/stock_pipeline_dag.py
[2026-09-22T08:55:47.355+0000] {processor.py:925} INFO - DAG(s) 'stock_elt_pipeline' retrieved from /opt/airflow/dags/stock_pipeline_dag.py
[2026-09-22T08:55:47.380+0000] {logging_mixin.py:190} INFO - [2026-09-22T08:55:47.380+0000] {dag.py:3239} INFO - Sync 1 DAGs
[2026-09-22T08:55:47.401+0000] {logging_mixin.py:190} INFO - [2026-09-22T08:55:47.401+0000] {dag.py:4180} INFO - Setting next_dagrun for stock_elt_pipeline to 2026-09-21 18:00:00+00:00, run_after=2026-09-22 18:00:00+00:00
[2026-09-22T08:55:47.424+0000] {processor.py:208} INFO - Processing /opt/airflow/dags/stock_pipeline_dag.py took 0.107 seconds
[2026-09-22T08:56:17.649+0000] {processor.py:186} INFO - Started process (PID=337) to work on /opt/airflow/dags/stock_pipeline_dag.py
[2026-09-22T08:56:17.651+0000] {processor.py:914} INFO - Processing file /opt/airflow/dags/stock_pipeline_dag.py for tasks to queue
[2026-09-22T08:56:17.654+0000] {logging_mixin.py:190} INFO - [2026-09-22T08:56:17.654+0000] {dagbag.py:588} INFO - Filling up the DagBag from /opt/airflow/dags/stock_pipeline_dag.py
[2026-09-22T08:56:17.682+0000] {processor.py:925} INFO - DAG(s) 'stock_elt_pipeline' retrieved from /opt/airflow/dags/stock_pipeline_dag.py
[2026-09-22T08:56:17.712+0000] {logging_mixin.py:190} INFO - [2026-09-22T08:56:17.712+0000] {dag.py:3239} INFO - Sync 1 DAGs
[2026-09-22T08:56:17.737+0000] {logging_mixin.py:190} INFO - [2026-09-22T08:56:17.737+0000] {dag.py:4180} INFO - Setting next_dagrun for stock_elt_pipeline to 2026-09-21 18:00:00+00:00, run_after=2026-09-22 18:00:00+00:00
[2026-09-22T08:56:17.760+0000] {processor.py:208} INFO - Processing /opt/airflow/dags/stock_pipeline_dag.py took 0.115 seconds
[2026-09-22T08:56:48.046+0000] {processor.py:186} INFO - Started process (PID=342) to work on /opt/airflow/dags/stock_pipeline_dag.py
[2026-09-22T08:56:48.048+0000] {processor.py:914} INFO - Processing file /opt/airflow/dags/stock_pipeline_dag.py for tasks to queue
[2026-09-22T08:56:48.050+0000] {logging_mixin.py:190} INFO - [2026-09-22T08:56:48.050+0000] {dagbag.py:588} INFO - Filling up the DagBag from /opt/airflow/dags/stock_pipeline_dag.py
[2026-09-22T08:56:48.082+0000] {processor.py:925} INFO - DAG(s) 'stock_elt_pipeline' retrieved from /opt/airflow/dags/stock_pipeline_dag.py
[2026-09-22T08:56:48.109+0000] {logging_mixin.py:190} INFO - [2026-09-22T08:56:48.109+0000] {dag.py:3239} INFO - Sync 1 DAGs
[2026-09-22T08:56:48.132+0000] {logging_mixin.py:190} INFO - [2026-09-22T08:56:48.132+0000] {dag.py:4180} INFO - Setting next_dagrun for stock_elt_pipeline to 2026-09-21 18:00:00+00:00, run_after=2026-09-22 18:00:00+00:00
[2026-09-22T08:56:48.157+0000] {processor.py:208} INFO - Processing /opt/airflow/dags/stock_pipeline_dag.py took 0.115 seconds
