[2026-09-22T08:40:37.212+0000] {local_task_job_runner.py:123} INFO - ::group::Pre task execution logs
[2026-09-22T08:40:37.228+0000] {taskinstance.py:2613} INFO - Dependencies all met for dep_context=non-requeueable deps ti=<TaskInstance: stock_elt_pipeline.load scheduled__2026-09-18T18:00:00+00:00 [queued]>
[2026-09-22T08:40:37.238+0000] {taskinstance.py:2613} INFO - Dependencies all met for dep_context=requeueable deps ti=<TaskInstance: stock_elt_pipeline.load scheduled__2026-09-18T18:00:00+00:00 [queued]>
[2026-09-22T08:40:37.240+0000] {taskinstance.py:2866} INFO - Starting attempt 1 of 3
[2026-09-22T08:40:37.255+0000] {taskinstance.py:2889} INFO - Executing <Task(BashOperator): load> on 2026-09-18 18:00:00+00:00
[2026-09-22T08:40:37.265+0000] {logging_mixin.py:190} WARNING - /home/***/.local/lib/python3.12/site-packages/***/task/task_runner/standard_task_runner.py:70 DeprecationWarning: This process (pid=769) is multi-threaded, use of fork() may lead to deadlocks in the child.
[2026-09-22T08:40:37.263+0000] {standard_task_runner.py:104} INFO - Running: ['***', 'tasks', 'run', 'stock_elt_pipeline', 'load', 'scheduled__2026-09-18T18:00:00+00:00', '--job-id', '7', '--raw', '--subdir', 'DAGS_FOLDER/stock_pipeline_dag.py', '--cfg-path', '/tmp/tmpc3apglt8']
[2026-09-22T08:40:37.267+0000] {standard_task_runner.py:72} INFO - Started process 772 to run task
[2026-09-22T08:40:37.268+0000] {standard_task_runner.py:105} INFO - Job 7: Subtask load
[2026-09-22T08:40:37.345+0000] {task_command.py:467} INFO - Running <TaskInstance: stock_elt_pipeline.load scheduled__2026-09-18T18:00:00+00:00 [running]> on host 39abfacf40a6
[2026-09-22T08:40:37.484+0000] {taskinstance.py:3132} INFO - Exporting env vars: AIRFLOW_CTX_DAG_OWNER='keerthi' AIRFLOW_CTX_DAG_ID='stock_elt_pipeline' AIRFLOW_CTX_TASK_ID='load' AIRFLOW_CTX_EXECUTION_DATE='2026-09-18T18:00:00+00:00' AIRFLOW_CTX_TRY_NUMBER='1' AIRFLOW_CTX_DAG_RUN_ID='scheduled__2026-09-18T18:00:00+00:00'
[2026-09-22T08:40:37.486+0000] {taskinstance.py:731} INFO - ::endgroup::
[2026-09-22T08:40:37.512+0000] {subprocess.py:78} INFO - Tmp dir root location: /tmp
[2026-09-22T08:40:37.515+0000] {subprocess.py:88} INFO - Running command: ['/usr/bin/bash', '-c', 'cd /opt/*** && python src/load.py']
[2026-09-22T08:40:37.528+0000] {subprocess.py:99} INFO - Output:
[2026-09-22T08:40:38.730+0000] {subprocess.py:106} INFO - Traceback (most recent call last):
[2026-09-22T08:40:38.732+0000] {subprocess.py:106} INFO -   File "/home/***/.local/lib/python3.12/site-packages/sqlalchemy/engine/base.py", line 3371, in _wrap_pool_connect
[2026-09-22T08:40:38.734+0000] {subprocess.py:106} INFO -     return fn()
[2026-09-22T08:40:38.735+0000] {subprocess.py:106} INFO -            ^^^^
[2026-09-22T08:40:38.736+0000] {subprocess.py:106} INFO -   File "/home/***/.local/lib/python3.12/site-packages/sqlalchemy/pool/base.py", line 327, in connect
[2026-09-22T08:40:38.737+0000] {subprocess.py:106} INFO -     return _ConnectionFairy._checkout(self)
[2026-09-22T08:40:38.739+0000] {subprocess.py:106} INFO -            ^^^^^^^^^^^^^^^^^^^^^^^^^^^^^^^^
[2026-09-22T08:40:38.740+0000] {subprocess.py:106} INFO -   File "/home/***/.local/lib/python3.12/site-packages/sqlalchemy/pool/base.py", line 894, in _checkout
[2026-09-22T08:40:38.742+0000] {subprocess.py:106} INFO -     fairy = _ConnectionRecord.checkout(pool)
[2026-09-22T08:40:38.743+0000] {subprocess.py:106} INFO -             ^^^^^^^^^^^^^^^^^^^^^^^^^^^^^^^^
[2026-09-22T08:40:38.744+0000] {subprocess.py:106} INFO -   File "/home/***/.local/lib/python3.12/site-packages/sqlalchemy/pool/base.py", line 493, in checkout
[2026-09-22T08:40:38.745+0000] {subprocess.py:106} INFO -     rec = pool._do_get()
[2026-09-22T08:40:38.746+0000] {subprocess.py:106} INFO -           ^^^^^^^^^^^^^^
[2026-09-22T08:40:38.747+0000] {subprocess.py:106} INFO -   File "/home/***/.local/lib/python3.12/site-packages/sqlalchemy/pool/impl.py", line 145, in _do_get
[2026-09-22T08:40:38.748+0000] {subprocess.py:106} INFO -     with util.safe_reraise():
[2026-09-22T08:40:38.749+0000] {subprocess.py:106} INFO -          ^^^^^^^^^^^^^^^^^^^
[2026-09-22T08:40:38.750+0000] {subprocess.py:106} INFO -   File "/home/***/.local/lib/python3.12/site-packages/sqlalchemy/util/langhelpers.py", line 70, in __exit__
[2026-09-22T08:40:38.752+0000] {subprocess.py:106} INFO -     compat.raise_(
[2026-09-22T08:40:38.752+0000] {subprocess.py:106} INFO -   File "/home/***/.local/lib/python3.12/site-packages/sqlalchemy/util/compat.py", line 211, in raise_
[2026-09-22T08:40:38.753+0000] {subprocess.py:106} INFO -     raise exception
[2026-09-22T08:40:38.754+0000] {subprocess.py:106} INFO -   File "/home/***/.local/lib/python3.12/site-packages/sqlalchemy/pool/impl.py", line 143, in _do_get
[2026-09-22T08:40:38.755+0000] {subprocess.py:106} INFO -     return self._create_connection()
[2026-09-22T08:40:38.756+0000] {subprocess.py:106} INFO -            ^^^^^^^^^^^^^^^^^^^^^^^^^
[2026-09-22T08:40:38.758+0000] {subprocess.py:106} INFO -   File "/home/***/.local/lib/python3.12/site-packages/sqlalchemy/pool/base.py", line 273, in _create_connection
[2026-09-22T08:40:38.759+0000] {subprocess.py:106} INFO -     return _ConnectionRecord(self)
[2026-09-22T08:40:38.760+0000] {subprocess.py:106} INFO -            ^^^^^^^^^^^^^^^^^^^^^^^
[2026-09-22T08:40:38.761+0000] {subprocess.py:106} INFO -   File "/home/***/.local/lib/python3.12/site-packages/sqlalchemy/pool/base.py", line 388, in __init__
[2026-09-22T08:40:38.762+0000] {subprocess.py:106} INFO -     self.__connect()
[2026-09-22T08:40:38.764+0000] {subprocess.py:106} INFO -   File "/home/***/.local/lib/python3.12/site-packages/sqlalchemy/pool/base.py", line 690, in __connect
[2026-09-22T08:40:38.765+0000] {subprocess.py:106} INFO -     with util.safe_reraise():
[2026-09-22T08:40:38.766+0000] {subprocess.py:106} INFO -          ^^^^^^^^^^^^^^^^^^^
[2026-09-22T08:40:38.767+0000] {subprocess.py:106} INFO -   File "/home/***/.local/lib/python3.12/site-packages/sqlalchemy/util/langhelpers.py", line 70, in __exit__
[2026-09-22T08:40:38.769+0000] {subprocess.py:106} INFO -     compat.raise_(
[2026-09-22T08:40:38.770+0000] {subprocess.py:106} INFO -   File "/home/***/.local/lib/python3.12/site-packages/sqlalchemy/util/compat.py", line 211, in raise_
[2026-09-22T08:40:38.771+0000] {subprocess.py:106} INFO -     raise exception
[2026-09-22T08:40:38.772+0000] {subprocess.py:106} INFO -   File "/home/***/.local/lib/python3.12/site-packages/sqlalchemy/pool/base.py", line 686, in __connect
[2026-09-22T08:40:38.774+0000] {subprocess.py:106} INFO -     self.dbapi_connection = connection = pool._invoke_creator(self)
[2026-09-22T08:40:38.775+0000] {subprocess.py:106} INFO -                                          ^^^^^^^^^^^^^^^^^^^^^^^^^^
[2026-09-22T08:40:38.776+0000] {subprocess.py:106} INFO -   File "/home/***/.local/lib/python3.12/site-packages/sqlalchemy/engine/create.py", line 574, in connect
[2026-09-22T08:40:38.777+0000] {subprocess.py:106} INFO -     return dialect.connect(*cargs, **cparams)
[2026-09-22T08:40:38.778+0000] {subprocess.py:106} INFO -            ^^^^^^^^^^^^^^^^^^^^^^^^^^^^^^^^^^
[2026-09-22T08:40:38.779+0000] {subprocess.py:106} INFO -   File "/home/***/.local/lib/python3.12/site-packages/sqlalchemy/engine/default.py", line 598, in connect
[2026-09-22T08:40:38.781+0000] {subprocess.py:106} INFO -     return self.dbapi.connect(*cargs, **cparams)
[2026-09-22T08:40:38.782+0000] {subprocess.py:106} INFO -            ^^^^^^^^^^^^^^^^^^^^^^^^^^^^^^^^^^^^^
[2026-09-22T08:40:38.783+0000] {subprocess.py:106} INFO -   File "/home/***/.local/lib/python3.12/site-packages/psycopg2/__init__.py", line 122, in connect
[2026-09-22T08:40:38.785+0000] {subprocess.py:106} INFO -     conn = _connect(dsn, connection_factory=connection_factory, **kwasync)
[2026-09-22T08:40:38.786+0000] {subprocess.py:106} INFO -            ^^^^^^^^^^^^^^^^^^^^^^^^^^^^^^^^^^^^^^^^^^^^^^^^^^^^^^^^^^^^^^^
[2026-09-22T08:40:38.787+0000] {subprocess.py:106} INFO - psycopg2.OperationalError: connection to server at "localhost" (::1), port 5433 failed: Connection refused
[2026-09-22T08:40:38.789+0000] {subprocess.py:106} INFO - 	Is the server running on that host and accepting TCP/IP connections?
[2026-09-22T08:40:38.790+0000] {subprocess.py:106} INFO - connection to server at "localhost" (127.0.0.1), port 5433 failed: Connection refused
[2026-09-22T08:40:38.791+0000] {subprocess.py:106} INFO - 	Is the server running on that host and accepting TCP/IP connections?
[2026-09-22T08:40:38.792+0000] {subprocess.py:106} INFO - 
[2026-09-22T08:40:38.793+0000] {subprocess.py:106} INFO - 
[2026-09-22T08:40:38.795+0000] {subprocess.py:106} INFO - The above exception was the direct cause of the following exception:
[2026-09-22T08:40:38.796+0000] {subprocess.py:106} INFO - 
[2026-09-22T08:40:38.797+0000] {subprocess.py:106} INFO - Traceback (most recent call last):
[2026-09-22T08:40:38.798+0000] {subprocess.py:106} INFO -   File "/opt/***/src/load.py", line 90, in <module>
[2026-09-22T08:40:38.799+0000] {subprocess.py:106} INFO -     load()
[2026-09-22T08:40:38.800+0000] {subprocess.py:106} INFO -   File "/opt/***/src/load.py", line 29, in load
[2026-09-22T08:40:38.801+0000] {subprocess.py:106} INFO -     run_ddl(engine)
[2026-09-22T08:40:38.803+0000] {subprocess.py:106} INFO -   File "/opt/***/src/load.py", line 20, in run_ddl
[2026-09-22T08:40:38.804+0000] {subprocess.py:106} INFO -     with engine.begin() as conn:
[2026-09-22T08:40:38.805+0000] {subprocess.py:106} INFO -          ^^^^^^^^^^^^^^
[2026-09-22T08:40:38.807+0000] {subprocess.py:106} INFO -   File "/home/***/.local/lib/python3.12/site-packages/sqlalchemy/engine/base.py", line 3153, in begin
[2026-09-22T08:40:38.808+0000] {subprocess.py:106} INFO -     conn = self.connect(close_with_result=close_with_result)
[2026-09-22T08:40:38.809+0000] {subprocess.py:106} INFO -            ^^^^^^^^^^^^^^^^^^^^^^^^^^^^^^^^^^^^^^^^^^^^^^^^^
[2026-09-22T08:40:38.810+0000] {subprocess.py:106} INFO -   File "/home/***/.local/lib/python3.12/site-packages/sqlalchemy/engine/base.py", line 3325, in connect
[2026-09-22T08:40:38.811+0000] {subprocess.py:106} INFO -     return self._connection_cls(self, close_with_result=close_with_result)
[2026-09-22T08:40:38.812+0000] {subprocess.py:106} INFO -            ^^^^^^^^^^^^^^^^^^^^^^^^^^^^^^^^^^^^^^^^^^^^^^^^^^^^^^^^^^^^^^^
[2026-09-22T08:40:38.813+0000] {subprocess.py:106} INFO -   File "/home/***/.local/lib/python3.12/site-packages/sqlalchemy/engine/base.py", line 96, in __init__
[2026-09-22T08:40:38.814+0000] {subprocess.py:106} INFO -     else engine.raw_connection()
[2026-09-22T08:40:38.816+0000] {subprocess.py:106} INFO -          ^^^^^^^^^^^^^^^^^^^^^^^
[2026-09-22T08:40:38.818+0000] {subprocess.py:106} INFO -   File "/home/***/.local/lib/python3.12/site-packages/sqlalchemy/engine/base.py", line 3404, in raw_connection
[2026-09-22T08:40:38.819+0000] {subprocess.py:106} INFO -     return self._wrap_pool_connect(self.pool.connect, _connection)
[2026-09-22T08:40:38.820+0000] {subprocess.py:106} INFO -            ^^^^^^^^^^^^^^^^^^^^^^^^^^^^^^^^^^^^^^^^^^^^^^^^^^^^^^^
[2026-09-22T08:40:38.822+0000] {subprocess.py:106} INFO -   File "/home/***/.local/lib/python3.12/site-packages/sqlalchemy/engine/base.py", line 3374, in _wrap_pool_connect
[2026-09-22T08:40:38.824+0000] {subprocess.py:106} INFO -     Connection._handle_dbapi_exception_noconnection(
[2026-09-22T08:40:38.826+0000] {subprocess.py:106} INFO -   File "/home/***/.local/lib/python3.12/site-packages/sqlalchemy/engine/base.py", line 2208, in _handle_dbapi_exception_noconnection
[2026-09-22T08:40:38.827+0000] {subprocess.py:106} INFO -     util.raise_(
[2026-09-22T08:40:38.829+0000] {subprocess.py:106} INFO -   File "/home/***/.local/lib/python3.12/site-packages/sqlalchemy/util/compat.py", line 211, in raise_
[2026-09-22T08:40:38.831+0000] {subprocess.py:106} INFO -     raise exception
[2026-09-22T08:40:38.833+0000] {subprocess.py:106} INFO -   File "/home/***/.local/lib/python3.12/site-packages/sqlalchemy/engine/base.py", line 3371, in _wrap_pool_connect
[2026-09-22T08:40:38.834+0000] {subprocess.py:106} INFO -     return fn()
[2026-09-22T08:40:38.835+0000] {subprocess.py:106} INFO -            ^^^^
[2026-09-22T08:40:38.837+0000] {subprocess.py:106} INFO -   File "/home/***/.local/lib/python3.12/site-packages/sqlalchemy/pool/base.py", line 327, in connect
[2026-09-22T08:40:38.838+0000] {subprocess.py:106} INFO -     return _ConnectionFairy._checkout(self)
[2026-09-22T08:40:38.839+0000] {subprocess.py:106} INFO -            ^^^^^^^^^^^^^^^^^^^^^^^^^^^^^^^^
[2026-09-22T08:40:38.841+0000] {subprocess.py:106} INFO -   File "/home/***/.local/lib/python3.12/site-packages/sqlalchemy/pool/base.py", line 894, in _checkout
[2026-09-22T08:40:38.843+0000] {subprocess.py:106} INFO -     fairy = _ConnectionRecord.checkout(pool)
[2026-09-22T08:40:38.845+0000] {subprocess.py:106} INFO -             ^^^^^^^^^^^^^^^^^^^^^^^^^^^^^^^^
[2026-09-22T08:40:38.847+0000] {subprocess.py:106} INFO -   File "/home/***/.local/lib/python3.12/site-packages/sqlalchemy/pool/base.py", line 493, in checkout
[2026-09-22T08:40:38.848+0000] {subprocess.py:106} INFO -     rec = pool._do_get()
[2026-09-22T08:40:38.850+0000] {subprocess.py:106} INFO -           ^^^^^^^^^^^^^^
[2026-09-22T08:40:38.851+0000] {subprocess.py:106} INFO -   File "/home/***/.local/lib/python3.12/site-packages/sqlalchemy/pool/impl.py", line 145, in _do_get
[2026-09-22T08:40:38.852+0000] {subprocess.py:106} INFO -     with util.safe_reraise():
[2026-09-22T08:40:38.853+0000] {subprocess.py:106} INFO -          ^^^^^^^^^^^^^^^^^^^
[2026-09-22T08:40:38.855+0000] {subprocess.py:106} INFO -   File "/home/***/.local/lib/python3.12/site-packages/sqlalchemy/util/langhelpers.py", line 70, in __exit__
[2026-09-22T08:40:38.857+0000] {subprocess.py:106} INFO -     compat.raise_(
[2026-09-22T08:40:38.858+0000] {subprocess.py:106} INFO -   File "/home/***/.local/lib/python3.12/site-packages/sqlalchemy/util/compat.py", line 211, in raise_
[2026-09-22T08:40:38.860+0000] {subprocess.py:106} INFO -     raise exception
[2026-09-22T08:40:38.861+0000] {subprocess.py:106} INFO -   File "/home/***/.local/lib/python3.12/site-packages/sqlalchemy/pool/impl.py", line 143, in _do_get
[2026-09-22T08:40:38.863+0000] {subprocess.py:106} INFO -     return self._create_connection()
[2026-09-22T08:40:38.864+0000] {subprocess.py:106} INFO -            ^^^^^^^^^^^^^^^^^^^^^^^^^
[2026-09-22T08:40:38.866+0000] {subprocess.py:106} INFO -   File "/home/***/.local/lib/python3.12/site-packages/sqlalchemy/pool/base.py", line 273, in _create_connection
[2026-09-22T08:40:38.867+0000] {subprocess.py:106} INFO -     return _ConnectionRecord(self)
[2026-09-22T08:40:38.869+0000] {subprocess.py:106} INFO -            ^^^^^^^^^^^^^^^^^^^^^^^
[2026-09-22T08:40:38.871+0000] {subprocess.py:106} INFO -   File "/home/***/.local/lib/python3.12/site-packages/sqlalchemy/pool/base.py", line 388, in __init__
[2026-09-22T08:40:38.872+0000] {subprocess.py:106} INFO -     self.__connect()
[2026-09-22T08:40:38.875+0000] {subprocess.py:106} INFO -   File "/home/***/.local/lib/python3.12/site-packages/sqlalchemy/pool/base.py", line 690, in __connect
[2026-09-22T08:40:38.876+0000] {subprocess.py:106} INFO -     with util.safe_reraise():
[2026-09-22T08:40:38.877+0000] {subprocess.py:106} INFO -          ^^^^^^^^^^^^^^^^^^^
[2026-09-22T08:40:38.879+0000] {subprocess.py:106} INFO -   File "/home/***/.local/lib/python3.12/site-packages/sqlalchemy/util/langhelpers.py", line 70, in __exit__
[2026-09-22T08:40:38.880+0000] {subprocess.py:106} INFO -     compat.raise_(
[2026-09-22T08:40:38.882+0000] {subprocess.py:106} INFO -   File "/home/***/.local/lib/python3.12/site-packages/sqlalchemy/util/compat.py", line 211, in raise_
[2026-09-22T08:40:38.883+0000] {subprocess.py:106} INFO -     raise exception
[2026-09-22T08:40:38.884+0000] {subprocess.py:106} INFO -   File "/home/***/.local/lib/python3.12/site-packages/sqlalchemy/pool/base.py", line 686, in __connect
[2026-09-22T08:40:38.885+0000] {subprocess.py:106} INFO -     self.dbapi_connection = connection = pool._invoke_creator(self)
[2026-09-22T08:40:38.887+0000] {subprocess.py:106} INFO -                                          ^^^^^^^^^^^^^^^^^^^^^^^^^^
[2026-09-22T08:40:38.888+0000] {subprocess.py:106} INFO -   File "/home/***/.local/lib/python3.12/site-packages/sqlalchemy/engine/create.py", line 574, in connect
[2026-09-22T08:40:38.889+0000] {subprocess.py:106} INFO -     return dialect.connect(*cargs, **cparams)
[2026-09-22T08:40:38.891+0000] {subprocess.py:106} INFO -            ^^^^^^^^^^^^^^^^^^^^^^^^^^^^^^^^^^
[2026-09-22T08:40:38.892+0000] {subprocess.py:106} INFO -   File "/home/***/.local/lib/python3.12/site-packages/sqlalchemy/engine/default.py", line 598, in connect
[2026-09-22T08:40:38.893+0000] {subprocess.py:106} INFO -     return self.dbapi.connect(*cargs, **cparams)
[2026-09-22T08:40:38.894+0000] {subprocess.py:106} INFO -            ^^^^^^^^^^^^^^^^^^^^^^^^^^^^^^^^^^^^^
[2026-09-22T08:40:38.895+0000] {subprocess.py:106} INFO -   File "/home/***/.local/lib/python3.12/site-packages/psycopg2/__init__.py", line 122, in connect
[2026-09-22T08:40:38.896+0000] {subprocess.py:106} INFO -     conn = _connect(dsn, connection_factory=connection_factory, **kwasync)
[2026-09-22T08:40:38.898+0000] {subprocess.py:106} INFO -            ^^^^^^^^^^^^^^^^^^^^^^^^^^^^^^^^^^^^^^^^^^^^^^^^^^^^^^^^^^^^^^^
[2026-09-22T08:40:38.899+0000] {subprocess.py:106} INFO - sqlalchemy.exc.OperationalError: (psycopg2.OperationalError) connection to server at "localhost" (::1), port 5433 failed: Connection refused
[2026-09-22T08:40:38.900+0000] {subprocess.py:106} INFO - 	Is the server running on that host and accepting TCP/IP connections?
[2026-09-22T08:40:38.902+0000] {subprocess.py:106} INFO - connection to server at "localhost" (127.0.0.1), port 5433 failed: Connection refused
[2026-09-22T08:40:38.903+0000] {subprocess.py:106} INFO - 	Is the server running on that host and accepting TCP/IP connections?
[2026-09-22T08:40:38.904+0000] {subprocess.py:106} INFO - 
[2026-09-22T08:40:38.905+0000] {subprocess.py:106} INFO - (Background on this error at: https://sqlalche.me/e/14/e3q8)
[2026-09-22T08:40:38.906+0000] {subprocess.py:110} INFO - Command exited with return code 1
[2026-09-22T08:40:38.918+0000] {taskinstance.py:3311} ERROR - Task failed with exception
Traceback (most recent call last):
  File "/home/airflow/.local/lib/python3.12/site-packages/airflow/models/taskinstance.py", line 767, in _execute_task
    result = _execute_callable(context=context, **execute_callable_kwargs)
             ^^^^^^^^^^^^^^^^^^^^^^^^^^^^^^^^^^^^^^^^^^^^^^^^^^^^^^^^^^^^^
  File "/home/airflow/.local/lib/python3.12/site-packages/airflow/models/taskinstance.py", line 733, in _execute_callable
    return ExecutionCallableRunner(
           ^^^^^^^^^^^^^^^^^^^^^^^^
  File "/home/airflow/.local/lib/python3.12/site-packages/airflow/utils/operator_helpers.py", line 252, in run
    return self.func(*args, **kwargs)
           ^^^^^^^^^^^^^^^^^^^^^^^^^^
  File "/home/airflow/.local/lib/python3.12/site-packages/airflow/models/baseoperator.py", line 417, in wrapper
    return func(self, *args, **kwargs)
           ^^^^^^^^^^^^^^^^^^^^^^^^^^^
  File "/home/airflow/.local/lib/python3.12/site-packages/airflow/operators/bash.py", line 276, in execute
    raise AirflowException(
airflow.exceptions.AirflowException: Bash command failed. The command returned a non-zero exit code 1.
[2026-09-22T08:40:38.929+0000] {taskinstance.py:1225} INFO - Marking task as UP_FOR_RETRY. dag_id=stock_elt_pipeline, task_id=load, run_id=scheduled__2026-09-18T18:00:00+00:00, execution_date=20260918T180000, start_date=20260922T084037, end_date=20260922T084038
[2026-09-22T08:40:38.946+0000] {taskinstance.py:340} INFO - ::group::Post task execution logs
[2026-09-22T08:40:38.948+0000] {standard_task_runner.py:124} ERROR - Failed to execute job 7 for task load (Bash command failed. The command returned a non-zero exit code 1.; 772)
Traceback (most recent call last):
  File "/home/airflow/.local/lib/python3.12/site-packages/airflow/task/task_runner/standard_task_runner.py", line 117, in _start_by_fork
    ret = args.func(args, dag=self.dag)
          ^^^^^^^^^^^^^^^^^^^^^^^^^^^^^
  File "/home/airflow/.local/lib/python3.12/site-packages/airflow/cli/cli_config.py", line 49, in command
    return func(*args, **kwargs)
           ^^^^^^^^^^^^^^^^^^^^^
  File "/home/airflow/.local/lib/python3.12/site-packages/airflow/utils/cli.py", line 116, in wrapper
    return f(*args, **kwargs)
           ^^^^^^^^^^^^^^^^^^
  File "/home/airflow/.local/lib/python3.12/site-packages/airflow/cli/commands/task_command.py", line 483, in task_run
    task_return_code = _run_task_by_selected_method(args, _dag, ti)
                       ^^^^^^^^^^^^^^^^^^^^^^^^^^^^^^^^^^^^^^^^^^^^
  File "/home/airflow/.local/lib/python3.12/site-packages/airflow/cli/commands/task_command.py", line 256, in _run_task_by_selected_method
    return _run_raw_task(args, ti)
           ^^^^^^^^^^^^^^^^^^^^^^^
  File "/home/airflow/.local/lib/python3.12/site-packages/airflow/cli/commands/task_command.py", line 341, in _run_raw_task
    return ti._run_raw_task(
           ^^^^^^^^^^^^^^^^^
  File "/home/airflow/.local/lib/python3.12/site-packages/airflow/utils/session.py", line 97, in wrapper
    return func(*args, session=session, **kwargs)
           ^^^^^^^^^^^^^^^^^^^^^^^^^^^^^^^^^^^^^^
  File "/home/airflow/.local/lib/python3.12/site-packages/airflow/models/taskinstance.py", line 3005, in _run_raw_task
    return _run_raw_task(
           ^^^^^^^^^^^^^^
  File "/home/airflow/.local/lib/python3.12/site-packages/airflow/models/taskinstance.py", line 273, in _run_raw_task
    TaskInstance._execute_task_with_callbacks(
  File "/home/airflow/.local/lib/python3.12/site-packages/airflow/models/taskinstance.py", line 3159, in _execute_task_with_callbacks
    result = self._execute_task(context, task_orig)
             ^^^^^^^^^^^^^^^^^^^^^^^^^^^^^^^^^^^^^^
  File "/home/airflow/.local/lib/python3.12/site-packages/airflow/models/taskinstance.py", line 3183, in _execute_task
    return _execute_task(self, context, task_orig)
           ^^^^^^^^^^^^^^^^^^^^^^^^^^^^^^^^^^^^^^^
  File "/home/airflow/.local/lib/python3.12/site-packages/airflow/models/taskinstance.py", line 767, in _execute_task
    result = _execute_callable(context=context, **execute_callable_kwargs)
             ^^^^^^^^^^^^^^^^^^^^^^^^^^^^^^^^^^^^^^^^^^^^^^^^^^^^^^^^^^^^^
  File "/home/airflow/.local/lib/python3.12/site-packages/airflow/models/taskinstance.py", line 733, in _execute_callable
    return ExecutionCallableRunner(
           ^^^^^^^^^^^^^^^^^^^^^^^^
  File "/home/airflow/.local/lib/python3.12/site-packages/airflow/utils/operator_helpers.py", line 252, in run
    return self.func(*args, **kwargs)
           ^^^^^^^^^^^^^^^^^^^^^^^^^^
  File "/home/airflow/.local/lib/python3.12/site-packages/airflow/models/baseoperator.py", line 417, in wrapper
    return func(self, *args, **kwargs)
           ^^^^^^^^^^^^^^^^^^^^^^^^^^^
  File "/home/airflow/.local/lib/python3.12/site-packages/airflow/operators/bash.py", line 276, in execute
    raise AirflowException(
airflow.exceptions.AirflowException: Bash command failed. The command returned a non-zero exit code 1.
[2026-09-22T08:40:38.971+0000] {local_task_job_runner.py:266} INFO - Task exited with return code 1
[2026-09-22T08:40:38.993+0000] {taskinstance.py:3895} INFO - 0 downstream tasks scheduled from follow-on schedule check
[2026-09-22T08:40:38.997+0000] {local_task_job_runner.py:245} INFO - ::endgroup::
