[2026-09-22T08:57:53.549+0000] {local_task_job_runner.py:123} INFO - ::group::Pre task execution logs
[2026-09-22T08:57:53.567+0000] {taskinstance.py:2613} INFO - Dependencies all met for dep_context=non-requeueable deps ti=<TaskInstance: stock_elt_pipeline.load scheduled__2026-09-18T18:00:00+00:00 [queued]>
[2026-09-22T08:57:53.578+0000] {taskinstance.py:2613} INFO - Dependencies all met for dep_context=requeueable deps ti=<TaskInstance: stock_elt_pipeline.load scheduled__2026-09-18T18:00:00+00:00 [queued]>
[2026-09-22T08:57:53.579+0000] {taskinstance.py:2866} INFO - Starting attempt 4 of 6
[2026-09-22T08:57:53.591+0000] {taskinstance.py:2889} INFO - Executing <Task(BashOperator): load> on 2026-09-18 18:00:00+00:00
[2026-09-22T08:57:53.597+0000] {standard_task_runner.py:104} INFO - Running: ['***', 'tasks', 'run', 'stock_elt_pipeline', 'load', 'scheduled__2026-09-18T18:00:00+00:00', '--job-id', '15', '--raw', '--subdir', 'DAGS_FOLDER/stock_pipeline_dag.py', '--cfg-path', '/tmp/tmpsw9a_soe']
[2026-09-22T08:57:53.599+0000] {standard_task_runner.py:105} INFO - Job 15: Subtask load
[2026-09-22T08:57:53.600+0000] {logging_mixin.py:190} WARNING - /home/***/.local/lib/python3.12/site-packages/***/task/task_runner/standard_task_runner.py:70 DeprecationWarning: This process (pid=357) is multi-threaded, use of fork() may lead to deadlocks in the child.
[2026-09-22T08:57:53.603+0000] {standard_task_runner.py:72} INFO - Started process 358 to run task
[2026-09-22T08:57:53.647+0000] {task_command.py:467} INFO - Running <TaskInstance: stock_elt_pipeline.load scheduled__2026-09-18T18:00:00+00:00 [running]> on host d82c040dd174
[2026-09-22T08:57:53.714+0000] {taskinstance.py:3132} INFO - Exporting env vars: AIRFLOW_CTX_DAG_OWNER='keerthi' AIRFLOW_CTX_DAG_ID='stock_elt_pipeline' AIRFLOW_CTX_TASK_ID='load' AIRFLOW_CTX_EXECUTION_DATE='2026-09-18T18:00:00+00:00' AIRFLOW_CTX_TRY_NUMBER='4' AIRFLOW_CTX_DAG_RUN_ID='scheduled__2026-09-18T18:00:00+00:00'
[2026-09-22T08:57:53.717+0000] {taskinstance.py:731} INFO - ::endgroup::
[2026-09-22T08:57:53.731+0000] {subprocess.py:78} INFO - Tmp dir root location: /tmp
[2026-09-22T08:57:53.733+0000] {subprocess.py:88} INFO - Running command: ['/usr/bin/bash', '-c', 'cd /opt/*** && python src/load.py']
[2026-09-22T08:57:53.740+0000] {subprocess.py:99} INFO - Output:
[2026-09-22T08:57:54.783+0000] {subprocess.py:106} INFO - Load complete. Processed 220 fact rows (duplicates safely skipped).
[2026-09-22T08:57:54.854+0000] {subprocess.py:110} INFO - Command exited with return code 0
[2026-09-22T08:57:54.876+0000] {taskinstance.py:340} INFO - ::group::Post task execution logs
[2026-09-22T08:57:54.878+0000] {taskinstance.py:352} INFO - Marking task as SUCCESS. dag_id=stock_elt_pipeline, task_id=load, run_id=scheduled__2026-09-18T18:00:00+00:00, execution_date=20260918T180000, start_date=20260922T085753, end_date=20260922T085754
[2026-09-22T08:57:54.906+0000] {local_task_job_runner.py:266} INFO - Task exited with return code 0
[2026-09-22T08:57:54.922+0000] {taskinstance.py:3895} INFO - 1 downstream tasks scheduled from follow-on schedule check
[2026-09-22T08:57:54.927+0000] {local_task_job_runner.py:245} INFO - ::endgroup::
