[2026-09-22T08:45:39.532+0000] {local_task_job_runner.py:123} INFO - ::group::Pre task execution logs
[2026-09-22T08:45:39.549+0000] {taskinstance.py:2613} INFO - Dependencies all met for dep_context=non-requeueable deps ti=<TaskInstance: stock_elt_pipeline.load scheduled__2026-09-18T18:00:00+00:00 [queued]>
[2026-09-22T08:45:39.559+0000] {taskinstance.py:2613} INFO - Dependencies all met for dep_context=requeueable deps ti=<TaskInstance: stock_elt_pipeline.load scheduled__2026-09-18T18:00:00+00:00 [queued]>
[2026-09-22T08:45:39.562+0000] {taskinstance.py:2866} INFO - Starting attempt 2 of 3
[2026-09-22T08:45:39.576+0000] {taskinstance.py:2889} INFO - Executing <Task(BashOperator): load> on 2026-09-18 18:00:00+00:00
[2026-09-22T08:45:39.585+0000] {logging_mixin.py:190} WARNING - /home/***/.local/lib/python3.12/site-packages/***/task/task_runner/standard_task_runner.py:70 DeprecationWarning: This process (pid=985) is multi-threaded, use of fork() may lead to deadlocks in the child.
[2026-09-22T08:45:39.585+0000] {standard_task_runner.py:104} INFO - Running: ['***', 'tasks', 'run', 'stock_elt_pipeline', 'load', 'scheduled__2026-09-18T18:00:00+00:00', '--job-id', '9', '--raw', '--subdir', 'DAGS_FOLDER/stock_pipeline_dag.py', '--cfg-path', '/tmp/tmpygcjbf_9']
[2026-09-22T08:45:39.588+0000] {standard_task_runner.py:72} INFO - Started process 986 to run task
[2026-09-22T08:45:39.590+0000] {standard_task_runner.py:105} INFO - Job 9: Subtask load
[2026-09-22T08:45:39.642+0000] {task_command.py:467} INFO - Running <TaskInstance: stock_elt_pipeline.load scheduled__2026-09-18T18:00:00+00:00 [running]> on host 39abfacf40a6
[2026-09-22T08:45:39.713+0000] {taskinstance.py:3132} INFO - Exporting env vars: AIRFLOW_CTX_DAG_OWNER='keerthi' AIRFLOW_CTX_DAG_ID='stock_elt_pipeline' AIRFLOW_CTX_TASK_ID='load' AIRFLOW_CTX_EXECUTION_DATE='2026-09-18T18:00:00+00:00' AIRFLOW_CTX_TRY_NUMBER='2' AIRFLOW_CTX_DAG_RUN_ID='scheduled__2026-09-18T18:00:00+00:00'
[2026-09-22T08:45:39.715+0000] {taskinstance.py:731} INFO - ::endgroup::
[2026-09-22T08:45:39.732+0000] {subprocess.py:78} INFO - Tmp dir root location: /tmp
[2026-09-22T08:45:39.734+0000] {subprocess.py:88} INFO - Running command: ['/usr/bin/bash', '-c', 'cd /opt/*** && python src/load.py']
[2026-09-22T08:45:39.742+0000] {subprocess.py:99} INFO - Output:
[2026-09-22T08:45:40.714+0000] {subprocess.py:106} INFO - Traceback (most recent call last):
[2026-09-22T08:45:40.716+0000] {subprocess.py:106} INFO -   File "/home/***/.local/lib/python3.12/site-packages/sqlalchemy/engine/base.py", line 3371, in _wrap_pool_connect
[2026-09-22T08:45:40.721+0000] {subprocess.py:106} INFO -     return fn()
[2026-09-22T08:45:40.722+0000] {subprocess.py:106} INFO -            ^^^^
[2026-09-22T08:45:40.723+0000] {subprocess.py:106} INFO -   File "/home/***/.local/lib/python3.12/site-packages/sqlalchemy/pool/base.py", line 327, in connect
[2026-09-22T08:45:40.724+0000] {subprocess.py:106} INFO -     return _ConnectionFairy._checkout(self)
[2026-09-22T08:45:40.725+0000] {subprocess.py:106} INFO -            ^^^^^^^^^^^^^^^^^^^^^^^^^^^^^^^^
[2026-09-22T08:45:40.725+0000] {subprocess.py:106} INFO -   File "/home/***/.local/lib/python3.12/site-packages/sqlalchemy/pool/base.py", line 894, in _checkout
[2026-09-22T08:45:40.726+0000] {subprocess.py:106} INFO -     fairy = _ConnectionRecord.checkout(pool)
[2026-09-22T08:45:40.728+0000] {subprocess.py:106} INFO -             ^^^^^^^^^^^^^^^^^^^^^^^^^^^^^^^^
[2026-09-22T08:45:40.729+0000] {subprocess.py:106} INFO -   File "/home/***/.local/lib/python3.12/site-packages/sqlalchemy/pool/base.py", line 493, in checkout
[2026-09-22T08:45:40.731+0000] {subprocess.py:106} INFO -     rec = pool._do_get()
[2026-09-22T08:45:40.733+0000] {subprocess.py:106} INFO -           ^^^^^^^^^^^^^^
[2026-09-22T08:45:40.735+0000] {subprocess.py:106} INFO -   File "/home/***/.local/lib/python3.12/site-packages/sqlalchemy/pool/impl.py", line 145, in _do_get
[2026-09-22T08:45:40.736+0000] {subprocess.py:106} INFO -     with util.safe_reraise():
[2026-09-22T08:45:40.737+0000] {subprocess.py:106} INFO -          ^^^^^^^^^^^^^^^^^^^
[2026-09-22T08:45:40.738+0000] {subprocess.py:106} INFO -   File "/home/***/.local/lib/python3.12/site-packages/sqlalchemy/util/langhelpers.py", line 70, in __exit__
[2026-09-22T08:45:40.739+0000] {subprocess.py:106} INFO -     compat.raise_(
[2026-09-22T08:45:40.740+0000] {subprocess.py:106} INFO -   File "/home/***/.local/lib/python3.12/site-packages/sqlalchemy/util/compat.py", line 211, in raise_
[2026-09-22T08:45:40.741+0000] {subprocess.py:106} INFO -     raise exception
[2026-09-22T08:45:40.741+0000] {subprocess.py:106} INFO -   File "/home/***/.local/lib/python3.12/site-packages/sqlalchemy/pool/impl.py", line 143, in _do_get
[2026-09-22T08:45:40.742+0000] {subprocess.py:106} INFO -     return self._create_connection()
[2026-09-22T08:45:40.743+0000] {subprocess.py:106} INFO -            ^^^^^^^^^^^^^^^^^^^^^^^^^
[2026-09-22T08:45:40.744+0000] {subprocess.py:106} INFO -   File "/home/***/.local/lib/python3.12/site-packages/sqlalchemy/pool/base.py", line 273, in _create_connection
[2026-09-22T08:45:40.745+0000] {subprocess.py:106} INFO -     return _ConnectionRecord(self)
[2026-09-22T08:45:40.748+0000] {subprocess.py:106} INFO -            ^^^^^^^^^^^^^^^^^^^^^^^
[2026-09-22T08:45:40.749+0000] {subprocess.py:106} INFO -   File "/home/***/.local/lib/python3.12/site-packages/sqlalchemy/pool/base.py", line 388, in __init__
[2026-09-22T08:45:40.750+0000] {subprocess.py:106} INFO -     self.__connect()
[2026-09-22T08:45:40.751+0000] {subprocess.py:106} INFO -   File "/home/***/.local/lib/python3.12/site-packages/sqlalchemy/pool/base.py", line 690, in __connect
[2026-09-22T08:45:40.752+0000] {subprocess.py:106} INFO -     with util.safe_reraise():
[2026-09-22T08:45:40.753+0000] {subprocess.py:106} INFO -          ^^^^^^^^^^^^^^^^^^^
[2026-09-22T08:45:40.754+0000] {subprocess.py:106} INFO -   File "/home/***/.local/lib/python3.12/site-packages/sqlalchemy/util/langhelpers.py", line 70, in __exit__
[2026-09-22T08:45:40.755+0000] {subprocess.py:106} INFO -     compat.raise_(
[2026-09-22T08:45:40.756+0000] {subprocess.py:106} INFO -   File "/home/***/.local/lib/python3.12/site-packages/sqlalchemy/util/compat.py", line 211, in raise_
[2026-09-22T08:45:40.758+0000] {subprocess.py:106} INFO -     raise exception
[2026-09-22T08:45:40.759+0000] {subprocess.py:106} INFO -   File "/home/***/.local/lib/python3.12/site-packages/sqlalchemy/pool/base.py", line 686, in __connect
[2026-09-22T08:45:40.760+0000] {subprocess.py:106} INFO -     self.dbapi_connection = connection = pool._invoke_creator(self)
[2026-09-22T08:45:40.760+0000] {subprocess.py:106} INFO -                                          ^^^^^^^^^^^^^^^^^^^^^^^^^^
[2026-09-22T08:45:40.762+0000] {subprocess.py:106} INFO -   File "/home/***/.local/lib/python3.12/site-packages/sqlalchemy/engine/create.py", line 574, in connect
[2026-09-22T08:45:40.763+0000] {subprocess.py:106} INFO -     return dialect.connect(*cargs, **cparams)
[2026-09-22T08:45:40.764+0000] {subprocess.py:106} INFO -            ^^^^^^^^^^^^^^^^^^^^^^^^^^^^^^^^^^
[2026-09-22T08:45:40.765+0000] {subprocess.py:106} INFO -   File "/home/***/.local/lib/python3.12/site-packages/sqlalchemy/engine/default.py", line 598, in connect
[2026-09-22T08:45:40.766+0000] {subprocess.py:106} INFO -     return self.dbapi.connect(*cargs, **cparams)
[2026-09-22T08:45:40.767+0000] {subprocess.py:106} INFO -            ^^^^^^^^^^^^^^^^^^^^^^^^^^^^^^^^^^^^^
[2026-09-22T08:45:40.768+0000] {subprocess.py:106} INFO -   File "/home/***/.local/lib/python3.12/site-packages/psycopg2/__init__.py", line 122, in connect
[2026-09-22T08:45:40.769+0000] {subprocess.py:106} INFO -     conn = _connect(dsn, connection_factory=connection_factory, **kwasync)
[2026-09-22T08:45:40.769+0000] {subprocess.py:106} INFO -            ^^^^^^^^^^^^^^^^^^^^^^^^^^^^^^^^^^^^^^^^^^^^^^^^^^^^^^^^^^^^^^^
[2026-09-22T08:45:40.770+0000] {subprocess.py:106} INFO - psycopg2.OperationalError: connection to server at "localhost" (::1), port 5433 failed: Connection refused
[2026-09-22T08:45:40.771+0000] {subprocess.py:106} INFO - 	Is the server running on that host and accepting TCP/IP connections?
[2026-09-22T08:45:40.772+0000] {subprocess.py:106} INFO - connection to server at "localhost" (127.0.0.1), port 5433 failed: Connection refused
[2026-09-22T08:45:40.773+0000] {subprocess.py:106} INFO - 	Is the server running on that host and accepting TCP/IP connections?
[2026-09-22T08:45:40.774+0000] {subprocess.py:106} INFO - 
[2026-09-22T08:45:40.775+0000] {subprocess.py:106} INFO - 
[2026-09-22T08:45:40.775+0000] {subprocess.py:106} INFO - The above exception was the direct cause of the following exception:
[2026-09-22T08:45:40.776+0000] {subprocess.py:106} INFO - 
[2026-09-22T08:45:40.777+0000] {subprocess.py:106} INFO - Traceback (most recent call last):
[2026-09-22T08:45:40.778+0000] {subprocess.py:106} INFO -   File "/opt/***/src/load.py", line 90, in <module>
[2026-09-22T08:45:40.780+0000] {subprocess.py:106} INFO -     load()
[2026-09-22T08:45:40.782+0000] {subprocess.py:106} INFO -   File "/opt/***/src/load.py", line 29, in load
[2026-09-22T08:45:40.783+0000] {subprocess.py:106} INFO -     run_ddl(engine)
[2026-09-22T08:45:40.784+0000] {subprocess.py:106} INFO -   File "/opt/***/src/load.py", line 20, in run_ddl
[2026-09-22T08:45:40.784+0000] {subprocess.py:106} INFO -     with engine.begin() as conn:
[2026-09-22T08:45:40.785+0000] {subprocess.py:106} INFO -          ^^^^^^^^^^^^^^
[2026-09-22T08:45:40.786+0000] {subprocess.py:106} INFO -   File "/home/***/.local/lib/python3.12/site-packages/sqlalchemy/engine/base.py", line 3153, in begin
[2026-09-22T08:45:40.787+0000] {subprocess.py:106} INFO -     conn = self.connect(close_with_result=close_with_result)
[2026-09-22T08:45:40.788+0000] {subprocess.py:106} INFO -            ^^^^^^^^^^^^^^^^^^^^^^^^^^^^^^^^^^^^^^^^^^^^^^^^^
[2026-09-22T08:45:40.788+0000] {subprocess.py:106} INFO -   File "/home/***/.local/lib/python3.12/site-packages/sqlalchemy/engine/base.py", line 3325, in connect
[2026-09-22T08:45:40.789+0000] {subprocess.py:106} INFO -     return self._connection_cls(self, close_with_result=close_with_result)
[2026-09-22T08:45:40.790+0000] {subprocess.py:106} INFO -            ^^^^^^^^^^^^^^^^^^^^^^^^^^^^^^^^^^^^^^^^^^^^^^^^^^^^^^^^^^^^^^^
[2026-09-22T08:45:40.791+0000] {subprocess.py:106} INFO -   File "/home/***/.local/lib/python3.12/site-packages/sqlalchemy/engine/base.py", line 96, in __init__
[2026-09-22T08:45:40.791+0000] {subprocess.py:106} INFO -     else engine.raw_connection()
[2026-09-22T08:45:40.793+0000] {subprocess.py:106} INFO -          ^^^^^^^^^^^^^^^^^^^^^^^
[2026-09-22T08:45:40.794+0000] {subprocess.py:106} INFO -   File "/home/***/.local/lib/python3.12/site-packages/sqlalchemy/engine/base.py", line 3404, in raw_connection
[2026-09-22T08:45:40.794+0000] {subprocess.py:106} INFO -     return self._wrap_pool_connect(self.pool.connect, _connection)
[2026-09-22T08:45:40.797+0000] {subprocess.py:106} INFO -            ^^^^^^^^^^^^^^^^^^^^^^^^^^^^^^^^^^^^^^^^^^^^^^^^^^^^^^^
[2026-09-22T08:45:40.798+0000] {subprocess.py:106} INFO -   File "/home/***/.local/lib/python3.12/site-packages/sqlalchemy/engine/base.py", line 3374, in _wrap_pool_connect
[2026-09-22T08:45:40.799+0000] {subprocess.py:106} INFO -     Connection._handle_dbapi_exception_noconnection(
[2026-09-22T08:45:40.800+0000] {subprocess.py:106} INFO -   File "/home/***/.local/lib/python3.12/site-packages/sqlalchemy/engine/base.py", line 2208, in _handle_dbapi_exception_noconnection
[2026-09-22T08:45:40.801+0000] {subprocess.py:106} INFO -     util.raise_(
[2026-09-22T08:45:40.803+0000] {subprocess.py:106} INFO -   File "/home/***/.local/lib/python3.12/site-packages/sqlalchemy/util/compat.py", line 211, in raise_
[2026-09-22T08:45:40.804+0000] {subprocess.py:106} INFO -     raise exception
[2026-09-22T08:45:40.805+0000] {subprocess.py:106} INFO -   File "/home/***/.local/lib/python3.12/site-packages/sqlalchemy/engine/base.py", line 3371, in _wrap_pool_connect
[2026-09-22T08:45:40.806+0000] {subprocess.py:106} INFO -     return fn()
[2026-09-22T08:45:40.811+0000] {subprocess.py:106} INFO -            ^^^^
[2026-09-22T08:45:40.815+0000] {subprocess.py:106} INFO -   File "/home/***/.local/lib/python3.12/site-packages/sqlalchemy/pool/base.py", line 327, in connect
[2026-09-22T08:45:40.817+0000] {subprocess.py:106} INFO -     return _ConnectionFairy._checkout(self)
[2026-09-22T08:45:40.818+0000] {subprocess.py:106} INFO -            ^^^^^^^^^^^^^^^^^^^^^^^^^^^^^^^^
[2026-09-22T08:45:40.818+0000] {subprocess.py:106} INFO -   File "/home/***/.local/lib/python3.12/site-packages/sqlalchemy/pool/base.py", line 894, in _checkout
[2026-09-22T08:45:40.819+0000] {subprocess.py:106} INFO -     fairy = _ConnectionRecord.checkout(pool)
[2026-09-22T08:45:40.820+0000] {subprocess.py:106} INFO -             ^^^^^^^^^^^^^^^^^^^^^^^^^^^^^^^^
[2026-09-22T08:45:40.821+0000] {subprocess.py:106} INFO -   File "/home/***/.local/lib/python3.12/site-packages/sqlalchemy/pool/base.py", line 493, in checkout
[2026-09-22T08:45:40.822+0000] {subprocess.py:106} INFO -     rec = pool._do_get()
[2026-09-22T08:45:40.823+0000] {subprocess.py:106} INFO -           ^^^^^^^^^^^^^^
[2026-09-22T08:45:40.824+0000] {subprocess.py:106} INFO -   File "/home/***/.local/lib/python3.12/site-packages/sqlalchemy/pool/impl.py", line 145, in _do_get
[2026-09-22T08:45:40.825+0000] {subprocess.py:106} INFO -     with util.safe_reraise():
[2026-09-22T08:45:40.826+0000] {subprocess.py:106} INFO -          ^^^^^^^^^^^^^^^^^^^
[2026-09-22T08:45:40.827+0000] {subprocess.py:106} INFO -   File "/home/***/.local/lib/python3.12/site-packages/sqlalchemy/util/langhelpers.py", line 70, in __exit__
[2026-09-22T08:45:40.828+0000] {subprocess.py:106} INFO -     compat.raise_(
[2026-09-22T08:45:40.829+0000] {subprocess.py:106} INFO -   File "/home/***/.local/lib/python3.12/site-packages/sqlalchemy/util/compat.py", line 211, in raise_
[2026-09-22T08:45:40.830+0000] {subprocess.py:106} INFO -     raise exception
[2026-09-22T08:45:40.831+0000] {subprocess.py:106} INFO -   File "/home/***/.local/lib/python3.12/site-packages/sqlalchemy/pool/impl.py", line 143, in _do_get
[2026-09-22T08:45:40.832+0000] {subprocess.py:106} INFO -     return self._create_connection()
[2026-09-22T08:45:40.833+0000] {subprocess.py:106} INFO -            ^^^^^^^^^^^^^^^^^^^^^^^^^
[2026-09-22T08:45:40.834+0000] {subprocess.py:106} INFO -   File "/home/***/.local/lib/python3.12/site-packages/sqlalchemy/pool/base.py", line 273, in _create_connection
[2026-09-22T08:45:40.834+0000] {subprocess.py:106} INFO -     return _ConnectionRecord(self)
[2026-09-22T08:45:40.835+0000] {subprocess.py:106} INFO -            ^^^^^^^^^^^^^^^^^^^^^^^
[2026-09-22T08:45:40.835+0000] {subprocess.py:106} INFO -   File "/home/***/.local/lib/python3.12/site-packages/sqlalchemy/pool/base.py", line 388, in __init__
[2026-09-22T08:45:40.836+0000] {subprocess.py:106} INFO -     self.__connect()
[2026-09-22T08:45:40.836+0000] {subprocess.py:106} INFO -   File "/home/***/.local/lib/python3.12/site-packages/sqlalchemy/pool/base.py", line 690, in __connect
[2026-09-22T08:45:40.837+0000] {subprocess.py:106} INFO -     with util.safe_reraise():
[2026-09-22T08:45:40.838+0000] {subprocess.py:106} INFO -          ^^^^^^^^^^^^^^^^^^^
[2026-09-22T08:45:40.839+0000] {subprocess.py:106} INFO -   File "/home/***/.local/lib/python3.12/site-packages/sqlalchemy/util/langhelpers.py", line 70, in __exit__
[2026-09-22T08:45:40.839+0000] {subprocess.py:106} INFO -     compat.raise_(
[2026-09-22T08:45:40.840+0000] {subprocess.py:106} INFO -   File "/home/***/.local/lib/python3.12/site-packages/sqlalchemy/util/compat.py", line 211, in raise_
[2026-09-22T08:45:40.840+0000] {subprocess.py:106} INFO -     raise exception
[2026-09-22T08:45:40.841+0000] {subprocess.py:106} INFO -   File "/home/***/.local/lib/python3.12/site-packages/sqlalchemy/pool/base.py", line 686, in __connect
[2026-09-22T08:45:40.841+0000] {subprocess.py:106} INFO -     self.dbapi_connection = connection = pool._invoke_creator(self)
[2026-09-22T08:45:40.842+0000] {subprocess.py:106} INFO -                                          ^^^^^^^^^^^^^^^^^^^^^^^^^^
[2026-09-22T08:45:40.843+0000] {subprocess.py:106} INFO -   File "/home/***/.local/lib/python3.12/site-packages/sqlalchemy/engine/create.py", line 574, in connect
[2026-09-22T08:45:40.843+0000] {subprocess.py:106} INFO -     return dialect.connect(*cargs, **cparams)
[2026-09-22T08:45:40.844+0000] {subprocess.py:106} INFO -            ^^^^^^^^^^^^^^^^^^^^^^^^^^^^^^^^^^
[2026-09-22T08:45:40.845+0000] {subprocess.py:106} INFO -   File "/home/***/.local/lib/python3.12/site-packages/sqlalchemy/engine/default.py", line 598, in connect
[2026-09-22T08:45:40.845+0000] {subprocess.py:106} INFO -     return self.dbapi.connect(*cargs, **cparams)
[2026-09-22T08:45:40.847+0000] {subprocess.py:106} INFO -            ^^^^^^^^^^^^^^^^^^^^^^^^^^^^^^^^^^^^^
[2026-09-22T08:45:40.848+0000] {subprocess.py:106} INFO -   File "/home/***/.local/lib/python3.12/site-packages/psycopg2/__init__.py", line 122, in connect
[2026-09-22T08:45:40.849+0000] {subprocess.py:106} INFO -     conn = _connect(dsn, connection_factory=connection_factory, **kwasync)
[2026-09-22T08:45:40.850+0000] {subprocess.py:106} INFO -            ^^^^^^^^^^^^^^^^^^^^^^^^^^^^^^^^^^^^^^^^^^^^^^^^^^^^^^^^^^^^^^^
[2026-09-22T08:45:40.850+0000] {subprocess.py:106} INFO - sqlalchemy.exc.OperationalError: (psycopg2.OperationalError) connection to server at "localhost" (::1), port 5433 failed: Connection refused
[2026-09-22T08:45:40.851+0000] {subprocess.py:106} INFO - 	Is the server running on that host and accepting TCP/IP connections?
[2026-09-22T08:45:40.852+0000] {subprocess.py:106} INFO - connection to server at "localhost" (127.0.0.1), port 5433 failed: Connection refused
[2026-09-22T08:45:40.852+0000] {subprocess.py:106} INFO - 	Is the server running on that host and accepting TCP/IP connections?
[2026-09-22T08:45:40.853+0000] {subprocess.py:106} INFO - 
[2026-09-22T08:45:40.854+0000] {subprocess.py:106} INFO - (Background on this error at: https://sqlalche.me/e/14/e3q8)
[2026-09-22T08:45:40.855+0000] {subprocess.py:110} INFO - Command exited with return code 1
[2026-09-22T08:45:40.864+0000] {taskinstance.py:3311} ERROR - Task failed with exception
Traceback (most recent call last):
  File "/home/airflow/.local/lib/python3.12/site-packages/airflow/models/taskinstance.py", line 767, in _execute_task
    result = _execute_callable(context=context, **execute_callable_kwargs)
             ^^^^^^^^^^^^^^^^^^^^^^^^^^^^^^^^^^^^^^^^^^^^^^^^^^^^^^^^^^^^^
  File "/home/airflow/.local/lib/python3.12/site-packages/airflow/models/taskinstance.py", line 733, in _execute_callable
    return ExecutionCallableRunner(
           ^^^^^^^^^^^^^^^^^^^^^^^^
  File "/home/airflow/.local/lib/python3.12/site-packages/airflow/utils/operator_helpers.py", line 252, in run
    return self.func(*args, **kwargs)
           ^^^^^^^^^^^^^^^^^^^^^^^^^^
  File "/home/airflow/.local/lib/python3.12/site-packages/airflow/models/baseoperator.py", line 417, in wrapper
    return func(self, *args, **kwargs)
           ^^^^^^^^^^^^^^^^^^^^^^^^^^^
  File "/home/airflow/.local/lib/python3.12/site-packages/airflow/operators/bash.py", line 276, in execute
    raise AirflowException(
airflow.exceptions.AirflowException: Bash command failed. The command returned a non-zero exit code 1.
[2026-09-22T08:45:40.872+0000] {taskinstance.py:1225} INFO - Marking task as UP_FOR_RETRY. dag_id=stock_elt_pipeline, task_id=load, run_id=scheduled__2026-09-18T18:00:00+00:00, execution_date=20260918T180000, start_date=20260922T084539, end_date=20260922T084540
[2026-09-22T08:45:40.886+0000] {taskinstance.py:340} INFO - ::group::Post task execution logs
[2026-09-22T08:45:40.888+0000] {standard_task_runner.py:124} ERROR - Failed to execute job 9 for task load (Bash command failed. The command returned a non-zero exit code 1.; 986)
Traceback (most recent call last):
  File "/home/airflow/.local/lib/python3.12/site-packages/airflow/task/task_runner/standard_task_runner.py", line 117, in _start_by_fork
    ret = args.func(args, dag=self.dag)
          ^^^^^^^^^^^^^^^^^^^^^^^^^^^^^
  File "/home/airflow/.local/lib/python3.12/site-packages/airflow/cli/cli_config.py", line 49, in command
    return func(*args, **kwargs)
           ^^^^^^^^^^^^^^^^^^^^^
  File "/home/airflow/.local/lib/python3.12/site-packages/airflow/utils/cli.py", line 116, in wrapper
    return f(*args, **kwargs)
           ^^^^^^^^^^^^^^^^^^
  File "/home/airflow/.local/lib/python3.12/site-packages/airflow/cli/commands/task_command.py", line 483, in task_run
    task_return_code = _run_task_by_selected_method(args, _dag, ti)
                       ^^^^^^^^^^^^^^^^^^^^^^^^^^^^^^^^^^^^^^^^^^^^
  File "/home/airflow/.local/lib/python3.12/site-packages/airflow/cli/commands/task_command.py", line 256, in _run_task_by_selected_method
    return _run_raw_task(args, ti)
           ^^^^^^^^^^^^^^^^^^^^^^^
  File "/home/airflow/.local/lib/python3.12/site-packages/airflow/cli/commands/task_command.py", line 341, in _run_raw_task
    return ti._run_raw_task(
           ^^^^^^^^^^^^^^^^^
  File "/home/airflow/.local/lib/python3.12/site-packages/airflow/utils/session.py", line 97, in wrapper
    return func(*args, session=session, **kwargs)
           ^^^^^^^^^^^^^^^^^^^^^^^^^^^^^^^^^^^^^^
  File "/home/airflow/.local/lib/python3.12/site-packages/airflow/models/taskinstance.py", line 3005, in _run_raw_task
    return _run_raw_task(
           ^^^^^^^^^^^^^^
  File "/home/airflow/.local/lib/python3.12/site-packages/airflow/models/taskinstance.py", line 273, in _run_raw_task
    TaskInstance._execute_task_with_callbacks(
  File "/home/airflow/.local/lib/python3.12/site-packages/airflow/models/taskinstance.py", line 3159, in _execute_task_with_callbacks
    result = self._execute_task(context, task_orig)
             ^^^^^^^^^^^^^^^^^^^^^^^^^^^^^^^^^^^^^^
  File "/home/airflow/.local/lib/python3.12/site-packages/airflow/models/taskinstance.py", line 3183, in _execute_task
    return _execute_task(self, context, task_orig)
           ^^^^^^^^^^^^^^^^^^^^^^^^^^^^^^^^^^^^^^^
  File "/home/airflow/.local/lib/python3.12/site-packages/airflow/models/taskinstance.py", line 767, in _execute_task
    result = _execute_callable(context=context, **execute_callable_kwargs)
             ^^^^^^^^^^^^^^^^^^^^^^^^^^^^^^^^^^^^^^^^^^^^^^^^^^^^^^^^^^^^^
  File "/home/airflow/.local/lib/python3.12/site-packages/airflow/models/taskinstance.py", line 733, in _execute_callable
    return ExecutionCallableRunner(
           ^^^^^^^^^^^^^^^^^^^^^^^^
  File "/home/airflow/.local/lib/python3.12/site-packages/airflow/utils/operator_helpers.py", line 252, in run
    return self.func(*args, **kwargs)
           ^^^^^^^^^^^^^^^^^^^^^^^^^^
  File "/home/airflow/.local/lib/python3.12/site-packages/airflow/models/baseoperator.py", line 417, in wrapper
    return func(self, *args, **kwargs)
           ^^^^^^^^^^^^^^^^^^^^^^^^^^^
  File "/home/airflow/.local/lib/python3.12/site-packages/airflow/operators/bash.py", line 276, in execute
    raise AirflowException(
airflow.exceptions.AirflowException: Bash command failed. The command returned a non-zero exit code 1.
[2026-09-22T08:45:40.931+0000] {local_task_job_runner.py:266} INFO - Task exited with return code 1
[2026-09-22T08:45:40.954+0000] {taskinstance.py:3895} INFO - 0 downstream tasks scheduled from follow-on schedule check
[2026-09-22T08:45:40.959+0000] {local_task_job_runner.py:245} INFO - ::endgroup::
